[2025-12-14T16:17:02.932+0000] {local_task_job_runner.py:120} INFO - ::group::Pre task execution logs
[2025-12-14T16:17:02.973+0000] {taskinstance.py:2076} INFO - Dependencies all met for dep_context=non-requeueable deps ti=<TaskInstance: update_db.staging_table manual__2025-12-14T16:17:00.852471+00:00 [queued]>
[2025-12-14T16:17:02.985+0000] {taskinstance.py:2076} INFO - Dependencies all met for dep_context=requeueable deps ti=<TaskInstance: update_db.staging_table manual__2025-12-14T16:17:00.852471+00:00 [queued]>
[2025-12-14T16:17:02.986+0000] {taskinstance.py:2306} INFO - Starting attempt 1 of 1
[2025-12-14T16:17:03.008+0000] {taskinstance.py:2330} INFO - Executing <Task(_PythonDecoratedOperator): staging_table> on 2025-12-14 16:17:00.852471+00:00
[2025-12-14T16:17:03.016+0000] {standard_task_runner.py:63} INFO - Started process 4701 to run task
[2025-12-14T16:17:03.022+0000] {standard_task_runner.py:90} INFO - Running: ['airflow', 'tasks', 'run', 'update_db', 'staging_table', 'manual__2025-12-14T16:17:00.852471+00:00', '--job-id', '12', '--raw', '--subdir', 'DAGS_FOLDER/main.py', '--cfg-path', '/tmp/tmpu6i1_6ki']
[2025-12-14T16:17:03.026+0000] {standard_task_runner.py:91} INFO - Job 12: Subtask staging_table
[2025-12-14T16:17:03.123+0000] {task_command.py:426} INFO - Running <TaskInstance: update_db.staging_table manual__2025-12-14T16:17:00.852471+00:00 [running]> on host 028d998475be
[2025-12-14T16:17:03.239+0000] {taskinstance.py:2648} INFO - Exporting env vars: AIRFLOW_CTX_DAG_EMAIL='data@engineers.com' AIRFLOW_CTX_DAG_OWNER='dataengineers' AIRFLOW_CTX_DAG_ID='update_db' AIRFLOW_CTX_TASK_ID='staging_table' AIRFLOW_CTX_EXECUTION_DATE='2025-12-14T16:17:00.852471+00:00' AIRFLOW_CTX_TRY_NUMBER='1' AIRFLOW_CTX_DAG_RUN_ID='manual__2025-12-14T16:17:00.852471+00:00'
[2025-12-14T16:17:03.241+0000] {taskinstance.py:430} INFO - ::endgroup::
[2025-12-14T16:17:03.290+0000] {base.py:84} INFO - Using connection ID 'postgres_db_yt_elt' for task execution.
[2025-12-14T16:17:03.297+0000] {data_loading.py:12} INFO - Processing file: ENG_data_2025-12-14
[2025-12-14T16:17:03.323+0000] {base.py:84} INFO - Using connection ID 'postgres_db_yt_elt' for task execution.
[2025-12-14T16:17:03.332+0000] {base.py:84} INFO - Using connection ID 'postgres_db_yt_elt' for task execution.
[2025-12-14T16:17:03.341+0000] {dwh.py:48} ERROR - An error occurred during the update of staging table: column "Video_ID" does not exist
LINE 1: SELECT "Video_ID" FROM staging.yt_api;
               ^
HINT:  Perhaps you meant to reference the column "yt_api.Video_id".

[2025-12-14T16:17:03.342+0000] {taskinstance.py:441} INFO - ::group::Post task execution logs
[2025-12-14T16:17:03.343+0000] {taskinstance.py:2905} ERROR - Task failed with exception
Traceback (most recent call last):
  File "/home/airflow/.local/lib/python3.10/site-packages/airflow/models/taskinstance.py", line 465, in _execute_task
    result = _execute_callable(context=context, **execute_callable_kwargs)
  File "/home/airflow/.local/lib/python3.10/site-packages/airflow/models/taskinstance.py", line 432, in _execute_callable
    return execute_callable(context=context, **execute_callable_kwargs)
  File "/home/airflow/.local/lib/python3.10/site-packages/airflow/models/baseoperator.py", line 401, in wrapper
    return func(self, *args, **kwargs)
  File "/home/airflow/.local/lib/python3.10/site-packages/airflow/decorators/base.py", line 265, in execute
    return_value = super().execute(context)
  File "/home/airflow/.local/lib/python3.10/site-packages/airflow/models/baseoperator.py", line 401, in wrapper
    return func(self, *args, **kwargs)
  File "/home/airflow/.local/lib/python3.10/site-packages/airflow/operators/python.py", line 235, in execute
    return_value = self.execute_callable()
  File "/home/airflow/.local/lib/python3.10/site-packages/airflow/operators/python.py", line 252, in execute_callable
    return self.python_callable(*self.op_args, **self.op_kwargs)
  File "/opt/airflow/dags/datawarehouse/dwh.py", line 49, in staging_table
    raise e
  File "/opt/airflow/dags/datawarehouse/dwh.py", line 27, in staging_table
    table_ids = get_video_ids(cur, schema)
  File "/opt/airflow/dags/datawarehouse/data_utils.py", line 61, in get_video_ids
    cur.execute(f"""SELECT "Video_ID" FROM {schema}.{table};""")
  File "/home/airflow/.local/lib/python3.10/site-packages/psycopg2/extras.py", line 236, in execute
    return super().execute(query, vars)
psycopg2.errors.UndefinedColumn: column "Video_ID" does not exist
LINE 1: SELECT "Video_ID" FROM staging.yt_api;
               ^
HINT:  Perhaps you meant to reference the column "yt_api.Video_id".

[2025-12-14T16:17:03.363+0000] {taskinstance.py:1206} INFO - Marking task as FAILED. dag_id=update_db, task_id=staging_table, run_id=manual__2025-12-14T16:17:00.852471+00:00, execution_date=20251214T161700, start_date=20251214T161702, end_date=20251214T161703
[2025-12-14T16:17:03.380+0000] {standard_task_runner.py:110} ERROR - Failed to execute job 12 for task staging_table (column "Video_ID" does not exist
LINE 1: SELECT "Video_ID" FROM staging.yt_api;
               ^
HINT:  Perhaps you meant to reference the column "yt_api.Video_id".
; 4701)
[2025-12-14T16:17:03.398+0000] {local_task_job_runner.py:240} INFO - Task exited with return code 1
[2025-12-14T16:17:03.428+0000] {taskinstance.py:3503} INFO - 0 downstream tasks scheduled from follow-on schedule check
[2025-12-14T16:17:03.434+0000] {local_task_job_runner.py:222} INFO - ::endgroup::
