[2025-12-31T05:18:06.114+0000] {processor.py:161} INFO - Started process (PID=21513) to work on /opt/airflow/dags/main.py
[2025-12-31T05:18:06.120+0000] {processor.py:830} INFO - Processing file /opt/airflow/dags/main.py for tasks to queue
[2025-12-31T05:18:06.128+0000] {logging_mixin.py:188} INFO - [2025-12-31T05:18:06.127+0000] {dagbag.py:545} INFO - Filling up the DagBag from /opt/airflow/dags/main.py
[2025-12-31T05:18:06.396+0000] {processor.py:840} INFO - DAG(s) 'update_db', 'youtube_video_stats' retrieved from /opt/airflow/dags/main.py
[2025-12-31T05:18:06.556+0000] {logging_mixin.py:188} INFO - [2025-12-31T05:18:06.556+0000] {dag.py:3096} INFO - Sync 2 DAGs
[2025-12-31T05:18:06.668+0000] {logging_mixin.py:188} INFO - [2025-12-31T05:18:06.668+0000] {dag.py:3954} INFO - Setting next_dagrun for update_db to 2025-12-30 15:00:00+00:00, run_after=2025-12-31 15:00:00+00:00
[2025-12-31T05:18:06.697+0000] {logging_mixin.py:188} INFO - [2025-12-31T05:18:06.697+0000] {dag.py:3954} INFO - Setting next_dagrun for youtube_video_stats to 2025-12-30 14:00:00+00:00, run_after=2025-12-31 14:00:00+00:00
[2025-12-31T05:18:06.765+0000] {processor.py:183} INFO - Processing /opt/airflow/dags/main.py took 0.674 seconds
[2025-12-31T05:18:37.320+0000] {processor.py:161} INFO - Started process (PID=21520) to work on /opt/airflow/dags/main.py
[2025-12-31T05:18:37.332+0000] {processor.py:830} INFO - Processing file /opt/airflow/dags/main.py for tasks to queue
[2025-12-31T05:18:37.337+0000] {logging_mixin.py:188} INFO - [2025-12-31T05:18:37.335+0000] {dagbag.py:545} INFO - Filling up the DagBag from /opt/airflow/dags/main.py
[2025-12-31T05:18:38.285+0000] {processor.py:840} INFO - DAG(s) 'update_db', 'youtube_video_stats' retrieved from /opt/airflow/dags/main.py
[2025-12-31T05:18:38.668+0000] {logging_mixin.py:188} INFO - [2025-12-31T05:18:38.666+0000] {taskinstance.py:2907} ERROR - {'DAG Id': 'youtube_video_stats', 'Task Id': 'get_playlist_id', 'Run Id': 'scheduled__2025-12-29T14:00:00+00:00', 'Hostname': '6021bea33cbc', 'External Executor Id': '0d4c8254-4cff-404c-9655-f60879803ddb'}
[2025-12-31T05:18:39.040+0000] {logging_mixin.py:188} INFO - [2025-12-31T05:18:39.040+0000] {taskinstance.py:1206} INFO - Marking task as FAILED. dag_id=youtube_video_stats, task_id=get_playlist_id, run_id=scheduled__2025-12-29T14:00:00+00:00, execution_date=20251229T140000, start_date=20251230T180113, end_date=20251231T051838
[2025-12-31T05:18:39.225+0000] {processor.py:791} INFO - Executed failure callback for <TaskInstance: youtube_video_stats.get_playlist_id scheduled__2025-12-29T14:00:00+00:00 [failed]> in state failed
[2025-12-31T05:18:49.744+0000] {logging_mixin.py:188} INFO - [2025-12-31T05:18:49.743+0000] {dag.py:3096} INFO - Sync 2 DAGs
[2025-12-31T05:18:49.865+0000] {logging_mixin.py:188} INFO - [2025-12-31T05:18:49.864+0000] {dag.py:3954} INFO - Setting next_dagrun for update_db to 2025-12-30 15:00:00+00:00, run_after=2025-12-31 15:00:00+00:00
[2025-12-31T05:18:49.909+0000] {logging_mixin.py:188} INFO - [2025-12-31T05:18:49.908+0000] {dag.py:3954} INFO - Setting next_dagrun for youtube_video_stats to 2025-12-30 14:00:00+00:00, run_after=2025-12-31 14:00:00+00:00
[2025-12-31T05:18:50.025+0000] {processor.py:183} INFO - Processing /opt/airflow/dags/main.py took 12.852 seconds
[2025-12-31T05:19:20.843+0000] {processor.py:161} INFO - Started process (PID=21533) to work on /opt/airflow/dags/main.py
[2025-12-31T05:19:20.846+0000] {processor.py:830} INFO - Processing file /opt/airflow/dags/main.py for tasks to queue
[2025-12-31T05:19:20.850+0000] {logging_mixin.py:188} INFO - [2025-12-31T05:19:20.848+0000] {dagbag.py:545} INFO - Filling up the DagBag from /opt/airflow/dags/main.py
[2025-12-31T05:19:21.364+0000] {processor.py:840} INFO - DAG(s) 'update_db', 'youtube_video_stats' retrieved from /opt/airflow/dags/main.py
[2025-12-31T05:19:21.496+0000] {logging_mixin.py:188} INFO - [2025-12-31T05:19:21.495+0000] {dag.py:3096} INFO - Sync 2 DAGs
[2025-12-31T05:19:22.011+0000] {logging_mixin.py:188} INFO - [2025-12-31T05:19:22.011+0000] {dag.py:3954} INFO - Setting next_dagrun for update_db to 2025-12-30 15:00:00+00:00, run_after=2025-12-31 15:00:00+00:00
[2025-12-31T05:19:22.028+0000] {logging_mixin.py:188} INFO - [2025-12-31T05:19:22.027+0000] {dag.py:3954} INFO - Setting next_dagrun for youtube_video_stats to 2025-12-30 14:00:00+00:00, run_after=2025-12-31 14:00:00+00:00
[2025-12-31T05:19:22.077+0000] {processor.py:183} INFO - Processing /opt/airflow/dags/main.py took 1.275 seconds
[2025-12-31T05:19:52.469+0000] {processor.py:161} INFO - Started process (PID=21540) to work on /opt/airflow/dags/main.py
[2025-12-31T05:19:52.472+0000] {processor.py:830} INFO - Processing file /opt/airflow/dags/main.py for tasks to queue
[2025-12-31T05:19:52.475+0000] {logging_mixin.py:188} INFO - [2025-12-31T05:19:52.474+0000] {dagbag.py:545} INFO - Filling up the DagBag from /opt/airflow/dags/main.py
[2025-12-31T05:19:52.801+0000] {processor.py:840} INFO - DAG(s) 'update_db', 'youtube_video_stats' retrieved from /opt/airflow/dags/main.py
[2025-12-31T05:19:52.875+0000] {logging_mixin.py:188} INFO - [2025-12-31T05:19:52.875+0000] {dag.py:3096} INFO - Sync 2 DAGs
[2025-12-31T05:19:52.946+0000] {logging_mixin.py:188} INFO - [2025-12-31T05:19:52.946+0000] {dag.py:3954} INFO - Setting next_dagrun for update_db to 2025-12-30 15:00:00+00:00, run_after=2025-12-31 15:00:00+00:00
[2025-12-31T05:19:52.964+0000] {logging_mixin.py:188} INFO - [2025-12-31T05:19:52.963+0000] {dag.py:3954} INFO - Setting next_dagrun for youtube_video_stats to 2025-12-30 14:00:00+00:00, run_after=2025-12-31 14:00:00+00:00
[2025-12-31T05:19:53.010+0000] {processor.py:183} INFO - Processing /opt/airflow/dags/main.py took 0.560 seconds
[2025-12-31T05:20:23.424+0000] {processor.py:161} INFO - Started process (PID=21547) to work on /opt/airflow/dags/main.py
[2025-12-31T05:20:23.427+0000] {processor.py:830} INFO - Processing file /opt/airflow/dags/main.py for tasks to queue
[2025-12-31T05:20:23.429+0000] {logging_mixin.py:188} INFO - [2025-12-31T05:20:23.428+0000] {dagbag.py:545} INFO - Filling up the DagBag from /opt/airflow/dags/main.py
[2025-12-31T05:20:23.730+0000] {processor.py:840} INFO - DAG(s) 'update_db', 'youtube_video_stats' retrieved from /opt/airflow/dags/main.py
[2025-12-31T05:20:23.812+0000] {logging_mixin.py:188} INFO - [2025-12-31T05:20:23.811+0000] {dag.py:3096} INFO - Sync 2 DAGs
[2025-12-31T05:20:23.856+0000] {logging_mixin.py:188} INFO - [2025-12-31T05:20:23.855+0000] {dag.py:3954} INFO - Setting next_dagrun for update_db to 2025-12-30 15:00:00+00:00, run_after=2025-12-31 15:00:00+00:00
[2025-12-31T05:20:23.866+0000] {logging_mixin.py:188} INFO - [2025-12-31T05:20:23.866+0000] {dag.py:3954} INFO - Setting next_dagrun for youtube_video_stats to 2025-12-30 14:00:00+00:00, run_after=2025-12-31 14:00:00+00:00
[2025-12-31T05:20:23.902+0000] {processor.py:183} INFO - Processing /opt/airflow/dags/main.py took 0.495 seconds
[2025-12-31T05:20:54.166+0000] {processor.py:161} INFO - Started process (PID=21554) to work on /opt/airflow/dags/main.py
[2025-12-31T05:20:54.168+0000] {processor.py:830} INFO - Processing file /opt/airflow/dags/main.py for tasks to queue
[2025-12-31T05:20:54.169+0000] {logging_mixin.py:188} INFO - [2025-12-31T05:20:54.169+0000] {dagbag.py:545} INFO - Filling up the DagBag from /opt/airflow/dags/main.py
[2025-12-31T05:20:54.414+0000] {processor.py:840} INFO - DAG(s) 'youtube_video_stats', 'update_db' retrieved from /opt/airflow/dags/main.py
[2025-12-31T05:20:54.473+0000] {logging_mixin.py:188} INFO - [2025-12-31T05:20:54.472+0000] {dag.py:3096} INFO - Sync 2 DAGs
[2025-12-31T05:20:54.512+0000] {logging_mixin.py:188} INFO - [2025-12-31T05:20:54.512+0000] {dag.py:3954} INFO - Setting next_dagrun for update_db to 2025-12-30 15:00:00+00:00, run_after=2025-12-31 15:00:00+00:00
[2025-12-31T05:20:54.521+0000] {logging_mixin.py:188} INFO - [2025-12-31T05:20:54.521+0000] {dag.py:3954} INFO - Setting next_dagrun for youtube_video_stats to 2025-12-30 14:00:00+00:00, run_after=2025-12-31 14:00:00+00:00
[2025-12-31T05:20:54.546+0000] {processor.py:183} INFO - Processing /opt/airflow/dags/main.py took 0.392 seconds
[2025-12-31T05:21:24.806+0000] {processor.py:161} INFO - Started process (PID=21561) to work on /opt/airflow/dags/main.py
[2025-12-31T05:21:24.807+0000] {processor.py:830} INFO - Processing file /opt/airflow/dags/main.py for tasks to queue
[2025-12-31T05:21:24.809+0000] {logging_mixin.py:188} INFO - [2025-12-31T05:21:24.809+0000] {dagbag.py:545} INFO - Filling up the DagBag from /opt/airflow/dags/main.py
[2025-12-31T05:21:24.996+0000] {processor.py:840} INFO - DAG(s) 'update_db', 'youtube_video_stats' retrieved from /opt/airflow/dags/main.py
[2025-12-31T05:21:25.050+0000] {logging_mixin.py:188} INFO - [2025-12-31T05:21:25.050+0000] {dag.py:3096} INFO - Sync 2 DAGs
[2025-12-31T05:21:25.081+0000] {logging_mixin.py:188} INFO - [2025-12-31T05:21:25.081+0000] {dag.py:3954} INFO - Setting next_dagrun for update_db to 2025-12-30 15:00:00+00:00, run_after=2025-12-31 15:00:00+00:00
[2025-12-31T05:21:25.090+0000] {logging_mixin.py:188} INFO - [2025-12-31T05:21:25.090+0000] {dag.py:3954} INFO - Setting next_dagrun for youtube_video_stats to 2025-12-30 14:00:00+00:00, run_after=2025-12-31 14:00:00+00:00
[2025-12-31T05:21:25.117+0000] {processor.py:183} INFO - Processing /opt/airflow/dags/main.py took 0.319 seconds
[2025-12-31T05:21:56.127+0000] {processor.py:161} INFO - Started process (PID=21568) to work on /opt/airflow/dags/main.py
[2025-12-31T05:21:56.128+0000] {processor.py:830} INFO - Processing file /opt/airflow/dags/main.py for tasks to queue
[2025-12-31T05:21:56.130+0000] {logging_mixin.py:188} INFO - [2025-12-31T05:21:56.129+0000] {dagbag.py:545} INFO - Filling up the DagBag from /opt/airflow/dags/main.py
[2025-12-31T05:21:56.267+0000] {processor.py:840} INFO - DAG(s) 'youtube_video_stats', 'update_db' retrieved from /opt/airflow/dags/main.py
[2025-12-31T05:21:56.308+0000] {logging_mixin.py:188} INFO - [2025-12-31T05:21:56.307+0000] {dag.py:3096} INFO - Sync 2 DAGs
[2025-12-31T05:21:56.336+0000] {logging_mixin.py:188} INFO - [2025-12-31T05:21:56.335+0000] {dag.py:3954} INFO - Setting next_dagrun for update_db to 2025-12-30 15:00:00+00:00, run_after=2025-12-31 15:00:00+00:00
[2025-12-31T05:21:56.344+0000] {logging_mixin.py:188} INFO - [2025-12-31T05:21:56.344+0000] {dag.py:3954} INFO - Setting next_dagrun for youtube_video_stats to 2025-12-30 14:00:00+00:00, run_after=2025-12-31 14:00:00+00:00
[2025-12-31T05:21:56.532+0000] {processor.py:183} INFO - Processing /opt/airflow/dags/main.py took 0.413 seconds
[2025-12-31T05:22:26.801+0000] {processor.py:161} INFO - Started process (PID=21575) to work on /opt/airflow/dags/main.py
[2025-12-31T05:22:26.803+0000] {processor.py:830} INFO - Processing file /opt/airflow/dags/main.py for tasks to queue
[2025-12-31T05:22:26.806+0000] {logging_mixin.py:188} INFO - [2025-12-31T05:22:26.805+0000] {dagbag.py:545} INFO - Filling up the DagBag from /opt/airflow/dags/main.py
[2025-12-31T05:22:27.003+0000] {processor.py:840} INFO - DAG(s) 'youtube_video_stats', 'update_db' retrieved from /opt/airflow/dags/main.py
[2025-12-31T05:22:27.061+0000] {logging_mixin.py:188} INFO - [2025-12-31T05:22:27.060+0000] {dag.py:3096} INFO - Sync 2 DAGs
[2025-12-31T05:22:27.324+0000] {logging_mixin.py:188} INFO - [2025-12-31T05:22:27.324+0000] {dag.py:3954} INFO - Setting next_dagrun for update_db to 2025-12-30 15:00:00+00:00, run_after=2025-12-31 15:00:00+00:00
[2025-12-31T05:22:27.335+0000] {logging_mixin.py:188} INFO - [2025-12-31T05:22:27.334+0000] {dag.py:3954} INFO - Setting next_dagrun for youtube_video_stats to 2025-12-30 14:00:00+00:00, run_after=2025-12-31 14:00:00+00:00
[2025-12-31T05:22:27.364+0000] {processor.py:183} INFO - Processing /opt/airflow/dags/main.py took 0.578 seconds
[2025-12-31T09:25:28.754+0000] {processor.py:161} INFO - Started process (PID=21582) to work on /opt/airflow/dags/main.py
[2025-12-31T09:25:28.764+0000] {processor.py:830} INFO - Processing file /opt/airflow/dags/main.py for tasks to queue
[2025-12-31T09:25:28.768+0000] {logging_mixin.py:188} INFO - [2025-12-31T09:25:28.767+0000] {dagbag.py:545} INFO - Filling up the DagBag from /opt/airflow/dags/main.py
[2025-12-31T09:25:29.651+0000] {processor.py:840} INFO - DAG(s) 'update_db', 'youtube_video_stats' retrieved from /opt/airflow/dags/main.py
[2025-12-31T09:25:29.823+0000] {logging_mixin.py:188} INFO - [2025-12-31T09:25:29.823+0000] {dag.py:3096} INFO - Sync 2 DAGs
[2025-12-31T09:25:29.907+0000] {logging_mixin.py:188} INFO - [2025-12-31T09:25:29.906+0000] {dag.py:3954} INFO - Setting next_dagrun for update_db to 2025-12-30 15:00:00+00:00, run_after=2025-12-31 15:00:00+00:00
[2025-12-31T09:25:29.945+0000] {logging_mixin.py:188} INFO - [2025-12-31T09:25:29.945+0000] {dag.py:3954} INFO - Setting next_dagrun for youtube_video_stats to 2025-12-30 14:00:00+00:00, run_after=2025-12-31 14:00:00+00:00
[2025-12-31T09:25:30.003+0000] {processor.py:183} INFO - Processing /opt/airflow/dags/main.py took 1.271 seconds
[2025-12-31T09:26:00.662+0000] {processor.py:161} INFO - Started process (PID=21589) to work on /opt/airflow/dags/main.py
[2025-12-31T09:26:00.676+0000] {processor.py:830} INFO - Processing file /opt/airflow/dags/main.py for tasks to queue
[2025-12-31T09:26:00.682+0000] {logging_mixin.py:188} INFO - [2025-12-31T09:26:00.681+0000] {dagbag.py:545} INFO - Filling up the DagBag from /opt/airflow/dags/main.py
[2025-12-31T09:26:01.439+0000] {processor.py:840} INFO - DAG(s) 'update_db', 'youtube_video_stats' retrieved from /opt/airflow/dags/main.py
[2025-12-31T09:26:01.628+0000] {logging_mixin.py:188} INFO - [2025-12-31T09:26:01.627+0000] {dag.py:3096} INFO - Sync 2 DAGs
[2025-12-31T09:26:01.821+0000] {logging_mixin.py:188} INFO - [2025-12-31T09:26:01.820+0000] {dag.py:3954} INFO - Setting next_dagrun for update_db to 2025-12-30 15:00:00+00:00, run_after=2025-12-31 15:00:00+00:00
[2025-12-31T09:26:01.861+0000] {logging_mixin.py:188} INFO - [2025-12-31T09:26:01.860+0000] {dag.py:3954} INFO - Setting next_dagrun for youtube_video_stats to 2025-12-30 14:00:00+00:00, run_after=2025-12-31 14:00:00+00:00
[2025-12-31T09:26:01.972+0000] {processor.py:183} INFO - Processing /opt/airflow/dags/main.py took 1.381 seconds
[2025-12-31T09:26:32.624+0000] {processor.py:161} INFO - Started process (PID=21596) to work on /opt/airflow/dags/main.py
[2025-12-31T09:26:32.628+0000] {processor.py:830} INFO - Processing file /opt/airflow/dags/main.py for tasks to queue
[2025-12-31T09:26:32.633+0000] {logging_mixin.py:188} INFO - [2025-12-31T09:26:32.632+0000] {dagbag.py:545} INFO - Filling up the DagBag from /opt/airflow/dags/main.py
[2025-12-31T09:26:33.049+0000] {processor.py:840} INFO - DAG(s) 'update_db', 'youtube_video_stats' retrieved from /opt/airflow/dags/main.py
[2025-12-31T09:26:33.226+0000] {logging_mixin.py:188} INFO - [2025-12-31T09:26:33.225+0000] {dag.py:3096} INFO - Sync 2 DAGs
[2025-12-31T09:26:33.326+0000] {logging_mixin.py:188} INFO - [2025-12-31T09:26:33.324+0000] {dag.py:3954} INFO - Setting next_dagrun for update_db to 2025-12-30 15:00:00+00:00, run_after=2025-12-31 15:00:00+00:00
[2025-12-31T09:26:33.351+0000] {logging_mixin.py:188} INFO - [2025-12-31T09:26:33.351+0000] {dag.py:3954} INFO - Setting next_dagrun for youtube_video_stats to 2025-12-30 14:00:00+00:00, run_after=2025-12-31 14:00:00+00:00
[2025-12-31T09:26:33.433+0000] {processor.py:183} INFO - Processing /opt/airflow/dags/main.py took 0.842 seconds
[2025-12-31T09:27:03.900+0000] {processor.py:161} INFO - Started process (PID=21603) to work on /opt/airflow/dags/main.py
[2025-12-31T09:27:03.903+0000] {processor.py:830} INFO - Processing file /opt/airflow/dags/main.py for tasks to queue
[2025-12-31T09:27:03.906+0000] {logging_mixin.py:188} INFO - [2025-12-31T09:27:03.905+0000] {dagbag.py:545} INFO - Filling up the DagBag from /opt/airflow/dags/main.py
[2025-12-31T09:27:04.201+0000] {processor.py:840} INFO - DAG(s) 'youtube_video_stats', 'update_db' retrieved from /opt/airflow/dags/main.py
[2025-12-31T09:27:04.289+0000] {logging_mixin.py:188} INFO - [2025-12-31T09:27:04.289+0000] {dag.py:3096} INFO - Sync 2 DAGs
[2025-12-31T09:27:04.430+0000] {logging_mixin.py:188} INFO - [2025-12-31T09:27:04.429+0000] {dag.py:3954} INFO - Setting next_dagrun for update_db to 2025-12-30 15:00:00+00:00, run_after=2025-12-31 15:00:00+00:00
[2025-12-31T09:27:04.469+0000] {logging_mixin.py:188} INFO - [2025-12-31T09:27:04.459+0000] {dag.py:3954} INFO - Setting next_dagrun for youtube_video_stats to 2025-12-30 14:00:00+00:00, run_after=2025-12-31 14:00:00+00:00
[2025-12-31T09:27:04.547+0000] {processor.py:183} INFO - Processing /opt/airflow/dags/main.py took 0.667 seconds
[2025-12-31T09:27:34.796+0000] {processor.py:161} INFO - Started process (PID=21610) to work on /opt/airflow/dags/main.py
[2025-12-31T09:27:34.801+0000] {processor.py:830} INFO - Processing file /opt/airflow/dags/main.py for tasks to queue
[2025-12-31T09:27:34.803+0000] {logging_mixin.py:188} INFO - [2025-12-31T09:27:34.802+0000] {dagbag.py:545} INFO - Filling up the DagBag from /opt/airflow/dags/main.py
[2025-12-31T09:27:35.095+0000] {processor.py:840} INFO - DAG(s) 'youtube_video_stats', 'update_db' retrieved from /opt/airflow/dags/main.py
[2025-12-31T09:27:35.163+0000] {logging_mixin.py:188} INFO - [2025-12-31T09:27:35.163+0000] {dag.py:3096} INFO - Sync 2 DAGs
[2025-12-31T09:27:35.221+0000] {logging_mixin.py:188} INFO - [2025-12-31T09:27:35.220+0000] {dag.py:3954} INFO - Setting next_dagrun for update_db to 2025-12-30 15:00:00+00:00, run_after=2025-12-31 15:00:00+00:00
[2025-12-31T09:27:37.268+0000] {logging_mixin.py:188} INFO - [2025-12-31T09:27:37.268+0000] {dag.py:3954} INFO - Setting next_dagrun for youtube_video_stats to 2025-12-30 14:00:00+00:00, run_after=2025-12-31 14:00:00+00:00
[2025-12-31T09:27:37.322+0000] {processor.py:183} INFO - Processing /opt/airflow/dags/main.py took 2.546 seconds
[2025-12-31T09:28:07.647+0000] {processor.py:161} INFO - Started process (PID=21617) to work on /opt/airflow/dags/main.py
[2025-12-31T09:28:07.649+0000] {processor.py:830} INFO - Processing file /opt/airflow/dags/main.py for tasks to queue
[2025-12-31T09:28:07.650+0000] {logging_mixin.py:188} INFO - [2025-12-31T09:28:07.650+0000] {dagbag.py:545} INFO - Filling up the DagBag from /opt/airflow/dags/main.py
[2025-12-31T09:28:07.823+0000] {processor.py:840} INFO - DAG(s) 'update_db', 'youtube_video_stats' retrieved from /opt/airflow/dags/main.py
[2025-12-31T09:28:07.873+0000] {logging_mixin.py:188} INFO - [2025-12-31T09:28:07.873+0000] {dag.py:3096} INFO - Sync 2 DAGs
[2025-12-31T09:28:07.907+0000] {logging_mixin.py:188} INFO - [2025-12-31T09:28:07.907+0000] {dag.py:3954} INFO - Setting next_dagrun for update_db to 2025-12-30 15:00:00+00:00, run_after=2025-12-31 15:00:00+00:00
[2025-12-31T09:28:07.915+0000] {logging_mixin.py:188} INFO - [2025-12-31T09:28:07.915+0000] {dag.py:3954} INFO - Setting next_dagrun for youtube_video_stats to 2025-12-30 14:00:00+00:00, run_after=2025-12-31 14:00:00+00:00
[2025-12-31T09:28:07.945+0000] {processor.py:183} INFO - Processing /opt/airflow/dags/main.py took 0.310 seconds
[2025-12-31T13:28:47.260+0000] {processor.py:161} INFO - Started process (PID=21624) to work on /opt/airflow/dags/main.py
[2025-12-31T13:28:47.281+0000] {processor.py:830} INFO - Processing file /opt/airflow/dags/main.py for tasks to queue
[2025-12-31T13:28:47.294+0000] {logging_mixin.py:188} INFO - [2025-12-31T13:28:47.293+0000] {dagbag.py:545} INFO - Filling up the DagBag from /opt/airflow/dags/main.py
[2025-12-31T13:28:48.771+0000] {processor.py:840} INFO - DAG(s) 'youtube_video_stats', 'update_db' retrieved from /opt/airflow/dags/main.py
[2025-12-31T13:28:48.925+0000] {logging_mixin.py:188} INFO - [2025-12-31T13:28:48.924+0000] {dag.py:3096} INFO - Sync 2 DAGs
[2025-12-31T13:28:49.078+0000] {logging_mixin.py:188} INFO - [2025-12-31T13:28:49.077+0000] {dag.py:3954} INFO - Setting next_dagrun for update_db to 2025-12-30 15:00:00+00:00, run_after=2025-12-31 15:00:00+00:00
[2025-12-31T13:28:49.104+0000] {logging_mixin.py:188} INFO - [2025-12-31T13:28:49.104+0000] {dag.py:3954} INFO - Setting next_dagrun for youtube_video_stats to 2025-12-30 14:00:00+00:00, run_after=2025-12-31 14:00:00+00:00
[2025-12-31T13:28:49.263+0000] {processor.py:183} INFO - Processing /opt/airflow/dags/main.py took 2.287 seconds
[2025-12-31T15:18:11.257+0000] {processor.py:161} INFO - Started process (PID=21635) to work on /opt/airflow/dags/main.py
[2025-12-31T15:18:11.361+0000] {processor.py:830} INFO - Processing file /opt/airflow/dags/main.py for tasks to queue
[2025-12-31T15:18:11.404+0000] {logging_mixin.py:188} INFO - [2025-12-31T15:18:11.401+0000] {dagbag.py:545} INFO - Filling up the DagBag from /opt/airflow/dags/main.py
[2025-12-31T15:18:13.534+0000] {processor.py:840} INFO - DAG(s) 'update_db', 'youtube_video_stats' retrieved from /opt/airflow/dags/main.py
[2025-12-31T15:18:14.899+0000] {logging_mixin.py:188} INFO - [2025-12-31T15:18:14.899+0000] {dag.py:3096} INFO - Sync 2 DAGs
[2025-12-31T15:18:15.620+0000] {logging_mixin.py:188} INFO - [2025-12-31T15:18:15.620+0000] {dag.py:3954} INFO - Setting next_dagrun for update_db to 2025-12-31 15:00:00+00:00, run_after=2026-01-01 15:00:00+00:00
[2025-12-31T15:18:15.675+0000] {logging_mixin.py:188} INFO - [2025-12-31T15:18:15.675+0000] {dag.py:3954} INFO - Setting next_dagrun for youtube_video_stats to 2025-12-31 14:00:00+00:00, run_after=2026-01-01 14:00:00+00:00
[2025-12-31T15:18:15.809+0000] {processor.py:183} INFO - Processing /opt/airflow/dags/main.py took 4.956 seconds
