[2025-12-14T16:02:38.087+0000] {local_task_job_runner.py:120} INFO - ::group::Pre task execution logs
[2025-12-14T16:02:38.158+0000] {taskinstance.py:2076} INFO - Dependencies all met for dep_context=non-requeueable deps ti=<TaskInstance: update_db.staging_table scheduled__2025-12-13T15:00:00+00:00 [queued]>
[2025-12-14T16:02:38.174+0000] {taskinstance.py:2076} INFO - Dependencies all met for dep_context=requeueable deps ti=<TaskInstance: update_db.staging_table scheduled__2025-12-13T15:00:00+00:00 [queued]>
[2025-12-14T16:02:38.175+0000] {taskinstance.py:2306} INFO - Starting attempt 1 of 1
[2025-12-14T16:02:38.195+0000] {taskinstance.py:2330} INFO - Executing <Task(_PythonDecoratedOperator): staging_table> on 2025-12-13 15:00:00+00:00
[2025-12-14T16:02:38.205+0000] {standard_task_runner.py:63} INFO - Started process 4515 to run task
[2025-12-14T16:02:38.211+0000] {standard_task_runner.py:90} INFO - Running: ['airflow', 'tasks', 'run', 'update_db', 'staging_table', 'scheduled__2025-12-13T15:00:00+00:00', '--job-id', '10', '--raw', '--subdir', 'DAGS_FOLDER/main.py', '--cfg-path', '/tmp/tmp_v5h_5dx']
[2025-12-14T16:02:38.213+0000] {standard_task_runner.py:91} INFO - Job 10: Subtask staging_table
[2025-12-14T16:02:38.292+0000] {task_command.py:426} INFO - Running <TaskInstance: update_db.staging_table scheduled__2025-12-13T15:00:00+00:00 [running]> on host 028d998475be
[2025-12-14T16:02:38.408+0000] {taskinstance.py:2648} INFO - Exporting env vars: AIRFLOW_CTX_DAG_EMAIL='data@engineers.com' AIRFLOW_CTX_DAG_OWNER='dataengineers' AIRFLOW_CTX_DAG_ID='update_db' AIRFLOW_CTX_TASK_ID='staging_table' AIRFLOW_CTX_EXECUTION_DATE='2025-12-13T15:00:00+00:00' AIRFLOW_CTX_TRY_NUMBER='1' AIRFLOW_CTX_DAG_RUN_ID='scheduled__2025-12-13T15:00:00+00:00'
[2025-12-14T16:02:38.410+0000] {taskinstance.py:430} INFO - ::endgroup::
[2025-12-14T16:02:38.599+0000] {base.py:84} INFO - Using connection ID 'postgres_db_yt_elt' for task execution.
[2025-12-14T16:02:38.633+0000] {data_loading.py:12} INFO - Processing file: ENG_data_2025-12-14
[2025-12-14T16:02:38.654+0000] {base.py:84} INFO - Using connection ID 'postgres_db_yt_elt' for task execution.
[2025-12-14T16:02:38.672+0000] {base.py:84} INFO - Using connection ID 'postgres_db_yt_elt' for task execution.
[2025-12-14T16:02:38.721+0000] {dwh.py:48} ERROR - An error occurred during the update of staging table: column "Video_ID" does not exist
LINE 1: SELECT "Video_ID" FROM staging.yt_api;
               ^
HINT:  Perhaps you meant to reference the column "yt_api.Video_id".

[2025-12-14T16:02:38.722+0000] {taskinstance.py:441} INFO - ::group::Post task execution logs
[2025-12-14T16:02:38.724+0000] {taskinstance.py:2905} ERROR - Task failed with exception
Traceback (most recent call last):
  File "/home/airflow/.local/lib/python3.10/site-packages/airflow/models/taskinstance.py", line 465, in _execute_task
    result = _execute_callable(context=context, **execute_callable_kwargs)
  File "/home/airflow/.local/lib/python3.10/site-packages/airflow/models/taskinstance.py", line 432, in _execute_callable
    return execute_callable(context=context, **execute_callable_kwargs)
  File "/home/airflow/.local/lib/python3.10/site-packages/airflow/models/baseoperator.py", line 401, in wrapper
    return func(self, *args, **kwargs)
  File "/home/airflow/.local/lib/python3.10/site-packages/airflow/decorators/base.py", line 265, in execute
    return_value = super().execute(context)
  File "/home/airflow/.local/lib/python3.10/site-packages/airflow/models/baseoperator.py", line 401, in wrapper
    return func(self, *args, **kwargs)
  File "/home/airflow/.local/lib/python3.10/site-packages/airflow/operators/python.py", line 235, in execute
    return_value = self.execute_callable()
  File "/home/airflow/.local/lib/python3.10/site-packages/airflow/operators/python.py", line 252, in execute_callable
    return self.python_callable(*self.op_args, **self.op_kwargs)
  File "/opt/airflow/dags/datawarehouse/dwh.py", line 49, in staging_table
    raise e
  File "/opt/airflow/dags/datawarehouse/dwh.py", line 27, in staging_table
    table_ids = get_video_ids(cur, schema)
  File "/opt/airflow/dags/datawarehouse/data_utils.py", line 61, in get_video_ids
    cur.execute(f"""SELECT "Video_ID" FROM {schema}.{table};""")
  File "/home/airflow/.local/lib/python3.10/site-packages/psycopg2/extras.py", line 236, in execute
    return super().execute(query, vars)
psycopg2.errors.UndefinedColumn: column "Video_ID" does not exist
LINE 1: SELECT "Video_ID" FROM staging.yt_api;
               ^
HINT:  Perhaps you meant to reference the column "yt_api.Video_id".

[2025-12-14T16:02:38.747+0000] {taskinstance.py:1206} INFO - Marking task as FAILED. dag_id=update_db, task_id=staging_table, run_id=scheduled__2025-12-13T15:00:00+00:00, execution_date=20251213T150000, start_date=20251214T160238, end_date=20251214T160238
[2025-12-14T16:02:38.763+0000] {standard_task_runner.py:110} ERROR - Failed to execute job 10 for task staging_table (column "Video_ID" does not exist
LINE 1: SELECT "Video_ID" FROM staging.yt_api;
               ^
HINT:  Perhaps you meant to reference the column "yt_api.Video_id".
; 4515)
[2025-12-14T16:02:38.791+0000] {local_task_job_runner.py:240} INFO - Task exited with return code 1
[2025-12-14T16:02:38.822+0000] {taskinstance.py:3503} INFO - 0 downstream tasks scheduled from follow-on schedule check
[2025-12-14T16:02:38.829+0000] {local_task_job_runner.py:222} INFO - ::endgroup::
