[2025-12-14T17:15:56.742+0000] {local_task_job_runner.py:120} INFO - ::group::Pre task execution logs
[2025-12-14T17:15:56.777+0000] {taskinstance.py:2076} INFO - Dependencies all met for dep_context=non-requeueable deps ti=<TaskInstance: update_db.staging_table manual__2025-12-14T17:15:55.265672+00:00 [queued]>
[2025-12-14T17:15:56.790+0000] {taskinstance.py:2076} INFO - Dependencies all met for dep_context=requeueable deps ti=<TaskInstance: update_db.staging_table manual__2025-12-14T17:15:55.265672+00:00 [queued]>
[2025-12-14T17:15:56.792+0000] {taskinstance.py:2306} INFO - Starting attempt 1 of 1
[2025-12-14T17:15:56.811+0000] {taskinstance.py:2330} INFO - Executing <Task(_PythonDecoratedOperator): staging_table> on 2025-12-14 17:15:55.265672+00:00
[2025-12-14T17:15:56.817+0000] {standard_task_runner.py:63} INFO - Started process 5473 to run task
[2025-12-14T17:15:56.821+0000] {standard_task_runner.py:90} INFO - Running: ['airflow', 'tasks', 'run', 'update_db', 'staging_table', 'manual__2025-12-14T17:15:55.265672+00:00', '--job-id', '18', '--raw', '--subdir', 'DAGS_FOLDER/main.py', '--cfg-path', '/tmp/tmpcbxsobfy']
[2025-12-14T17:15:56.823+0000] {standard_task_runner.py:91} INFO - Job 18: Subtask staging_table
[2025-12-14T17:15:56.891+0000] {task_command.py:426} INFO - Running <TaskInstance: update_db.staging_table manual__2025-12-14T17:15:55.265672+00:00 [running]> on host 028d998475be
[2025-12-14T17:15:57.015+0000] {taskinstance.py:2648} INFO - Exporting env vars: AIRFLOW_CTX_DAG_EMAIL='data@engineers.com' AIRFLOW_CTX_DAG_OWNER='dataengineers' AIRFLOW_CTX_DAG_ID='update_db' AIRFLOW_CTX_TASK_ID='staging_table' AIRFLOW_CTX_EXECUTION_DATE='2025-12-14T17:15:55.265672+00:00' AIRFLOW_CTX_TRY_NUMBER='1' AIRFLOW_CTX_DAG_RUN_ID='manual__2025-12-14T17:15:55.265672+00:00'
[2025-12-14T17:15:57.017+0000] {taskinstance.py:430} INFO - ::endgroup::
[2025-12-14T17:15:57.047+0000] {base.py:84} INFO - Using connection ID 'postgres_db_yt_elt' for task execution.
[2025-12-14T17:15:57.058+0000] {data_loading.py:12} INFO - Processing file: ENG_data_2025-12-14
[2025-12-14T17:15:57.077+0000] {base.py:84} INFO - Using connection ID 'postgres_db_yt_elt' for task execution.
[2025-12-14T17:15:57.087+0000] {base.py:84} INFO - Using connection ID 'postgres_db_yt_elt' for task execution.
[2025-12-14T17:15:57.097+0000] {data_modification.py:44} ERROR - Error inserting row with Video_ID: fO5FwBcCJBY - 'likeCount'
[2025-12-14T17:15:57.098+0000] {dwh.py:48} ERROR - An error occurred during the update of staging table: 'likeCount'
[2025-12-14T17:15:57.099+0000] {taskinstance.py:441} INFO - ::group::Post task execution logs
[2025-12-14T17:15:57.100+0000] {taskinstance.py:2905} ERROR - Task failed with exception
Traceback (most recent call last):
  File "/home/airflow/.local/lib/python3.10/site-packages/airflow/models/taskinstance.py", line 465, in _execute_task
    result = _execute_callable(context=context, **execute_callable_kwargs)
  File "/home/airflow/.local/lib/python3.10/site-packages/airflow/models/taskinstance.py", line 432, in _execute_callable
    return execute_callable(context=context, **execute_callable_kwargs)
  File "/home/airflow/.local/lib/python3.10/site-packages/airflow/models/baseoperator.py", line 401, in wrapper
    return func(self, *args, **kwargs)
  File "/home/airflow/.local/lib/python3.10/site-packages/airflow/decorators/base.py", line 265, in execute
    return_value = super().execute(context)
  File "/home/airflow/.local/lib/python3.10/site-packages/airflow/models/baseoperator.py", line 401, in wrapper
    return func(self, *args, **kwargs)
  File "/home/airflow/.local/lib/python3.10/site-packages/airflow/operators/python.py", line 235, in execute
    return_value = self.execute_callable()
  File "/home/airflow/.local/lib/python3.10/site-packages/airflow/operators/python.py", line 252, in execute_callable
    return self.python_callable(*self.op_args, **self.op_kwargs)
  File "/opt/airflow/dags/datawarehouse/dwh.py", line 49, in staging_table
    raise e
  File "/opt/airflow/dags/datawarehouse/dwh.py", line 31, in staging_table
    insert_rows(cur,conn,schema,row)
  File "/opt/airflow/dags/datawarehouse/data_modification.py", line 10, in insert_rows
    cur.execute(
  File "/home/airflow/.local/lib/python3.10/site-packages/psycopg2/extras.py", line 236, in execute
    return super().execute(query, vars)
KeyError: 'likeCount'
[2025-12-14T17:15:57.124+0000] {taskinstance.py:1206} INFO - Marking task as FAILED. dag_id=update_db, task_id=staging_table, run_id=manual__2025-12-14T17:15:55.265672+00:00, execution_date=20251214T171555, start_date=20251214T171556, end_date=20251214T171557
[2025-12-14T17:15:57.141+0000] {standard_task_runner.py:110} ERROR - Failed to execute job 18 for task staging_table ('likeCount'; 5473)
[2025-12-14T17:15:57.155+0000] {local_task_job_runner.py:240} INFO - Task exited with return code 1
[2025-12-14T17:15:57.188+0000] {taskinstance.py:3503} INFO - 0 downstream tasks scheduled from follow-on schedule check
[2025-12-14T17:15:57.198+0000] {local_task_job_runner.py:222} INFO - ::endgroup::
