[2025-12-26T14:32:17.391+0000] {local_task_job_runner.py:120} INFO - ::group::Pre task execution logs
[2025-12-26T14:32:17.577+0000] {taskinstance.py:2076} INFO - Dependencies all met for dep_context=non-requeueable deps ti=<TaskInstance: youtube_video_stats.get_playlist_id scheduled__2025-12-25T14:00:00+00:00 [queued]>
[2025-12-26T14:32:17.611+0000] {taskinstance.py:2076} INFO - Dependencies all met for dep_context=requeueable deps ti=<TaskInstance: youtube_video_stats.get_playlist_id scheduled__2025-12-25T14:00:00+00:00 [queued]>
[2025-12-26T14:32:17.612+0000] {taskinstance.py:2306} INFO - Starting attempt 1 of 1
[2025-12-26T14:32:17.677+0000] {taskinstance.py:2330} INFO - Executing <Task(_PythonDecoratedOperator): get_playlist_id> on 2025-12-25 14:00:00+00:00
[2025-12-26T14:32:17.696+0000] {standard_task_runner.py:63} INFO - Started process 13140 to run task
[2025-12-26T14:32:17.709+0000] {standard_task_runner.py:90} INFO - Running: ['airflow', 'tasks', 'run', 'youtube_video_stats', 'get_playlist_id', 'scheduled__2025-12-25T14:00:00+00:00', '--job-id', '88', '--raw', '--subdir', 'DAGS_FOLDER/main.py', '--cfg-path', '/tmp/tmppwm3tcg6']
[2025-12-26T14:32:17.712+0000] {standard_task_runner.py:91} INFO - Job 88: Subtask get_playlist_id
[2025-12-26T14:32:17.805+0000] {task_command.py:426} INFO - Running <TaskInstance: youtube_video_stats.get_playlist_id scheduled__2025-12-25T14:00:00+00:00 [running]> on host 6021bea33cbc
[2025-12-26T14:32:18.051+0000] {taskinstance.py:2648} INFO - Exporting env vars: AIRFLOW_CTX_DAG_EMAIL='data@engineers.com' AIRFLOW_CTX_DAG_OWNER='dataengineers' AIRFLOW_CTX_DAG_ID='youtube_video_stats' AIRFLOW_CTX_TASK_ID='get_playlist_id' AIRFLOW_CTX_EXECUTION_DATE='2025-12-25T14:00:00+00:00' AIRFLOW_CTX_TRY_NUMBER='1' AIRFLOW_CTX_DAG_RUN_ID='scheduled__2025-12-25T14:00:00+00:00'
[2025-12-26T14:32:18.053+0000] {taskinstance.py:430} INFO - ::endgroup::
[2025-12-26T14:32:18.177+0000] {taskinstance.py:441} INFO - ::group::Post task execution logs
[2025-12-26T14:32:18.179+0000] {taskinstance.py:2905} ERROR - Task failed with exception
Traceback (most recent call last):
  File "/home/airflow/.local/lib/python3.10/site-packages/urllib3/connection.py", line 198, in _new_conn
    sock = connection.create_connection(
  File "/home/airflow/.local/lib/python3.10/site-packages/urllib3/util/connection.py", line 60, in create_connection
    for res in socket.getaddrinfo(host, port, family, socket.SOCK_STREAM):
  File "/usr/local/lib/python3.10/socket.py", line 955, in getaddrinfo
    for res in _socket.getaddrinfo(host, port, family, type, proto, flags):
socket.gaierror: [Errno -2] Name or service not known

The above exception was the direct cause of the following exception:

Traceback (most recent call last):
  File "/home/airflow/.local/lib/python3.10/site-packages/urllib3/connectionpool.py", line 793, in urlopen
    response = self._make_request(
  File "/home/airflow/.local/lib/python3.10/site-packages/urllib3/connectionpool.py", line 491, in _make_request
    raise new_e
  File "/home/airflow/.local/lib/python3.10/site-packages/urllib3/connectionpool.py", line 467, in _make_request
    self._validate_conn(conn)
  File "/home/airflow/.local/lib/python3.10/site-packages/urllib3/connectionpool.py", line 1099, in _validate_conn
    conn.connect()
  File "/home/airflow/.local/lib/python3.10/site-packages/urllib3/connection.py", line 616, in connect
    self.sock = sock = self._new_conn()
  File "/home/airflow/.local/lib/python3.10/site-packages/urllib3/connection.py", line 205, in _new_conn
    raise NameResolutionError(self.host, self, e) from e
urllib3.exceptions.NameResolutionError: <urllib3.connection.HTTPSConnection object at 0x7f70ba6db790>: Failed to resolve 'youtube.googleapis.com' ([Errno -2] Name or service not known)

The above exception was the direct cause of the following exception:

Traceback (most recent call last):
  File "/home/airflow/.local/lib/python3.10/site-packages/requests/adapters.py", line 486, in send
    resp = conn.urlopen(
  File "/home/airflow/.local/lib/python3.10/site-packages/urllib3/connectionpool.py", line 847, in urlopen
    retries = retries.increment(
  File "/home/airflow/.local/lib/python3.10/site-packages/urllib3/util/retry.py", line 515, in increment
    raise MaxRetryError(_pool, url, reason) from reason  # type: ignore[arg-type]
urllib3.exceptions.MaxRetryError: HTTPSConnectionPool(host='youtube.googleapis.com', port=443): Max retries exceeded with url: /youtube/v3/channels?part=contentDetails&forHandle=MrBeast&key=*** (Caused by NameResolutionError("<urllib3.connection.HTTPSConnection object at 0x7f70ba6db790>: Failed to resolve 'youtube.googleapis.com' ([Errno -2] Name or service not known)"))

During handling of the above exception, another exception occurred:

Traceback (most recent call last):
  File "/home/airflow/.local/lib/python3.10/site-packages/airflow/models/taskinstance.py", line 465, in _execute_task
    result = _execute_callable(context=context, **execute_callable_kwargs)
  File "/home/airflow/.local/lib/python3.10/site-packages/airflow/models/taskinstance.py", line 432, in _execute_callable
    return execute_callable(context=context, **execute_callable_kwargs)
  File "/home/airflow/.local/lib/python3.10/site-packages/airflow/models/baseoperator.py", line 401, in wrapper
    return func(self, *args, **kwargs)
  File "/home/airflow/.local/lib/python3.10/site-packages/airflow/decorators/base.py", line 265, in execute
    return_value = super().execute(context)
  File "/home/airflow/.local/lib/python3.10/site-packages/airflow/models/baseoperator.py", line 401, in wrapper
    return func(self, *args, **kwargs)
  File "/home/airflow/.local/lib/python3.10/site-packages/airflow/operators/python.py", line 235, in execute
    return_value = self.execute_callable()
  File "/home/airflow/.local/lib/python3.10/site-packages/airflow/operators/python.py", line 252, in execute_callable
    return self.python_callable(*self.op_args, **self.op_kwargs)
  File "/opt/airflow/dags/api/video_stats.py", line 46, in get_playlist_id
    raise e
  File "/opt/airflow/dags/api/video_stats.py", line 29, in get_playlist_id
    response = requests.get(url)
  File "/home/airflow/.local/lib/python3.10/site-packages/requests/api.py", line 73, in get
    return request("get", url, params=params, **kwargs)
  File "/home/airflow/.local/lib/python3.10/site-packages/requests/api.py", line 59, in request
    return session.request(method=method, url=url, **kwargs)
  File "/home/airflow/.local/lib/python3.10/site-packages/requests/sessions.py", line 589, in request
    resp = self.send(prep, **send_kwargs)
  File "/home/airflow/.local/lib/python3.10/site-packages/requests/sessions.py", line 703, in send
    r = adapter.send(request, **kwargs)
  File "/home/airflow/.local/lib/python3.10/site-packages/requests/adapters.py", line 519, in send
    raise ConnectionError(e, request=request)
requests.exceptions.ConnectionError: HTTPSConnectionPool(host='youtube.googleapis.com', port=443): Max retries exceeded with url: /youtube/v3/channels?part=contentDetails&forHandle=MrBeast&key=*** (Caused by NameResolutionError("<urllib3.connection.HTTPSConnection object at 0x7f70ba6db790>: Failed to resolve 'youtube.googleapis.com' ([Errno -2] Name or service not known)"))
[2025-12-26T14:32:18.223+0000] {taskinstance.py:1206} INFO - Marking task as FAILED. dag_id=youtube_video_stats, task_id=get_playlist_id, run_id=scheduled__2025-12-25T14:00:00+00:00, execution_date=20251225T140000, start_date=20251226T143217, end_date=20251226T143218
[2025-12-26T14:32:18.258+0000] {standard_task_runner.py:110} ERROR - Failed to execute job 88 for task get_playlist_id (HTTPSConnectionPool(host='youtube.googleapis.com', port=443): Max retries exceeded with url: /youtube/v3/channels?part=contentDetails&forHandle=MrBeast&key=*** (Caused by NameResolutionError("<urllib3.connection.HTTPSConnection object at 0x7f70ba6db790>: Failed to resolve 'youtube.googleapis.com' ([Errno -2] Name or service not known)")); 13140)
[2025-12-26T14:32:18.330+0000] {local_task_job_runner.py:240} INFO - Task exited with return code 1
[2025-12-26T14:32:18.389+0000] {taskinstance.py:3503} INFO - 0 downstream tasks scheduled from follow-on schedule check
[2025-12-26T14:32:18.398+0000] {local_task_job_runner.py:222} INFO - ::endgroup::
