[2025-12-29T03:27:55.683+0000] {processor.py:161} INFO - Started process (PID=21047) to work on /opt/airflow/dags/main.py
[2025-12-29T03:27:55.687+0000] {processor.py:830} INFO - Processing file /opt/airflow/dags/main.py for tasks to queue
[2025-12-29T03:27:55.704+0000] {logging_mixin.py:188} INFO - [2025-12-29T03:27:55.703+0000] {dagbag.py:545} INFO - Filling up the DagBag from /opt/airflow/dags/main.py
[2025-12-29T03:27:56.853+0000] {processor.py:840} INFO - DAG(s) 'youtube_video_stats', 'update_db' retrieved from /opt/airflow/dags/main.py
[2025-12-29T03:27:57.243+0000] {logging_mixin.py:188} INFO - [2025-12-29T03:27:57.243+0000] {dag.py:3096} INFO - Sync 2 DAGs
[2025-12-29T03:27:57.364+0000] {logging_mixin.py:188} INFO - [2025-12-29T03:27:57.363+0000] {dag.py:3954} INFO - Setting next_dagrun for update_db to 2025-12-28 15:00:00+00:00, run_after=2025-12-29 15:00:00+00:00
[2025-12-29T03:27:57.395+0000] {logging_mixin.py:188} INFO - [2025-12-29T03:27:57.395+0000] {dag.py:3954} INFO - Setting next_dagrun for youtube_video_stats to 2025-12-28 14:00:00+00:00, run_after=2025-12-29 14:00:00+00:00
[2025-12-29T03:27:57.721+0000] {processor.py:183} INFO - Processing /opt/airflow/dags/main.py took 2.057 seconds
[2025-12-29T05:57:58.932+0000] {processor.py:161} INFO - Started process (PID=21054) to work on /opt/airflow/dags/main.py
[2025-12-29T05:57:58.941+0000] {processor.py:830} INFO - Processing file /opt/airflow/dags/main.py for tasks to queue
[2025-12-29T05:57:58.945+0000] {logging_mixin.py:188} INFO - [2025-12-29T05:57:58.945+0000] {dagbag.py:545} INFO - Filling up the DagBag from /opt/airflow/dags/main.py
[2025-12-29T05:57:59.504+0000] {processor.py:840} INFO - DAG(s) 'update_db', 'youtube_video_stats' retrieved from /opt/airflow/dags/main.py
[2025-12-29T05:57:59.661+0000] {logging_mixin.py:188} INFO - [2025-12-29T05:57:59.660+0000] {dag.py:3096} INFO - Sync 2 DAGs
[2025-12-29T05:57:59.779+0000] {logging_mixin.py:188} INFO - [2025-12-29T05:57:59.778+0000] {dag.py:3954} INFO - Setting next_dagrun for update_db to 2025-12-28 15:00:00+00:00, run_after=2025-12-29 15:00:00+00:00
[2025-12-29T05:57:59.811+0000] {logging_mixin.py:188} INFO - [2025-12-29T05:57:59.811+0000] {dag.py:3954} INFO - Setting next_dagrun for youtube_video_stats to 2025-12-28 14:00:00+00:00, run_after=2025-12-29 14:00:00+00:00
[2025-12-29T05:57:59.922+0000] {processor.py:183} INFO - Processing /opt/airflow/dags/main.py took 1.017 seconds
[2025-12-29T05:58:30.915+0000] {processor.py:161} INFO - Started process (PID=21061) to work on /opt/airflow/dags/main.py
[2025-12-29T05:58:30.925+0000] {processor.py:830} INFO - Processing file /opt/airflow/dags/main.py for tasks to queue
[2025-12-29T05:58:30.929+0000] {logging_mixin.py:188} INFO - [2025-12-29T05:58:30.928+0000] {dagbag.py:545} INFO - Filling up the DagBag from /opt/airflow/dags/main.py
[2025-12-29T05:58:31.552+0000] {processor.py:840} INFO - DAG(s) 'update_db', 'youtube_video_stats' retrieved from /opt/airflow/dags/main.py
[2025-12-29T05:58:31.794+0000] {logging_mixin.py:188} INFO - [2025-12-29T05:58:31.793+0000] {dag.py:3096} INFO - Sync 2 DAGs
[2025-12-29T05:58:31.986+0000] {logging_mixin.py:188} INFO - [2025-12-29T05:58:31.985+0000] {dag.py:3954} INFO - Setting next_dagrun for update_db to 2025-12-28 15:00:00+00:00, run_after=2025-12-29 15:00:00+00:00
[2025-12-29T05:58:32.045+0000] {logging_mixin.py:188} INFO - [2025-12-29T05:58:32.045+0000] {dag.py:3954} INFO - Setting next_dagrun for youtube_video_stats to 2025-12-28 14:00:00+00:00, run_after=2025-12-29 14:00:00+00:00
[2025-12-29T05:58:32.180+0000] {processor.py:183} INFO - Processing /opt/airflow/dags/main.py took 1.326 seconds
[2025-12-29T05:59:02.386+0000] {processor.py:161} INFO - Started process (PID=21068) to work on /opt/airflow/dags/main.py
[2025-12-29T05:59:02.390+0000] {processor.py:830} INFO - Processing file /opt/airflow/dags/main.py for tasks to queue
[2025-12-29T05:59:02.394+0000] {logging_mixin.py:188} INFO - [2025-12-29T05:59:02.393+0000] {dagbag.py:545} INFO - Filling up the DagBag from /opt/airflow/dags/main.py
[2025-12-29T05:59:02.860+0000] {processor.py:840} INFO - DAG(s) 'update_db', 'youtube_video_stats' retrieved from /opt/airflow/dags/main.py
[2025-12-29T05:59:02.986+0000] {logging_mixin.py:188} INFO - [2025-12-29T05:59:02.985+0000] {dag.py:3096} INFO - Sync 2 DAGs
[2025-12-29T05:59:03.076+0000] {logging_mixin.py:188} INFO - [2025-12-29T05:59:03.076+0000] {dag.py:3954} INFO - Setting next_dagrun for update_db to 2025-12-28 15:00:00+00:00, run_after=2025-12-29 15:00:00+00:00
[2025-12-29T05:59:03.109+0000] {logging_mixin.py:188} INFO - [2025-12-29T05:59:03.108+0000] {dag.py:3954} INFO - Setting next_dagrun for youtube_video_stats to 2025-12-28 14:00:00+00:00, run_after=2025-12-29 14:00:00+00:00
[2025-12-29T05:59:03.194+0000] {processor.py:183} INFO - Processing /opt/airflow/dags/main.py took 0.845 seconds
[2025-12-29T05:59:33.570+0000] {processor.py:161} INFO - Started process (PID=21075) to work on /opt/airflow/dags/main.py
[2025-12-29T05:59:33.572+0000] {processor.py:830} INFO - Processing file /opt/airflow/dags/main.py for tasks to queue
[2025-12-29T05:59:33.573+0000] {logging_mixin.py:188} INFO - [2025-12-29T05:59:33.573+0000] {dagbag.py:545} INFO - Filling up the DagBag from /opt/airflow/dags/main.py
[2025-12-29T05:59:33.774+0000] {processor.py:840} INFO - DAG(s) 'youtube_video_stats', 'update_db' retrieved from /opt/airflow/dags/main.py
[2025-12-29T05:59:33.828+0000] {logging_mixin.py:188} INFO - [2025-12-29T05:59:33.827+0000] {dag.py:3096} INFO - Sync 2 DAGs
[2025-12-29T05:59:33.873+0000] {logging_mixin.py:188} INFO - [2025-12-29T05:59:33.872+0000] {dag.py:3954} INFO - Setting next_dagrun for update_db to 2025-12-28 15:00:00+00:00, run_after=2025-12-29 15:00:00+00:00
[2025-12-29T05:59:33.884+0000] {logging_mixin.py:188} INFO - [2025-12-29T05:59:33.883+0000] {dag.py:3954} INFO - Setting next_dagrun for youtube_video_stats to 2025-12-28 14:00:00+00:00, run_after=2025-12-29 14:00:00+00:00
[2025-12-29T05:59:33.924+0000] {processor.py:183} INFO - Processing /opt/airflow/dags/main.py took 0.364 seconds
[2025-12-29T06:00:04.255+0000] {processor.py:161} INFO - Started process (PID=21083) to work on /opt/airflow/dags/main.py
[2025-12-29T06:00:04.258+0000] {processor.py:830} INFO - Processing file /opt/airflow/dags/main.py for tasks to queue
[2025-12-29T06:00:04.260+0000] {logging_mixin.py:188} INFO - [2025-12-29T06:00:04.259+0000] {dagbag.py:545} INFO - Filling up the DagBag from /opt/airflow/dags/main.py
[2025-12-29T06:00:04.535+0000] {processor.py:840} INFO - DAG(s) 'update_db', 'youtube_video_stats' retrieved from /opt/airflow/dags/main.py
[2025-12-29T06:00:04.604+0000] {logging_mixin.py:188} INFO - [2025-12-29T06:00:04.603+0000] {dag.py:3096} INFO - Sync 2 DAGs
[2025-12-29T06:00:04.661+0000] {logging_mixin.py:188} INFO - [2025-12-29T06:00:04.660+0000] {dag.py:3954} INFO - Setting next_dagrun for update_db to 2025-12-28 15:00:00+00:00, run_after=2025-12-29 15:00:00+00:00
[2025-12-29T06:00:04.673+0000] {logging_mixin.py:188} INFO - [2025-12-29T06:00:04.672+0000] {dag.py:3954} INFO - Setting next_dagrun for youtube_video_stats to 2025-12-28 14:00:00+00:00, run_after=2025-12-29 14:00:00+00:00
[2025-12-29T06:00:04.713+0000] {processor.py:183} INFO - Processing /opt/airflow/dags/main.py took 0.471 seconds
[2025-12-29T06:00:35.010+0000] {processor.py:161} INFO - Started process (PID=21090) to work on /opt/airflow/dags/main.py
[2025-12-29T06:00:35.014+0000] {processor.py:830} INFO - Processing file /opt/airflow/dags/main.py for tasks to queue
[2025-12-29T06:00:35.016+0000] {logging_mixin.py:188} INFO - [2025-12-29T06:00:35.016+0000] {dagbag.py:545} INFO - Filling up the DagBag from /opt/airflow/dags/main.py
[2025-12-29T06:00:35.279+0000] {processor.py:840} INFO - DAG(s) 'youtube_video_stats', 'update_db' retrieved from /opt/airflow/dags/main.py
[2025-12-29T06:00:35.363+0000] {logging_mixin.py:188} INFO - [2025-12-29T06:00:35.362+0000] {dag.py:3096} INFO - Sync 2 DAGs
[2025-12-29T06:00:35.438+0000] {logging_mixin.py:188} INFO - [2025-12-29T06:00:35.437+0000] {dag.py:3954} INFO - Setting next_dagrun for update_db to 2025-12-28 15:00:00+00:00, run_after=2025-12-29 15:00:00+00:00
[2025-12-29T06:00:35.458+0000] {logging_mixin.py:188} INFO - [2025-12-29T06:00:35.457+0000] {dag.py:3954} INFO - Setting next_dagrun for youtube_video_stats to 2025-12-28 14:00:00+00:00, run_after=2025-12-29 14:00:00+00:00
[2025-12-29T06:00:35.506+0000] {processor.py:183} INFO - Processing /opt/airflow/dags/main.py took 0.510 seconds
[2025-12-29T06:01:12.544+0000] {processor.py:161} INFO - Started process (PID=21097) to work on /opt/airflow/dags/main.py
[2025-12-29T06:01:12.560+0000] {processor.py:830} INFO - Processing file /opt/airflow/dags/main.py for tasks to queue
[2025-12-29T06:01:12.569+0000] {logging_mixin.py:188} INFO - [2025-12-29T06:01:12.567+0000] {dagbag.py:545} INFO - Filling up the DagBag from /opt/airflow/dags/main.py
[2025-12-29T06:01:13.019+0000] {processor.py:840} INFO - DAG(s) 'update_db', 'youtube_video_stats' retrieved from /opt/airflow/dags/main.py
[2025-12-29T06:01:13.072+0000] {logging_mixin.py:188} INFO - [2025-12-29T06:01:13.071+0000] {dag.py:3096} INFO - Sync 2 DAGs
[2025-12-29T06:01:13.114+0000] {logging_mixin.py:188} INFO - [2025-12-29T06:01:13.113+0000] {dag.py:3954} INFO - Setting next_dagrun for update_db to 2025-12-28 15:00:00+00:00, run_after=2025-12-29 15:00:00+00:00
[2025-12-29T06:01:13.124+0000] {logging_mixin.py:188} INFO - [2025-12-29T06:01:13.124+0000] {dag.py:3954} INFO - Setting next_dagrun for youtube_video_stats to 2025-12-28 14:00:00+00:00, run_after=2025-12-29 14:00:00+00:00
[2025-12-29T06:01:13.156+0000] {processor.py:183} INFO - Processing /opt/airflow/dags/main.py took 0.753 seconds
[2025-12-29T06:01:43.452+0000] {processor.py:161} INFO - Started process (PID=21104) to work on /opt/airflow/dags/main.py
[2025-12-29T06:01:43.454+0000] {processor.py:830} INFO - Processing file /opt/airflow/dags/main.py for tasks to queue
[2025-12-29T06:01:43.456+0000] {logging_mixin.py:188} INFO - [2025-12-29T06:01:43.456+0000] {dagbag.py:545} INFO - Filling up the DagBag from /opt/airflow/dags/main.py
[2025-12-29T06:01:43.698+0000] {processor.py:840} INFO - DAG(s) 'youtube_video_stats', 'update_db' retrieved from /opt/airflow/dags/main.py
[2025-12-29T06:01:43.756+0000] {logging_mixin.py:188} INFO - [2025-12-29T06:01:43.756+0000] {dag.py:3096} INFO - Sync 2 DAGs
[2025-12-29T06:01:43.819+0000] {logging_mixin.py:188} INFO - [2025-12-29T06:01:43.819+0000] {dag.py:3954} INFO - Setting next_dagrun for update_db to 2025-12-28 15:00:00+00:00, run_after=2025-12-29 15:00:00+00:00
[2025-12-29T06:01:43.831+0000] {logging_mixin.py:188} INFO - [2025-12-29T06:01:43.831+0000] {dag.py:3954} INFO - Setting next_dagrun for youtube_video_stats to 2025-12-28 14:00:00+00:00, run_after=2025-12-29 14:00:00+00:00
[2025-12-29T06:01:43.866+0000] {processor.py:183} INFO - Processing /opt/airflow/dags/main.py took 0.429 seconds
[2025-12-29T06:02:14.007+0000] {processor.py:161} INFO - Started process (PID=21111) to work on /opt/airflow/dags/main.py
[2025-12-29T06:02:14.009+0000] {processor.py:830} INFO - Processing file /opt/airflow/dags/main.py for tasks to queue
[2025-12-29T06:02:14.012+0000] {logging_mixin.py:188} INFO - [2025-12-29T06:02:14.011+0000] {dagbag.py:545} INFO - Filling up the DagBag from /opt/airflow/dags/main.py
[2025-12-29T06:02:14.204+0000] {processor.py:840} INFO - DAG(s) 'update_db', 'youtube_video_stats' retrieved from /opt/airflow/dags/main.py
[2025-12-29T06:02:14.258+0000] {logging_mixin.py:188} INFO - [2025-12-29T06:02:14.258+0000] {dag.py:3096} INFO - Sync 2 DAGs
[2025-12-29T06:02:14.297+0000] {logging_mixin.py:188} INFO - [2025-12-29T06:02:14.296+0000] {dag.py:3954} INFO - Setting next_dagrun for update_db to 2025-12-28 15:00:00+00:00, run_after=2025-12-29 15:00:00+00:00
[2025-12-29T06:02:14.307+0000] {logging_mixin.py:188} INFO - [2025-12-29T06:02:14.307+0000] {dag.py:3954} INFO - Setting next_dagrun for youtube_video_stats to 2025-12-28 14:00:00+00:00, run_after=2025-12-29 14:00:00+00:00
[2025-12-29T06:02:14.335+0000] {processor.py:183} INFO - Processing /opt/airflow/dags/main.py took 0.344 seconds
[2025-12-29T06:02:44.406+0000] {processor.py:161} INFO - Started process (PID=21118) to work on /opt/airflow/dags/main.py
[2025-12-29T06:02:44.408+0000] {processor.py:830} INFO - Processing file /opt/airflow/dags/main.py for tasks to queue
[2025-12-29T06:02:44.413+0000] {logging_mixin.py:188} INFO - [2025-12-29T06:02:44.412+0000] {dagbag.py:545} INFO - Filling up the DagBag from /opt/airflow/dags/main.py
[2025-12-29T06:02:44.599+0000] {processor.py:840} INFO - DAG(s) 'youtube_video_stats', 'update_db' retrieved from /opt/airflow/dags/main.py
[2025-12-29T06:02:44.656+0000] {logging_mixin.py:188} INFO - [2025-12-29T06:02:44.655+0000] {dag.py:3096} INFO - Sync 2 DAGs
[2025-12-29T06:02:44.697+0000] {logging_mixin.py:188} INFO - [2025-12-29T06:02:44.696+0000] {dag.py:3954} INFO - Setting next_dagrun for update_db to 2025-12-28 15:00:00+00:00, run_after=2025-12-29 15:00:00+00:00
[2025-12-29T06:02:44.708+0000] {logging_mixin.py:188} INFO - [2025-12-29T06:02:44.708+0000] {dag.py:3954} INFO - Setting next_dagrun for youtube_video_stats to 2025-12-28 14:00:00+00:00, run_after=2025-12-29 14:00:00+00:00
[2025-12-29T06:02:44.739+0000] {processor.py:183} INFO - Processing /opt/airflow/dags/main.py took 0.346 seconds
[2025-12-29T06:03:15.224+0000] {processor.py:161} INFO - Started process (PID=21125) to work on /opt/airflow/dags/main.py
[2025-12-29T06:03:15.226+0000] {processor.py:830} INFO - Processing file /opt/airflow/dags/main.py for tasks to queue
[2025-12-29T06:03:15.228+0000] {logging_mixin.py:188} INFO - [2025-12-29T06:03:15.228+0000] {dagbag.py:545} INFO - Filling up the DagBag from /opt/airflow/dags/main.py
[2025-12-29T06:03:15.437+0000] {processor.py:840} INFO - DAG(s) 'update_db', 'youtube_video_stats' retrieved from /opt/airflow/dags/main.py
[2025-12-29T06:03:15.513+0000] {logging_mixin.py:188} INFO - [2025-12-29T06:03:15.512+0000] {dag.py:3096} INFO - Sync 2 DAGs
[2025-12-29T06:03:15.581+0000] {logging_mixin.py:188} INFO - [2025-12-29T06:03:15.580+0000] {dag.py:3954} INFO - Setting next_dagrun for update_db to 2025-12-28 15:00:00+00:00, run_after=2025-12-29 15:00:00+00:00
[2025-12-29T06:03:15.596+0000] {logging_mixin.py:188} INFO - [2025-12-29T06:03:15.595+0000] {dag.py:3954} INFO - Setting next_dagrun for youtube_video_stats to 2025-12-28 14:00:00+00:00, run_after=2025-12-29 14:00:00+00:00
[2025-12-29T06:03:15.634+0000] {processor.py:183} INFO - Processing /opt/airflow/dags/main.py took 0.425 seconds
[2025-12-29T06:03:45.919+0000] {processor.py:161} INFO - Started process (PID=21132) to work on /opt/airflow/dags/main.py
[2025-12-29T06:03:45.921+0000] {processor.py:830} INFO - Processing file /opt/airflow/dags/main.py for tasks to queue
[2025-12-29T06:03:45.924+0000] {logging_mixin.py:188} INFO - [2025-12-29T06:03:45.923+0000] {dagbag.py:545} INFO - Filling up the DagBag from /opt/airflow/dags/main.py
[2025-12-29T06:03:46.126+0000] {processor.py:840} INFO - DAG(s) 'update_db', 'youtube_video_stats' retrieved from /opt/airflow/dags/main.py
[2025-12-29T06:03:46.188+0000] {logging_mixin.py:188} INFO - [2025-12-29T06:03:46.188+0000] {dag.py:3096} INFO - Sync 2 DAGs
[2025-12-29T06:03:46.237+0000] {logging_mixin.py:188} INFO - [2025-12-29T06:03:46.236+0000] {dag.py:3954} INFO - Setting next_dagrun for update_db to 2025-12-28 15:00:00+00:00, run_after=2025-12-29 15:00:00+00:00
[2025-12-29T06:03:46.247+0000] {logging_mixin.py:188} INFO - [2025-12-29T06:03:46.247+0000] {dag.py:3954} INFO - Setting next_dagrun for youtube_video_stats to 2025-12-28 14:00:00+00:00, run_after=2025-12-29 14:00:00+00:00
[2025-12-29T06:03:46.279+0000] {processor.py:183} INFO - Processing /opt/airflow/dags/main.py took 0.370 seconds
[2025-12-29T06:04:16.593+0000] {processor.py:161} INFO - Started process (PID=21139) to work on /opt/airflow/dags/main.py
[2025-12-29T06:04:16.597+0000] {processor.py:830} INFO - Processing file /opt/airflow/dags/main.py for tasks to queue
[2025-12-29T06:04:16.599+0000] {logging_mixin.py:188} INFO - [2025-12-29T06:04:16.598+0000] {dagbag.py:545} INFO - Filling up the DagBag from /opt/airflow/dags/main.py
[2025-12-29T06:04:16.790+0000] {processor.py:840} INFO - DAG(s) 'youtube_video_stats', 'update_db' retrieved from /opt/airflow/dags/main.py
[2025-12-29T06:04:16.858+0000] {logging_mixin.py:188} INFO - [2025-12-29T06:04:16.858+0000] {dag.py:3096} INFO - Sync 2 DAGs
[2025-12-29T06:04:16.907+0000] {logging_mixin.py:188} INFO - [2025-12-29T06:04:16.906+0000] {dag.py:3954} INFO - Setting next_dagrun for update_db to 2025-12-28 15:00:00+00:00, run_after=2025-12-29 15:00:00+00:00
[2025-12-29T06:04:16.918+0000] {logging_mixin.py:188} INFO - [2025-12-29T06:04:16.918+0000] {dag.py:3954} INFO - Setting next_dagrun for youtube_video_stats to 2025-12-28 14:00:00+00:00, run_after=2025-12-29 14:00:00+00:00
[2025-12-29T06:04:16.952+0000] {processor.py:183} INFO - Processing /opt/airflow/dags/main.py took 0.373 seconds
[2025-12-29T06:04:47.263+0000] {processor.py:161} INFO - Started process (PID=21146) to work on /opt/airflow/dags/main.py
[2025-12-29T06:04:47.265+0000] {processor.py:830} INFO - Processing file /opt/airflow/dags/main.py for tasks to queue
[2025-12-29T06:04:47.268+0000] {logging_mixin.py:188} INFO - [2025-12-29T06:04:47.268+0000] {dagbag.py:545} INFO - Filling up the DagBag from /opt/airflow/dags/main.py
[2025-12-29T06:04:47.506+0000] {processor.py:840} INFO - DAG(s) 'youtube_video_stats', 'update_db' retrieved from /opt/airflow/dags/main.py
[2025-12-29T06:04:47.598+0000] {logging_mixin.py:188} INFO - [2025-12-29T06:04:47.598+0000] {dag.py:3096} INFO - Sync 2 DAGs
[2025-12-29T06:04:47.666+0000] {logging_mixin.py:188} INFO - [2025-12-29T06:04:47.665+0000] {dag.py:3954} INFO - Setting next_dagrun for update_db to 2025-12-28 15:00:00+00:00, run_after=2025-12-29 15:00:00+00:00
[2025-12-29T06:04:47.680+0000] {logging_mixin.py:188} INFO - [2025-12-29T06:04:47.680+0000] {dag.py:3954} INFO - Setting next_dagrun for youtube_video_stats to 2025-12-28 14:00:00+00:00, run_after=2025-12-29 14:00:00+00:00
[2025-12-29T06:04:47.724+0000] {processor.py:183} INFO - Processing /opt/airflow/dags/main.py took 0.474 seconds
[2025-12-29T06:05:18.039+0000] {processor.py:161} INFO - Started process (PID=21153) to work on /opt/airflow/dags/main.py
[2025-12-29T06:05:18.041+0000] {processor.py:830} INFO - Processing file /opt/airflow/dags/main.py for tasks to queue
[2025-12-29T06:05:18.043+0000] {logging_mixin.py:188} INFO - [2025-12-29T06:05:18.042+0000] {dagbag.py:545} INFO - Filling up the DagBag from /opt/airflow/dags/main.py
[2025-12-29T06:05:18.247+0000] {processor.py:840} INFO - DAG(s) 'update_db', 'youtube_video_stats' retrieved from /opt/airflow/dags/main.py
[2025-12-29T06:05:18.329+0000] {logging_mixin.py:188} INFO - [2025-12-29T06:05:18.329+0000] {dag.py:3096} INFO - Sync 2 DAGs
[2025-12-29T06:05:18.379+0000] {logging_mixin.py:188} INFO - [2025-12-29T06:05:18.379+0000] {dag.py:3954} INFO - Setting next_dagrun for update_db to 2025-12-28 15:00:00+00:00, run_after=2025-12-29 15:00:00+00:00
[2025-12-29T06:05:18.391+0000] {logging_mixin.py:188} INFO - [2025-12-29T06:05:18.391+0000] {dag.py:3954} INFO - Setting next_dagrun for youtube_video_stats to 2025-12-28 14:00:00+00:00, run_after=2025-12-29 14:00:00+00:00
[2025-12-29T06:05:18.435+0000] {processor.py:183} INFO - Processing /opt/airflow/dags/main.py took 0.408 seconds
[2025-12-29T06:05:48.807+0000] {processor.py:161} INFO - Started process (PID=21160) to work on /opt/airflow/dags/main.py
[2025-12-29T06:05:48.810+0000] {processor.py:830} INFO - Processing file /opt/airflow/dags/main.py for tasks to queue
[2025-12-29T06:05:48.812+0000] {logging_mixin.py:188} INFO - [2025-12-29T06:05:48.811+0000] {dagbag.py:545} INFO - Filling up the DagBag from /opt/airflow/dags/main.py
[2025-12-29T06:05:48.989+0000] {processor.py:840} INFO - DAG(s) 'update_db', 'youtube_video_stats' retrieved from /opt/airflow/dags/main.py
[2025-12-29T06:05:49.063+0000] {logging_mixin.py:188} INFO - [2025-12-29T06:05:49.063+0000] {dag.py:3096} INFO - Sync 2 DAGs
[2025-12-29T06:05:49.117+0000] {logging_mixin.py:188} INFO - [2025-12-29T06:05:49.117+0000] {dag.py:3954} INFO - Setting next_dagrun for update_db to 2025-12-28 15:00:00+00:00, run_after=2025-12-29 15:00:00+00:00
[2025-12-29T06:05:49.131+0000] {logging_mixin.py:188} INFO - [2025-12-29T06:05:49.131+0000] {dag.py:3954} INFO - Setting next_dagrun for youtube_video_stats to 2025-12-28 14:00:00+00:00, run_after=2025-12-29 14:00:00+00:00
[2025-12-29T06:05:49.168+0000] {processor.py:183} INFO - Processing /opt/airflow/dags/main.py took 0.380 seconds
[2025-12-29T06:06:19.495+0000] {processor.py:161} INFO - Started process (PID=21167) to work on /opt/airflow/dags/main.py
[2025-12-29T06:06:19.499+0000] {processor.py:830} INFO - Processing file /opt/airflow/dags/main.py for tasks to queue
[2025-12-29T06:06:19.502+0000] {logging_mixin.py:188} INFO - [2025-12-29T06:06:19.501+0000] {dagbag.py:545} INFO - Filling up the DagBag from /opt/airflow/dags/main.py
[2025-12-29T06:06:19.726+0000] {processor.py:840} INFO - DAG(s) 'update_db', 'youtube_video_stats' retrieved from /opt/airflow/dags/main.py
[2025-12-29T06:06:19.812+0000] {logging_mixin.py:188} INFO - [2025-12-29T06:06:19.812+0000] {dag.py:3096} INFO - Sync 2 DAGs
[2025-12-29T06:06:19.869+0000] {logging_mixin.py:188} INFO - [2025-12-29T06:06:19.868+0000] {dag.py:3954} INFO - Setting next_dagrun for update_db to 2025-12-28 15:00:00+00:00, run_after=2025-12-29 15:00:00+00:00
[2025-12-29T06:06:19.881+0000] {logging_mixin.py:188} INFO - [2025-12-29T06:06:19.881+0000] {dag.py:3954} INFO - Setting next_dagrun for youtube_video_stats to 2025-12-28 14:00:00+00:00, run_after=2025-12-29 14:00:00+00:00
[2025-12-29T06:06:19.918+0000] {processor.py:183} INFO - Processing /opt/airflow/dags/main.py took 0.436 seconds
[2025-12-29T06:06:50.226+0000] {processor.py:161} INFO - Started process (PID=21174) to work on /opt/airflow/dags/main.py
[2025-12-29T06:06:50.230+0000] {processor.py:830} INFO - Processing file /opt/airflow/dags/main.py for tasks to queue
[2025-12-29T06:06:50.232+0000] {logging_mixin.py:188} INFO - [2025-12-29T06:06:50.231+0000] {dagbag.py:545} INFO - Filling up the DagBag from /opt/airflow/dags/main.py
[2025-12-29T06:06:50.478+0000] {processor.py:840} INFO - DAG(s) 'update_db', 'youtube_video_stats' retrieved from /opt/airflow/dags/main.py
[2025-12-29T06:06:50.571+0000] {logging_mixin.py:188} INFO - [2025-12-29T06:06:50.570+0000] {dag.py:3096} INFO - Sync 2 DAGs
[2025-12-29T06:06:50.629+0000] {logging_mixin.py:188} INFO - [2025-12-29T06:06:50.628+0000] {dag.py:3954} INFO - Setting next_dagrun for update_db to 2025-12-28 15:00:00+00:00, run_after=2025-12-29 15:00:00+00:00
[2025-12-29T06:06:50.647+0000] {logging_mixin.py:188} INFO - [2025-12-29T06:06:50.646+0000] {dag.py:3954} INFO - Setting next_dagrun for youtube_video_stats to 2025-12-28 14:00:00+00:00, run_after=2025-12-29 14:00:00+00:00
[2025-12-29T06:06:50.689+0000] {processor.py:183} INFO - Processing /opt/airflow/dags/main.py took 0.482 seconds
[2025-12-29T06:07:20.990+0000] {processor.py:161} INFO - Started process (PID=21181) to work on /opt/airflow/dags/main.py
[2025-12-29T06:07:20.992+0000] {processor.py:830} INFO - Processing file /opt/airflow/dags/main.py for tasks to queue
[2025-12-29T06:07:20.994+0000] {logging_mixin.py:188} INFO - [2025-12-29T06:07:20.993+0000] {dagbag.py:545} INFO - Filling up the DagBag from /opt/airflow/dags/main.py
[2025-12-29T06:07:21.245+0000] {processor.py:840} INFO - DAG(s) 'youtube_video_stats', 'update_db' retrieved from /opt/airflow/dags/main.py
[2025-12-29T06:07:21.328+0000] {logging_mixin.py:188} INFO - [2025-12-29T06:07:21.328+0000] {dag.py:3096} INFO - Sync 2 DAGs
[2025-12-29T06:07:21.383+0000] {logging_mixin.py:188} INFO - [2025-12-29T06:07:21.383+0000] {dag.py:3954} INFO - Setting next_dagrun for update_db to 2025-12-28 15:00:00+00:00, run_after=2025-12-29 15:00:00+00:00
[2025-12-29T06:07:21.395+0000] {logging_mixin.py:188} INFO - [2025-12-29T06:07:21.395+0000] {dag.py:3954} INFO - Setting next_dagrun for youtube_video_stats to 2025-12-28 14:00:00+00:00, run_after=2025-12-29 14:00:00+00:00
[2025-12-29T06:07:21.433+0000] {processor.py:183} INFO - Processing /opt/airflow/dags/main.py took 0.457 seconds
[2025-12-29T14:35:01.793+0000] {processor.py:161} INFO - Started process (PID=21188) to work on /opt/airflow/dags/main.py
[2025-12-29T14:35:01.799+0000] {processor.py:830} INFO - Processing file /opt/airflow/dags/main.py for tasks to queue
[2025-12-29T14:35:01.802+0000] {logging_mixin.py:188} INFO - [2025-12-29T14:35:01.802+0000] {dagbag.py:545} INFO - Filling up the DagBag from /opt/airflow/dags/main.py
[2025-12-29T14:35:02.697+0000] {processor.py:840} INFO - DAG(s) 'youtube_video_stats', 'update_db' retrieved from /opt/airflow/dags/main.py
[2025-12-29T14:35:02.865+0000] {logging_mixin.py:188} INFO - [2025-12-29T14:35:02.864+0000] {dag.py:3096} INFO - Sync 2 DAGs
[2025-12-29T14:35:06.404+0000] {logging_mixin.py:188} INFO - [2025-12-29T14:35:06.403+0000] {dag.py:3954} INFO - Setting next_dagrun for update_db to 2025-12-28 15:00:00+00:00, run_after=2025-12-29 15:00:00+00:00
[2025-12-29T14:35:06.425+0000] {logging_mixin.py:188} INFO - [2025-12-29T14:35:06.424+0000] {dag.py:3954} INFO - Setting next_dagrun for youtube_video_stats to 2025-12-29 14:00:00+00:00, run_after=2025-12-30 14:00:00+00:00
[2025-12-29T14:35:06.555+0000] {processor.py:183} INFO - Processing /opt/airflow/dags/main.py took 4.775 seconds
[2025-12-29T14:35:37.328+0000] {processor.py:161} INFO - Started process (PID=21195) to work on /opt/airflow/dags/main.py
[2025-12-29T14:35:37.335+0000] {processor.py:830} INFO - Processing file /opt/airflow/dags/main.py for tasks to queue
[2025-12-29T14:35:37.346+0000] {logging_mixin.py:188} INFO - [2025-12-29T14:35:37.345+0000] {dagbag.py:545} INFO - Filling up the DagBag from /opt/airflow/dags/main.py
[2025-12-29T14:35:38.025+0000] {processor.py:840} INFO - DAG(s) 'youtube_video_stats', 'update_db' retrieved from /opt/airflow/dags/main.py
[2025-12-29T14:35:38.218+0000] {logging_mixin.py:188} INFO - [2025-12-29T14:35:38.217+0000] {dag.py:3096} INFO - Sync 2 DAGs
[2025-12-29T14:35:38.367+0000] {logging_mixin.py:188} INFO - [2025-12-29T14:35:38.367+0000] {dag.py:3954} INFO - Setting next_dagrun for update_db to 2025-12-28 15:00:00+00:00, run_after=2025-12-29 15:00:00+00:00
[2025-12-29T14:35:38.396+0000] {logging_mixin.py:188} INFO - [2025-12-29T14:35:38.396+0000] {dag.py:3954} INFO - Setting next_dagrun for youtube_video_stats to 2025-12-29 14:00:00+00:00, run_after=2025-12-30 14:00:00+00:00
[2025-12-29T14:35:38.515+0000] {processor.py:183} INFO - Processing /opt/airflow/dags/main.py took 1.237 seconds
[2025-12-29T14:36:08.761+0000] {processor.py:161} INFO - Started process (PID=21208) to work on /opt/airflow/dags/main.py
[2025-12-29T14:36:08.763+0000] {processor.py:830} INFO - Processing file /opt/airflow/dags/main.py for tasks to queue
[2025-12-29T14:36:08.765+0000] {logging_mixin.py:188} INFO - [2025-12-29T14:36:08.764+0000] {dagbag.py:545} INFO - Filling up the DagBag from /opt/airflow/dags/main.py
[2025-12-29T14:36:09.034+0000] {processor.py:840} INFO - DAG(s) 'update_db', 'youtube_video_stats' retrieved from /opt/airflow/dags/main.py
[2025-12-29T14:36:09.119+0000] {logging_mixin.py:188} INFO - [2025-12-29T14:36:09.118+0000] {dag.py:3096} INFO - Sync 2 DAGs
[2025-12-29T14:36:09.214+0000] {logging_mixin.py:188} INFO - [2025-12-29T14:36:09.213+0000] {dag.py:3954} INFO - Setting next_dagrun for update_db to 2025-12-28 15:00:00+00:00, run_after=2025-12-29 15:00:00+00:00
[2025-12-29T14:36:09.245+0000] {logging_mixin.py:188} INFO - [2025-12-29T14:36:09.245+0000] {dag.py:3954} INFO - Setting next_dagrun for youtube_video_stats to 2025-12-29 14:00:00+00:00, run_after=2025-12-30 14:00:00+00:00
[2025-12-29T14:36:09.309+0000] {processor.py:183} INFO - Processing /opt/airflow/dags/main.py took 0.563 seconds
[2025-12-29T14:36:39.574+0000] {processor.py:161} INFO - Started process (PID=21215) to work on /opt/airflow/dags/main.py
[2025-12-29T14:36:39.575+0000] {processor.py:830} INFO - Processing file /opt/airflow/dags/main.py for tasks to queue
[2025-12-29T14:36:39.576+0000] {logging_mixin.py:188} INFO - [2025-12-29T14:36:39.576+0000] {dagbag.py:545} INFO - Filling up the DagBag from /opt/airflow/dags/main.py
[2025-12-29T14:36:39.681+0000] {processor.py:840} INFO - DAG(s) 'update_db', 'youtube_video_stats' retrieved from /opt/airflow/dags/main.py
[2025-12-29T14:36:39.713+0000] {logging_mixin.py:188} INFO - [2025-12-29T14:36:39.713+0000] {dag.py:3096} INFO - Sync 2 DAGs
[2025-12-29T14:36:39.736+0000] {logging_mixin.py:188} INFO - [2025-12-29T14:36:39.736+0000] {dag.py:3954} INFO - Setting next_dagrun for update_db to 2025-12-28 15:00:00+00:00, run_after=2025-12-29 15:00:00+00:00
[2025-12-29T14:36:39.742+0000] {logging_mixin.py:188} INFO - [2025-12-29T14:36:39.742+0000] {dag.py:3954} INFO - Setting next_dagrun for youtube_video_stats to 2025-12-29 14:00:00+00:00, run_after=2025-12-30 14:00:00+00:00
[2025-12-29T14:36:39.761+0000] {processor.py:183} INFO - Processing /opt/airflow/dags/main.py took 0.195 seconds
[2025-12-29T14:37:10.165+0000] {processor.py:161} INFO - Started process (PID=21222) to work on /opt/airflow/dags/main.py
[2025-12-29T14:37:10.168+0000] {processor.py:830} INFO - Processing file /opt/airflow/dags/main.py for tasks to queue
[2025-12-29T14:37:10.170+0000] {logging_mixin.py:188} INFO - [2025-12-29T14:37:10.169+0000] {dagbag.py:545} INFO - Filling up the DagBag from /opt/airflow/dags/main.py
[2025-12-29T14:37:10.819+0000] {processor.py:840} INFO - DAG(s) 'youtube_video_stats', 'update_db' retrieved from /opt/airflow/dags/main.py
[2025-12-29T14:37:10.899+0000] {logging_mixin.py:188} INFO - [2025-12-29T14:37:10.899+0000] {dag.py:3096} INFO - Sync 2 DAGs
[2025-12-29T14:37:10.948+0000] {logging_mixin.py:188} INFO - [2025-12-29T14:37:10.948+0000] {dag.py:3954} INFO - Setting next_dagrun for update_db to 2025-12-28 15:00:00+00:00, run_after=2025-12-29 15:00:00+00:00
[2025-12-29T14:37:10.959+0000] {logging_mixin.py:188} INFO - [2025-12-29T14:37:10.959+0000] {dag.py:3954} INFO - Setting next_dagrun for youtube_video_stats to 2025-12-29 14:00:00+00:00, run_after=2025-12-30 14:00:00+00:00
[2025-12-29T14:37:10.999+0000] {processor.py:183} INFO - Processing /opt/airflow/dags/main.py took 0.856 seconds
[2025-12-29T14:37:41.254+0000] {processor.py:161} INFO - Started process (PID=21229) to work on /opt/airflow/dags/main.py
[2025-12-29T14:37:41.255+0000] {processor.py:830} INFO - Processing file /opt/airflow/dags/main.py for tasks to queue
[2025-12-29T14:37:41.256+0000] {logging_mixin.py:188} INFO - [2025-12-29T14:37:41.256+0000] {dagbag.py:545} INFO - Filling up the DagBag from /opt/airflow/dags/main.py
[2025-12-29T14:37:41.379+0000] {processor.py:840} INFO - DAG(s) 'youtube_video_stats', 'update_db' retrieved from /opt/airflow/dags/main.py
[2025-12-29T14:37:41.413+0000] {logging_mixin.py:188} INFO - [2025-12-29T14:37:41.413+0000] {dag.py:3096} INFO - Sync 2 DAGs
[2025-12-29T14:37:41.437+0000] {logging_mixin.py:188} INFO - [2025-12-29T14:37:41.437+0000] {dag.py:3954} INFO - Setting next_dagrun for update_db to 2025-12-28 15:00:00+00:00, run_after=2025-12-29 15:00:00+00:00
[2025-12-29T14:37:41.443+0000] {logging_mixin.py:188} INFO - [2025-12-29T14:37:41.443+0000] {dag.py:3954} INFO - Setting next_dagrun for youtube_video_stats to 2025-12-29 14:00:00+00:00, run_after=2025-12-30 14:00:00+00:00
[2025-12-29T14:37:41.463+0000] {processor.py:183} INFO - Processing /opt/airflow/dags/main.py took 0.216 seconds
[2025-12-29T14:38:11.729+0000] {processor.py:161} INFO - Started process (PID=21236) to work on /opt/airflow/dags/main.py
[2025-12-29T14:38:11.733+0000] {processor.py:830} INFO - Processing file /opt/airflow/dags/main.py for tasks to queue
[2025-12-29T14:38:11.735+0000] {logging_mixin.py:188} INFO - [2025-12-29T14:38:11.734+0000] {dagbag.py:545} INFO - Filling up the DagBag from /opt/airflow/dags/main.py
[2025-12-29T14:38:11.972+0000] {processor.py:840} INFO - DAG(s) 'update_db', 'youtube_video_stats' retrieved from /opt/airflow/dags/main.py
[2025-12-29T14:38:12.041+0000] {logging_mixin.py:188} INFO - [2025-12-29T14:38:12.040+0000] {dag.py:3096} INFO - Sync 2 DAGs
[2025-12-29T14:38:12.097+0000] {logging_mixin.py:188} INFO - [2025-12-29T14:38:12.097+0000] {dag.py:3954} INFO - Setting next_dagrun for update_db to 2025-12-28 15:00:00+00:00, run_after=2025-12-29 15:00:00+00:00
[2025-12-29T14:38:12.111+0000] {logging_mixin.py:188} INFO - [2025-12-29T14:38:12.110+0000] {dag.py:3954} INFO - Setting next_dagrun for youtube_video_stats to 2025-12-29 14:00:00+00:00, run_after=2025-12-30 14:00:00+00:00
[2025-12-29T14:38:15.049+0000] {processor.py:183} INFO - Processing /opt/airflow/dags/main.py took 3.338 seconds
[2025-12-29T14:38:45.335+0000] {processor.py:161} INFO - Started process (PID=21243) to work on /opt/airflow/dags/main.py
[2025-12-29T14:38:45.336+0000] {processor.py:830} INFO - Processing file /opt/airflow/dags/main.py for tasks to queue
[2025-12-29T14:38:45.338+0000] {logging_mixin.py:188} INFO - [2025-12-29T14:38:45.338+0000] {dagbag.py:545} INFO - Filling up the DagBag from /opt/airflow/dags/main.py
[2025-12-29T14:38:45.526+0000] {processor.py:840} INFO - DAG(s) 'youtube_video_stats', 'update_db' retrieved from /opt/airflow/dags/main.py
[2025-12-29T14:38:45.588+0000] {logging_mixin.py:188} INFO - [2025-12-29T14:38:45.587+0000] {dag.py:3096} INFO - Sync 2 DAGs
[2025-12-29T14:38:45.642+0000] {logging_mixin.py:188} INFO - [2025-12-29T14:38:45.642+0000] {dag.py:3954} INFO - Setting next_dagrun for update_db to 2025-12-28 15:00:00+00:00, run_after=2025-12-29 15:00:00+00:00
[2025-12-29T14:38:45.651+0000] {logging_mixin.py:188} INFO - [2025-12-29T14:38:45.651+0000] {dag.py:3954} INFO - Setting next_dagrun for youtube_video_stats to 2025-12-29 14:00:00+00:00, run_after=2025-12-30 14:00:00+00:00
[2025-12-29T14:38:45.684+0000] {processor.py:183} INFO - Processing /opt/airflow/dags/main.py took 0.359 seconds
[2025-12-29T14:39:15.951+0000] {processor.py:161} INFO - Started process (PID=21250) to work on /opt/airflow/dags/main.py
[2025-12-29T14:39:15.953+0000] {processor.py:830} INFO - Processing file /opt/airflow/dags/main.py for tasks to queue
[2025-12-29T14:39:15.955+0000] {logging_mixin.py:188} INFO - [2025-12-29T14:39:15.955+0000] {dagbag.py:545} INFO - Filling up the DagBag from /opt/airflow/dags/main.py
[2025-12-29T14:39:16.118+0000] {processor.py:840} INFO - DAG(s) 'youtube_video_stats', 'update_db' retrieved from /opt/airflow/dags/main.py
[2025-12-29T14:39:16.180+0000] {logging_mixin.py:188} INFO - [2025-12-29T14:39:16.180+0000] {dag.py:3096} INFO - Sync 2 DAGs
[2025-12-29T14:39:16.235+0000] {logging_mixin.py:188} INFO - [2025-12-29T14:39:16.234+0000] {dag.py:3954} INFO - Setting next_dagrun for update_db to 2025-12-28 15:00:00+00:00, run_after=2025-12-29 15:00:00+00:00
[2025-12-29T14:39:16.248+0000] {logging_mixin.py:188} INFO - [2025-12-29T14:39:16.248+0000] {dag.py:3954} INFO - Setting next_dagrun for youtube_video_stats to 2025-12-29 14:00:00+00:00, run_after=2025-12-30 14:00:00+00:00
[2025-12-29T14:39:16.282+0000] {processor.py:183} INFO - Processing /opt/airflow/dags/main.py took 0.340 seconds
[2025-12-29T14:39:46.557+0000] {processor.py:161} INFO - Started process (PID=21257) to work on /opt/airflow/dags/main.py
[2025-12-29T14:39:46.561+0000] {processor.py:830} INFO - Processing file /opt/airflow/dags/main.py for tasks to queue
[2025-12-29T14:39:46.564+0000] {logging_mixin.py:188} INFO - [2025-12-29T14:39:46.563+0000] {dagbag.py:545} INFO - Filling up the DagBag from /opt/airflow/dags/main.py
[2025-12-29T14:39:46.780+0000] {processor.py:840} INFO - DAG(s) 'update_db', 'youtube_video_stats' retrieved from /opt/airflow/dags/main.py
[2025-12-29T14:39:46.872+0000] {logging_mixin.py:188} INFO - [2025-12-29T14:39:46.872+0000] {dag.py:3096} INFO - Sync 2 DAGs
[2025-12-29T14:39:46.924+0000] {logging_mixin.py:188} INFO - [2025-12-29T14:39:46.924+0000] {dag.py:3954} INFO - Setting next_dagrun for update_db to 2025-12-28 15:00:00+00:00, run_after=2025-12-29 15:00:00+00:00
[2025-12-29T14:39:46.939+0000] {logging_mixin.py:188} INFO - [2025-12-29T14:39:46.939+0000] {dag.py:3954} INFO - Setting next_dagrun for youtube_video_stats to 2025-12-29 14:00:00+00:00, run_after=2025-12-30 14:00:00+00:00
[2025-12-29T14:39:46.974+0000] {processor.py:183} INFO - Processing /opt/airflow/dags/main.py took 0.432 seconds
[2025-12-29T14:40:17.519+0000] {processor.py:161} INFO - Started process (PID=21264) to work on /opt/airflow/dags/main.py
[2025-12-29T14:40:17.521+0000] {processor.py:830} INFO - Processing file /opt/airflow/dags/main.py for tasks to queue
[2025-12-29T14:40:17.523+0000] {logging_mixin.py:188} INFO - [2025-12-29T14:40:17.523+0000] {dagbag.py:545} INFO - Filling up the DagBag from /opt/airflow/dags/main.py
[2025-12-29T14:40:17.723+0000] {processor.py:840} INFO - DAG(s) 'update_db', 'youtube_video_stats' retrieved from /opt/airflow/dags/main.py
[2025-12-29T14:40:17.784+0000] {logging_mixin.py:188} INFO - [2025-12-29T14:40:17.783+0000] {dag.py:3096} INFO - Sync 2 DAGs
[2025-12-29T14:40:17.826+0000] {logging_mixin.py:188} INFO - [2025-12-29T14:40:17.826+0000] {dag.py:3954} INFO - Setting next_dagrun for update_db to 2025-12-28 15:00:00+00:00, run_after=2025-12-29 15:00:00+00:00
[2025-12-29T14:40:17.836+0000] {logging_mixin.py:188} INFO - [2025-12-29T14:40:17.835+0000] {dag.py:3954} INFO - Setting next_dagrun for youtube_video_stats to 2025-12-29 14:00:00+00:00, run_after=2025-12-30 14:00:00+00:00
[2025-12-29T14:40:17.870+0000] {processor.py:183} INFO - Processing /opt/airflow/dags/main.py took 0.364 seconds
[2025-12-29T14:40:48.017+0000] {processor.py:161} INFO - Started process (PID=21271) to work on /opt/airflow/dags/main.py
[2025-12-29T14:40:48.022+0000] {processor.py:830} INFO - Processing file /opt/airflow/dags/main.py for tasks to queue
[2025-12-29T14:40:48.027+0000] {logging_mixin.py:188} INFO - [2025-12-29T14:40:48.025+0000] {dagbag.py:545} INFO - Filling up the DagBag from /opt/airflow/dags/main.py
[2025-12-29T14:40:48.342+0000] {processor.py:840} INFO - DAG(s) 'youtube_video_stats', 'update_db' retrieved from /opt/airflow/dags/main.py
[2025-12-29T14:40:48.499+0000] {logging_mixin.py:188} INFO - [2025-12-29T14:40:48.498+0000] {dag.py:3096} INFO - Sync 2 DAGs
[2025-12-29T14:40:48.595+0000] {logging_mixin.py:188} INFO - [2025-12-29T14:40:48.594+0000] {dag.py:3954} INFO - Setting next_dagrun for update_db to 2025-12-28 15:00:00+00:00, run_after=2025-12-29 15:00:00+00:00
[2025-12-29T14:40:48.616+0000] {logging_mixin.py:188} INFO - [2025-12-29T14:40:48.615+0000] {dag.py:3954} INFO - Setting next_dagrun for youtube_video_stats to 2025-12-29 14:00:00+00:00, run_after=2025-12-30 14:00:00+00:00
[2025-12-29T14:40:48.679+0000] {processor.py:183} INFO - Processing /opt/airflow/dags/main.py took 0.686 seconds
[2025-12-29T14:41:18.989+0000] {processor.py:161} INFO - Started process (PID=21278) to work on /opt/airflow/dags/main.py
[2025-12-29T14:41:18.991+0000] {processor.py:830} INFO - Processing file /opt/airflow/dags/main.py for tasks to queue
[2025-12-29T14:41:18.993+0000] {logging_mixin.py:188} INFO - [2025-12-29T14:41:18.993+0000] {dagbag.py:545} INFO - Filling up the DagBag from /opt/airflow/dags/main.py
[2025-12-29T14:41:19.176+0000] {processor.py:840} INFO - DAG(s) 'update_db', 'youtube_video_stats' retrieved from /opt/airflow/dags/main.py
[2025-12-29T14:41:19.238+0000] {logging_mixin.py:188} INFO - [2025-12-29T14:41:19.237+0000] {dag.py:3096} INFO - Sync 2 DAGs
[2025-12-29T14:41:19.281+0000] {logging_mixin.py:188} INFO - [2025-12-29T14:41:19.281+0000] {dag.py:3954} INFO - Setting next_dagrun for update_db to 2025-12-28 15:00:00+00:00, run_after=2025-12-29 15:00:00+00:00
[2025-12-29T14:41:19.547+0000] {logging_mixin.py:188} INFO - [2025-12-29T14:41:19.546+0000] {dag.py:3954} INFO - Setting next_dagrun for youtube_video_stats to 2025-12-29 14:00:00+00:00, run_after=2025-12-30 14:00:00+00:00
[2025-12-29T14:41:19.578+0000] {processor.py:183} INFO - Processing /opt/airflow/dags/main.py took 0.599 seconds
[2025-12-29T14:41:49.662+0000] {processor.py:161} INFO - Started process (PID=21285) to work on /opt/airflow/dags/main.py
[2025-12-29T14:41:49.665+0000] {processor.py:830} INFO - Processing file /opt/airflow/dags/main.py for tasks to queue
[2025-12-29T14:41:49.667+0000] {logging_mixin.py:188} INFO - [2025-12-29T14:41:49.667+0000] {dagbag.py:545} INFO - Filling up the DagBag from /opt/airflow/dags/main.py
[2025-12-29T14:41:49.849+0000] {processor.py:840} INFO - DAG(s) 'update_db', 'youtube_video_stats' retrieved from /opt/airflow/dags/main.py
[2025-12-29T14:41:49.916+0000] {logging_mixin.py:188} INFO - [2025-12-29T14:41:49.916+0000] {dag.py:3096} INFO - Sync 2 DAGs
[2025-12-29T14:41:49.964+0000] {logging_mixin.py:188} INFO - [2025-12-29T14:41:49.964+0000] {dag.py:3954} INFO - Setting next_dagrun for update_db to 2025-12-28 15:00:00+00:00, run_after=2025-12-29 15:00:00+00:00
[2025-12-29T14:41:49.974+0000] {logging_mixin.py:188} INFO - [2025-12-29T14:41:49.974+0000] {dag.py:3954} INFO - Setting next_dagrun for youtube_video_stats to 2025-12-29 14:00:00+00:00, run_after=2025-12-30 14:00:00+00:00
[2025-12-29T14:41:50.008+0000] {processor.py:183} INFO - Processing /opt/airflow/dags/main.py took 0.360 seconds
[2025-12-29T14:42:20.099+0000] {processor.py:161} INFO - Started process (PID=21292) to work on /opt/airflow/dags/main.py
[2025-12-29T14:42:20.101+0000] {processor.py:830} INFO - Processing file /opt/airflow/dags/main.py for tasks to queue
[2025-12-29T14:42:20.102+0000] {logging_mixin.py:188} INFO - [2025-12-29T14:42:20.102+0000] {dagbag.py:545} INFO - Filling up the DagBag from /opt/airflow/dags/main.py
[2025-12-29T14:42:20.299+0000] {processor.py:840} INFO - DAG(s) 'update_db', 'youtube_video_stats' retrieved from /opt/airflow/dags/main.py
[2025-12-29T14:42:20.356+0000] {logging_mixin.py:188} INFO - [2025-12-29T14:42:20.355+0000] {dag.py:3096} INFO - Sync 2 DAGs
[2025-12-29T14:42:20.400+0000] {logging_mixin.py:188} INFO - [2025-12-29T14:42:20.399+0000] {dag.py:3954} INFO - Setting next_dagrun for update_db to 2025-12-28 15:00:00+00:00, run_after=2025-12-29 15:00:00+00:00
[2025-12-29T14:42:20.410+0000] {logging_mixin.py:188} INFO - [2025-12-29T14:42:20.409+0000] {dag.py:3954} INFO - Setting next_dagrun for youtube_video_stats to 2025-12-29 14:00:00+00:00, run_after=2025-12-30 14:00:00+00:00
[2025-12-29T14:42:20.439+0000] {processor.py:183} INFO - Processing /opt/airflow/dags/main.py took 0.350 seconds
[2025-12-29T14:42:50.529+0000] {processor.py:161} INFO - Started process (PID=21299) to work on /opt/airflow/dags/main.py
[2025-12-29T14:42:50.532+0000] {processor.py:830} INFO - Processing file /opt/airflow/dags/main.py for tasks to queue
[2025-12-29T14:42:50.534+0000] {logging_mixin.py:188} INFO - [2025-12-29T14:42:50.533+0000] {dagbag.py:545} INFO - Filling up the DagBag from /opt/airflow/dags/main.py
[2025-12-29T14:42:50.691+0000] {processor.py:840} INFO - DAG(s) 'youtube_video_stats', 'update_db' retrieved from /opt/airflow/dags/main.py
[2025-12-29T14:42:50.750+0000] {logging_mixin.py:188} INFO - [2025-12-29T14:42:50.749+0000] {dag.py:3096} INFO - Sync 2 DAGs
[2025-12-29T14:42:50.789+0000] {logging_mixin.py:188} INFO - [2025-12-29T14:42:50.788+0000] {dag.py:3954} INFO - Setting next_dagrun for update_db to 2025-12-28 15:00:00+00:00, run_after=2025-12-29 15:00:00+00:00
[2025-12-29T14:42:50.798+0000] {logging_mixin.py:188} INFO - [2025-12-29T14:42:50.797+0000] {dag.py:3954} INFO - Setting next_dagrun for youtube_video_stats to 2025-12-29 14:00:00+00:00, run_after=2025-12-30 14:00:00+00:00
[2025-12-29T14:42:50.826+0000] {processor.py:183} INFO - Processing /opt/airflow/dags/main.py took 0.307 seconds
[2025-12-29T16:42:14.453+0000] {processor.py:161} INFO - Started process (PID=21300) to work on /opt/airflow/dags/main.py
[2025-12-29T16:42:14.457+0000] {processor.py:830} INFO - Processing file /opt/airflow/dags/main.py for tasks to queue
[2025-12-29T16:42:14.464+0000] {logging_mixin.py:188} INFO - [2025-12-29T16:42:14.463+0000] {dagbag.py:545} INFO - Filling up the DagBag from /opt/airflow/dags/main.py
[2025-12-29T16:42:15.675+0000] {processor.py:840} INFO - DAG(s) 'update_db', 'youtube_video_stats' retrieved from /opt/airflow/dags/main.py
[2025-12-29T16:42:15.844+0000] {logging_mixin.py:188} INFO - [2025-12-29T16:42:15.844+0000] {dag.py:3096} INFO - Sync 2 DAGs
[2025-12-29T16:42:15.946+0000] {logging_mixin.py:188} INFO - [2025-12-29T16:42:15.946+0000] {dag.py:3954} INFO - Setting next_dagrun for update_db to 2025-12-29 15:00:00+00:00, run_after=2025-12-30 15:00:00+00:00
[2025-12-29T16:42:15.978+0000] {logging_mixin.py:188} INFO - [2025-12-29T16:42:15.978+0000] {dag.py:3954} INFO - Setting next_dagrun for youtube_video_stats to 2025-12-29 14:00:00+00:00, run_after=2025-12-30 14:00:00+00:00
[2025-12-29T16:42:16.048+0000] {processor.py:183} INFO - Processing /opt/airflow/dags/main.py took 1.625 seconds
[2025-12-29T16:42:46.792+0000] {processor.py:161} INFO - Started process (PID=21313) to work on /opt/airflow/dags/main.py
[2025-12-29T16:42:46.795+0000] {processor.py:830} INFO - Processing file /opt/airflow/dags/main.py for tasks to queue
[2025-12-29T16:42:46.799+0000] {logging_mixin.py:188} INFO - [2025-12-29T16:42:46.798+0000] {dagbag.py:545} INFO - Filling up the DagBag from /opt/airflow/dags/main.py
[2025-12-29T16:42:47.138+0000] {processor.py:840} INFO - DAG(s) 'youtube_video_stats', 'update_db' retrieved from /opt/airflow/dags/main.py
[2025-12-29T16:42:47.240+0000] {logging_mixin.py:188} INFO - [2025-12-29T16:42:47.240+0000] {dag.py:3096} INFO - Sync 2 DAGs
[2025-12-29T16:42:47.316+0000] {logging_mixin.py:188} INFO - [2025-12-29T16:42:47.315+0000] {dag.py:3954} INFO - Setting next_dagrun for update_db to 2025-12-29 15:00:00+00:00, run_after=2025-12-30 15:00:00+00:00
[2025-12-29T16:42:47.337+0000] {logging_mixin.py:188} INFO - [2025-12-29T16:42:47.336+0000] {dag.py:3954} INFO - Setting next_dagrun for youtube_video_stats to 2025-12-29 14:00:00+00:00, run_after=2025-12-30 14:00:00+00:00
[2025-12-29T16:42:47.390+0000] {processor.py:183} INFO - Processing /opt/airflow/dags/main.py took 0.621 seconds
[2025-12-29T16:43:17.760+0000] {processor.py:161} INFO - Started process (PID=21320) to work on /opt/airflow/dags/main.py
[2025-12-29T16:43:17.762+0000] {processor.py:830} INFO - Processing file /opt/airflow/dags/main.py for tasks to queue
[2025-12-29T16:43:17.764+0000] {logging_mixin.py:188} INFO - [2025-12-29T16:43:17.764+0000] {dagbag.py:545} INFO - Filling up the DagBag from /opt/airflow/dags/main.py
[2025-12-29T16:43:17.892+0000] {processor.py:840} INFO - DAG(s) 'youtube_video_stats', 'update_db' retrieved from /opt/airflow/dags/main.py
[2025-12-29T16:43:17.933+0000] {logging_mixin.py:188} INFO - [2025-12-29T16:43:17.932+0000] {dag.py:3096} INFO - Sync 2 DAGs
[2025-12-29T16:43:17.961+0000] {logging_mixin.py:188} INFO - [2025-12-29T16:43:17.961+0000] {dag.py:3954} INFO - Setting next_dagrun for update_db to 2025-12-29 15:00:00+00:00, run_after=2025-12-30 15:00:00+00:00
[2025-12-29T16:43:18.541+0000] {logging_mixin.py:188} INFO - [2025-12-29T16:43:18.541+0000] {dag.py:3954} INFO - Setting next_dagrun for youtube_video_stats to 2025-12-29 14:00:00+00:00, run_after=2025-12-30 14:00:00+00:00
[2025-12-29T16:43:18.570+0000] {processor.py:183} INFO - Processing /opt/airflow/dags/main.py took 0.819 seconds
[2025-12-29T16:43:48.923+0000] {processor.py:161} INFO - Started process (PID=21327) to work on /opt/airflow/dags/main.py
[2025-12-29T16:43:48.925+0000] {processor.py:830} INFO - Processing file /opt/airflow/dags/main.py for tasks to queue
[2025-12-29T16:43:48.927+0000] {logging_mixin.py:188} INFO - [2025-12-29T16:43:48.927+0000] {dagbag.py:545} INFO - Filling up the DagBag from /opt/airflow/dags/main.py
[2025-12-29T16:43:49.165+0000] {processor.py:840} INFO - DAG(s) 'update_db', 'youtube_video_stats' retrieved from /opt/airflow/dags/main.py
[2025-12-29T16:43:49.267+0000] {logging_mixin.py:188} INFO - [2025-12-29T16:43:49.267+0000] {dag.py:3096} INFO - Sync 2 DAGs
[2025-12-29T16:43:49.407+0000] {logging_mixin.py:188} INFO - [2025-12-29T16:43:49.406+0000] {dag.py:3954} INFO - Setting next_dagrun for update_db to 2025-12-29 15:00:00+00:00, run_after=2025-12-30 15:00:00+00:00
[2025-12-29T16:43:49.439+0000] {logging_mixin.py:188} INFO - [2025-12-29T16:43:49.438+0000] {dag.py:3954} INFO - Setting next_dagrun for youtube_video_stats to 2025-12-29 14:00:00+00:00, run_after=2025-12-30 14:00:00+00:00
[2025-12-29T16:43:49.516+0000] {processor.py:183} INFO - Processing /opt/airflow/dags/main.py took 0.605 seconds
[2025-12-29T18:10:01.292+0000] {processor.py:161} INFO - Started process (PID=21328) to work on /opt/airflow/dags/main.py
[2025-12-29T18:10:01.408+0000] {processor.py:830} INFO - Processing file /opt/airflow/dags/main.py for tasks to queue
[2025-12-29T18:10:01.410+0000] {logging_mixin.py:188} INFO - [2025-12-29T18:10:01.410+0000] {dagbag.py:545} INFO - Filling up the DagBag from /opt/airflow/dags/main.py
[2025-12-29T18:10:02.470+0000] {processor.py:840} INFO - DAG(s) 'youtube_video_stats', 'update_db' retrieved from /opt/airflow/dags/main.py
[2025-12-29T18:10:02.623+0000] {logging_mixin.py:188} INFO - [2025-12-29T18:10:02.618+0000] {dag.py:3096} INFO - Sync 2 DAGs
[2025-12-29T18:10:02.704+0000] {logging_mixin.py:188} INFO - [2025-12-29T18:10:02.704+0000] {dag.py:3954} INFO - Setting next_dagrun for update_db to 2025-12-29 15:00:00+00:00, run_after=2025-12-30 15:00:00+00:00
[2025-12-29T18:10:02.724+0000] {logging_mixin.py:188} INFO - [2025-12-29T18:10:02.724+0000] {dag.py:3954} INFO - Setting next_dagrun for youtube_video_stats to 2025-12-29 14:00:00+00:00, run_after=2025-12-30 14:00:00+00:00
[2025-12-29T18:10:02.821+0000] {processor.py:183} INFO - Processing /opt/airflow/dags/main.py took 1.550 seconds
[2025-12-29T18:10:33.001+0000] {processor.py:161} INFO - Started process (PID=21335) to work on /opt/airflow/dags/main.py
[2025-12-29T18:10:33.005+0000] {processor.py:830} INFO - Processing file /opt/airflow/dags/main.py for tasks to queue
[2025-12-29T18:10:33.007+0000] {logging_mixin.py:188} INFO - [2025-12-29T18:10:33.006+0000] {dagbag.py:545} INFO - Filling up the DagBag from /opt/airflow/dags/main.py
[2025-12-29T18:10:33.279+0000] {processor.py:840} INFO - DAG(s) 'youtube_video_stats', 'update_db' retrieved from /opt/airflow/dags/main.py
[2025-12-29T18:10:33.368+0000] {logging_mixin.py:188} INFO - [2025-12-29T18:10:33.368+0000] {dag.py:3096} INFO - Sync 2 DAGs
[2025-12-29T18:10:33.462+0000] {logging_mixin.py:188} INFO - [2025-12-29T18:10:33.461+0000] {dag.py:3954} INFO - Setting next_dagrun for update_db to 2025-12-29 15:00:00+00:00, run_after=2025-12-30 15:00:00+00:00
[2025-12-29T18:10:33.477+0000] {logging_mixin.py:188} INFO - [2025-12-29T18:10:33.476+0000] {dag.py:3954} INFO - Setting next_dagrun for youtube_video_stats to 2025-12-29 14:00:00+00:00, run_after=2025-12-30 14:00:00+00:00
[2025-12-29T18:10:33.534+0000] {processor.py:183} INFO - Processing /opt/airflow/dags/main.py took 0.547 seconds
[2025-12-29T18:11:03.805+0000] {processor.py:161} INFO - Started process (PID=21342) to work on /opt/airflow/dags/main.py
[2025-12-29T18:11:03.806+0000] {processor.py:830} INFO - Processing file /opt/airflow/dags/main.py for tasks to queue
[2025-12-29T18:11:03.808+0000] {logging_mixin.py:188} INFO - [2025-12-29T18:11:03.807+0000] {dagbag.py:545} INFO - Filling up the DagBag from /opt/airflow/dags/main.py
[2025-12-29T18:11:03.916+0000] {processor.py:840} INFO - DAG(s) 'update_db', 'youtube_video_stats' retrieved from /opt/airflow/dags/main.py
[2025-12-29T18:11:03.966+0000] {logging_mixin.py:188} INFO - [2025-12-29T18:11:03.966+0000] {dag.py:3096} INFO - Sync 2 DAGs
[2025-12-29T18:11:03.999+0000] {logging_mixin.py:188} INFO - [2025-12-29T18:11:03.999+0000] {dag.py:3954} INFO - Setting next_dagrun for update_db to 2025-12-29 15:00:00+00:00, run_after=2025-12-30 15:00:00+00:00
[2025-12-29T18:11:04.005+0000] {logging_mixin.py:188} INFO - [2025-12-29T18:11:04.005+0000] {dag.py:3954} INFO - Setting next_dagrun for youtube_video_stats to 2025-12-29 14:00:00+00:00, run_after=2025-12-30 14:00:00+00:00
[2025-12-29T18:11:04.032+0000] {processor.py:183} INFO - Processing /opt/airflow/dags/main.py took 0.234 seconds
[2025-12-29T18:11:34.291+0000] {processor.py:161} INFO - Started process (PID=21349) to work on /opt/airflow/dags/main.py
[2025-12-29T18:11:34.293+0000] {processor.py:830} INFO - Processing file /opt/airflow/dags/main.py for tasks to queue
[2025-12-29T18:11:34.294+0000] {logging_mixin.py:188} INFO - [2025-12-29T18:11:34.294+0000] {dagbag.py:545} INFO - Filling up the DagBag from /opt/airflow/dags/main.py
[2025-12-29T18:11:34.457+0000] {processor.py:840} INFO - DAG(s) 'youtube_video_stats', 'update_db' retrieved from /opt/airflow/dags/main.py
[2025-12-29T18:11:34.503+0000] {logging_mixin.py:188} INFO - [2025-12-29T18:11:34.503+0000] {dag.py:3096} INFO - Sync 2 DAGs
[2025-12-29T18:11:34.537+0000] {logging_mixin.py:188} INFO - [2025-12-29T18:11:34.537+0000] {dag.py:3954} INFO - Setting next_dagrun for update_db to 2025-12-29 15:00:00+00:00, run_after=2025-12-30 15:00:00+00:00
[2025-12-29T18:11:34.546+0000] {logging_mixin.py:188} INFO - [2025-12-29T18:11:34.545+0000] {dag.py:3954} INFO - Setting next_dagrun for youtube_video_stats to 2025-12-29 14:00:00+00:00, run_after=2025-12-30 14:00:00+00:00
[2025-12-29T18:11:34.568+0000] {processor.py:183} INFO - Processing /opt/airflow/dags/main.py took 0.286 seconds
[2025-12-29T18:12:04.838+0000] {processor.py:161} INFO - Started process (PID=21356) to work on /opt/airflow/dags/main.py
[2025-12-29T18:12:04.840+0000] {processor.py:830} INFO - Processing file /opt/airflow/dags/main.py for tasks to queue
[2025-12-29T18:12:04.842+0000] {logging_mixin.py:188} INFO - [2025-12-29T18:12:04.841+0000] {dagbag.py:545} INFO - Filling up the DagBag from /opt/airflow/dags/main.py
[2025-12-29T18:12:05.161+0000] {processor.py:840} INFO - DAG(s) 'youtube_video_stats', 'update_db' retrieved from /opt/airflow/dags/main.py
[2025-12-29T18:12:05.211+0000] {logging_mixin.py:188} INFO - [2025-12-29T18:12:05.210+0000] {dag.py:3096} INFO - Sync 2 DAGs
[2025-12-29T18:12:05.260+0000] {logging_mixin.py:188} INFO - [2025-12-29T18:12:05.260+0000] {dag.py:3954} INFO - Setting next_dagrun for update_db to 2025-12-29 15:00:00+00:00, run_after=2025-12-30 15:00:00+00:00
[2025-12-29T18:12:05.271+0000] {logging_mixin.py:188} INFO - [2025-12-29T18:12:05.271+0000] {dag.py:3954} INFO - Setting next_dagrun for youtube_video_stats to 2025-12-29 14:00:00+00:00, run_after=2025-12-30 14:00:00+00:00
[2025-12-29T18:12:06.663+0000] {processor.py:183} INFO - Processing /opt/airflow/dags/main.py took 1.836 seconds
[2025-12-29T18:12:36.755+0000] {processor.py:161} INFO - Started process (PID=21363) to work on /opt/airflow/dags/main.py
[2025-12-29T18:12:36.757+0000] {processor.py:830} INFO - Processing file /opt/airflow/dags/main.py for tasks to queue
[2025-12-29T18:12:36.758+0000] {logging_mixin.py:188} INFO - [2025-12-29T18:12:36.758+0000] {dagbag.py:545} INFO - Filling up the DagBag from /opt/airflow/dags/main.py
[2025-12-29T18:12:36.930+0000] {processor.py:840} INFO - DAG(s) 'update_db', 'youtube_video_stats' retrieved from /opt/airflow/dags/main.py
[2025-12-29T18:12:36.978+0000] {logging_mixin.py:188} INFO - [2025-12-29T18:12:36.977+0000] {dag.py:3096} INFO - Sync 2 DAGs
[2025-12-29T18:12:37.018+0000] {logging_mixin.py:188} INFO - [2025-12-29T18:12:37.018+0000] {dag.py:3954} INFO - Setting next_dagrun for update_db to 2025-12-29 15:00:00+00:00, run_after=2025-12-30 15:00:00+00:00
[2025-12-29T18:12:37.026+0000] {logging_mixin.py:188} INFO - [2025-12-29T18:12:37.026+0000] {dag.py:3954} INFO - Setting next_dagrun for youtube_video_stats to 2025-12-29 14:00:00+00:00, run_after=2025-12-30 14:00:00+00:00
[2025-12-29T18:12:37.051+0000] {processor.py:183} INFO - Processing /opt/airflow/dags/main.py took 0.307 seconds
[2025-12-29T18:13:07.126+0000] {processor.py:161} INFO - Started process (PID=21370) to work on /opt/airflow/dags/main.py
[2025-12-29T18:13:07.127+0000] {processor.py:830} INFO - Processing file /opt/airflow/dags/main.py for tasks to queue
[2025-12-29T18:13:07.129+0000] {logging_mixin.py:188} INFO - [2025-12-29T18:13:07.128+0000] {dagbag.py:545} INFO - Filling up the DagBag from /opt/airflow/dags/main.py
[2025-12-29T18:13:07.222+0000] {processor.py:840} INFO - DAG(s) 'youtube_video_stats', 'update_db' retrieved from /opt/airflow/dags/main.py
[2025-12-29T18:13:07.257+0000] {logging_mixin.py:188} INFO - [2025-12-29T18:13:07.256+0000] {dag.py:3096} INFO - Sync 2 DAGs
[2025-12-29T18:13:07.278+0000] {logging_mixin.py:188} INFO - [2025-12-29T18:13:07.278+0000] {dag.py:3954} INFO - Setting next_dagrun for update_db to 2025-12-29 15:00:00+00:00, run_after=2025-12-30 15:00:00+00:00
[2025-12-29T18:13:07.283+0000] {logging_mixin.py:188} INFO - [2025-12-29T18:13:07.282+0000] {dag.py:3954} INFO - Setting next_dagrun for youtube_video_stats to 2025-12-29 14:00:00+00:00, run_after=2025-12-30 14:00:00+00:00
[2025-12-29T18:13:07.304+0000] {processor.py:183} INFO - Processing /opt/airflow/dags/main.py took 0.185 seconds
[2025-12-29T18:13:37.517+0000] {processor.py:161} INFO - Started process (PID=21377) to work on /opt/airflow/dags/main.py
[2025-12-29T18:13:37.519+0000] {processor.py:830} INFO - Processing file /opt/airflow/dags/main.py for tasks to queue
[2025-12-29T18:13:37.521+0000] {logging_mixin.py:188} INFO - [2025-12-29T18:13:37.520+0000] {dagbag.py:545} INFO - Filling up the DagBag from /opt/airflow/dags/main.py
[2025-12-29T18:13:37.615+0000] {processor.py:840} INFO - DAG(s) 'update_db', 'youtube_video_stats' retrieved from /opt/airflow/dags/main.py
[2025-12-29T18:13:37.647+0000] {logging_mixin.py:188} INFO - [2025-12-29T18:13:37.647+0000] {dag.py:3096} INFO - Sync 2 DAGs
[2025-12-29T18:13:37.669+0000] {logging_mixin.py:188} INFO - [2025-12-29T18:13:37.669+0000] {dag.py:3954} INFO - Setting next_dagrun for update_db to 2025-12-29 15:00:00+00:00, run_after=2025-12-30 15:00:00+00:00
[2025-12-29T18:13:37.674+0000] {logging_mixin.py:188} INFO - [2025-12-29T18:13:37.674+0000] {dag.py:3954} INFO - Setting next_dagrun for youtube_video_stats to 2025-12-29 14:00:00+00:00, run_after=2025-12-30 14:00:00+00:00
[2025-12-29T18:13:37.694+0000] {processor.py:183} INFO - Processing /opt/airflow/dags/main.py took 0.186 seconds
[2025-12-29T18:14:07.955+0000] {processor.py:161} INFO - Started process (PID=21384) to work on /opt/airflow/dags/main.py
[2025-12-29T18:14:07.956+0000] {processor.py:830} INFO - Processing file /opt/airflow/dags/main.py for tasks to queue
[2025-12-29T18:14:07.957+0000] {logging_mixin.py:188} INFO - [2025-12-29T18:14:07.957+0000] {dagbag.py:545} INFO - Filling up the DagBag from /opt/airflow/dags/main.py
[2025-12-29T18:14:08.055+0000] {processor.py:840} INFO - DAG(s) 'youtube_video_stats', 'update_db' retrieved from /opt/airflow/dags/main.py
[2025-12-29T18:14:08.086+0000] {logging_mixin.py:188} INFO - [2025-12-29T18:14:08.086+0000] {dag.py:3096} INFO - Sync 2 DAGs
[2025-12-29T18:14:08.104+0000] {logging_mixin.py:188} INFO - [2025-12-29T18:14:08.104+0000] {dag.py:3954} INFO - Setting next_dagrun for update_db to 2025-12-29 15:00:00+00:00, run_after=2025-12-30 15:00:00+00:00
[2025-12-29T18:14:08.109+0000] {logging_mixin.py:188} INFO - [2025-12-29T18:14:08.109+0000] {dag.py:3954} INFO - Setting next_dagrun for youtube_video_stats to 2025-12-29 14:00:00+00:00, run_after=2025-12-30 14:00:00+00:00
[2025-12-29T18:14:08.124+0000] {processor.py:183} INFO - Processing /opt/airflow/dags/main.py took 0.175 seconds
[2025-12-29T18:14:38.184+0000] {processor.py:161} INFO - Started process (PID=21391) to work on /opt/airflow/dags/main.py
[2025-12-29T18:14:38.185+0000] {processor.py:830} INFO - Processing file /opt/airflow/dags/main.py for tasks to queue
[2025-12-29T18:14:38.187+0000] {logging_mixin.py:188} INFO - [2025-12-29T18:14:38.186+0000] {dagbag.py:545} INFO - Filling up the DagBag from /opt/airflow/dags/main.py
[2025-12-29T18:14:38.302+0000] {processor.py:840} INFO - DAG(s) 'update_db', 'youtube_video_stats' retrieved from /opt/airflow/dags/main.py
[2025-12-29T18:14:38.338+0000] {logging_mixin.py:188} INFO - [2025-12-29T18:14:38.337+0000] {dag.py:3096} INFO - Sync 2 DAGs
[2025-12-29T18:14:38.359+0000] {logging_mixin.py:188} INFO - [2025-12-29T18:14:38.359+0000] {dag.py:3954} INFO - Setting next_dagrun for update_db to 2025-12-29 15:00:00+00:00, run_after=2025-12-30 15:00:00+00:00
[2025-12-29T18:14:38.366+0000] {logging_mixin.py:188} INFO - [2025-12-29T18:14:38.366+0000] {dag.py:3954} INFO - Setting next_dagrun for youtube_video_stats to 2025-12-29 14:00:00+00:00, run_after=2025-12-30 14:00:00+00:00
[2025-12-29T18:14:38.390+0000] {processor.py:183} INFO - Processing /opt/airflow/dags/main.py took 0.213 seconds
