[2025-12-19T04:51:34.641+0000] {processor.py:161} INFO - Started process (PID=8823) to work on /opt/airflow/dags/main.py
[2025-12-19T04:51:34.658+0000] {processor.py:830} INFO - Processing file /opt/airflow/dags/main.py for tasks to queue
[2025-12-19T04:51:34.673+0000] {logging_mixin.py:188} INFO - [2025-12-19T04:51:34.665+0000] {dagbag.py:545} INFO - Filling up the DagBag from /opt/airflow/dags/main.py
[2025-12-19T04:51:35.984+0000] {processor.py:840} INFO - DAG(s) 'youtube_video_stats', 'update_db' retrieved from /opt/airflow/dags/main.py
[2025-12-19T04:51:39.664+0000] {logging_mixin.py:188} INFO - [2025-12-19T04:51:39.663+0000] {dag.py:3096} INFO - Sync 2 DAGs
[2025-12-19T04:51:39.822+0000] {logging_mixin.py:188} INFO - [2025-12-19T04:51:39.812+0000] {dag.py:3954} INFO - Setting next_dagrun for update_db to 2025-12-18 15:00:00+00:00, run_after=2025-12-19 15:00:00+00:00
[2025-12-19T04:51:39.873+0000] {logging_mixin.py:188} INFO - [2025-12-19T04:51:39.872+0000] {dag.py:3954} INFO - Setting next_dagrun for youtube_video_stats to 2025-12-18 14:00:00+00:00, run_after=2025-12-19 14:00:00+00:00
[2025-12-19T04:51:40.007+0000] {processor.py:183} INFO - Processing /opt/airflow/dags/main.py took 5.482 seconds
[2025-12-19T04:52:10.523+0000] {processor.py:161} INFO - Started process (PID=8830) to work on /opt/airflow/dags/main.py
[2025-12-19T04:52:10.535+0000] {processor.py:830} INFO - Processing file /opt/airflow/dags/main.py for tasks to queue
[2025-12-19T04:52:10.545+0000] {logging_mixin.py:188} INFO - [2025-12-19T04:52:10.540+0000] {dagbag.py:545} INFO - Filling up the DagBag from /opt/airflow/dags/main.py
[2025-12-19T04:52:11.252+0000] {processor.py:840} INFO - DAG(s) 'youtube_video_stats', 'update_db' retrieved from /opt/airflow/dags/main.py
[2025-12-19T04:52:11.543+0000] {logging_mixin.py:188} INFO - [2025-12-19T04:52:11.542+0000] {dag.py:3096} INFO - Sync 2 DAGs
[2025-12-19T04:52:12.713+0000] {logging_mixin.py:188} INFO - [2025-12-19T04:52:12.712+0000] {dag.py:3954} INFO - Setting next_dagrun for update_db to 2025-12-18 15:00:00+00:00, run_after=2025-12-19 15:00:00+00:00
[2025-12-19T04:52:12.759+0000] {logging_mixin.py:188} INFO - [2025-12-19T04:52:12.758+0000] {dag.py:3954} INFO - Setting next_dagrun for youtube_video_stats to 2025-12-18 14:00:00+00:00, run_after=2025-12-19 14:00:00+00:00
[2025-12-19T04:52:12.907+0000] {processor.py:183} INFO - Processing /opt/airflow/dags/main.py took 2.446 seconds
[2025-12-19T04:52:43.913+0000] {processor.py:161} INFO - Started process (PID=8837) to work on /opt/airflow/dags/main.py
[2025-12-19T04:52:43.920+0000] {processor.py:830} INFO - Processing file /opt/airflow/dags/main.py for tasks to queue
[2025-12-19T04:52:43.934+0000] {logging_mixin.py:188} INFO - [2025-12-19T04:52:43.933+0000] {dagbag.py:545} INFO - Filling up the DagBag from /opt/airflow/dags/main.py
[2025-12-19T04:52:44.944+0000] {processor.py:840} INFO - DAG(s) 'update_db', 'youtube_video_stats' retrieved from /opt/airflow/dags/main.py
[2025-12-19T04:52:45.956+0000] {logging_mixin.py:188} INFO - [2025-12-19T04:52:45.956+0000] {dag.py:3096} INFO - Sync 2 DAGs
[2025-12-19T04:52:46.000+0000] {logging_mixin.py:188} INFO - [2025-12-19T04:52:46.000+0000] {dag.py:3954} INFO - Setting next_dagrun for update_db to 2025-12-18 15:00:00+00:00, run_after=2025-12-19 15:00:00+00:00
[2025-12-19T04:52:46.011+0000] {logging_mixin.py:188} INFO - [2025-12-19T04:52:46.011+0000] {dag.py:3954} INFO - Setting next_dagrun for youtube_video_stats to 2025-12-18 14:00:00+00:00, run_after=2025-12-19 14:00:00+00:00
[2025-12-19T04:52:49.722+0000] {processor.py:183} INFO - Processing /opt/airflow/dags/main.py took 5.826 seconds
[2025-12-19T04:53:24.212+0000] {processor.py:161} INFO - Started process (PID=8844) to work on /opt/airflow/dags/main.py
[2025-12-19T04:53:24.653+0000] {processor.py:830} INFO - Processing file /opt/airflow/dags/main.py for tasks to queue
[2025-12-19T04:53:24.656+0000] {logging_mixin.py:188} INFO - [2025-12-19T04:53:24.655+0000] {dagbag.py:545} INFO - Filling up the DagBag from /opt/airflow/dags/main.py
[2025-12-19T04:53:28.806+0000] {processor.py:840} INFO - DAG(s) 'update_db', 'youtube_video_stats' retrieved from /opt/airflow/dags/main.py
[2025-12-19T04:53:28.962+0000] {logging_mixin.py:188} INFO - [2025-12-19T04:53:28.961+0000] {dag.py:3096} INFO - Sync 2 DAGs
[2025-12-19T04:53:29.085+0000] {logging_mixin.py:188} INFO - [2025-12-19T04:53:29.084+0000] {dag.py:3954} INFO - Setting next_dagrun for update_db to 2025-12-18 15:00:00+00:00, run_after=2025-12-19 15:00:00+00:00
[2025-12-19T04:53:29.122+0000] {logging_mixin.py:188} INFO - [2025-12-19T04:53:29.121+0000] {dag.py:3954} INFO - Setting next_dagrun for youtube_video_stats to 2025-12-18 14:00:00+00:00, run_after=2025-12-19 14:00:00+00:00
[2025-12-19T04:53:29.193+0000] {processor.py:183} INFO - Processing /opt/airflow/dags/main.py took 5.005 seconds
[2025-12-19T04:53:59.818+0000] {processor.py:161} INFO - Started process (PID=8857) to work on /opt/airflow/dags/main.py
[2025-12-19T04:53:59.821+0000] {processor.py:830} INFO - Processing file /opt/airflow/dags/main.py for tasks to queue
[2025-12-19T04:53:59.824+0000] {logging_mixin.py:188} INFO - [2025-12-19T04:53:59.823+0000] {dagbag.py:545} INFO - Filling up the DagBag from /opt/airflow/dags/main.py
[2025-12-19T04:54:00.091+0000] {processor.py:840} INFO - DAG(s) 'update_db', 'youtube_video_stats' retrieved from /opt/airflow/dags/main.py
[2025-12-19T04:54:00.176+0000] {logging_mixin.py:188} INFO - [2025-12-19T04:54:00.174+0000] {dag.py:3096} INFO - Sync 2 DAGs
[2025-12-19T04:54:00.235+0000] {logging_mixin.py:188} INFO - [2025-12-19T04:54:00.234+0000] {dag.py:3954} INFO - Setting next_dagrun for update_db to 2025-12-18 15:00:00+00:00, run_after=2025-12-19 15:00:00+00:00
[2025-12-19T04:54:00.249+0000] {logging_mixin.py:188} INFO - [2025-12-19T04:54:00.249+0000] {dag.py:3954} INFO - Setting next_dagrun for youtube_video_stats to 2025-12-18 14:00:00+00:00, run_after=2025-12-19 14:00:00+00:00
[2025-12-19T04:54:00.710+0000] {processor.py:183} INFO - Processing /opt/airflow/dags/main.py took 0.910 seconds
[2025-12-19T04:54:32.047+0000] {processor.py:161} INFO - Started process (PID=8864) to work on /opt/airflow/dags/main.py
[2025-12-19T04:54:32.217+0000] {processor.py:830} INFO - Processing file /opt/airflow/dags/main.py for tasks to queue
[2025-12-19T04:54:32.220+0000] {logging_mixin.py:188} INFO - [2025-12-19T04:54:32.219+0000] {dagbag.py:545} INFO - Filling up the DagBag from /opt/airflow/dags/main.py
[2025-12-19T04:54:34.652+0000] {processor.py:840} INFO - DAG(s) 'youtube_video_stats', 'update_db' retrieved from /opt/airflow/dags/main.py
[2025-12-19T04:54:34.738+0000] {logging_mixin.py:188} INFO - [2025-12-19T04:54:34.737+0000] {dag.py:3096} INFO - Sync 2 DAGs
[2025-12-19T04:54:34.974+0000] {logging_mixin.py:188} INFO - [2025-12-19T04:54:34.974+0000] {dag.py:3954} INFO - Setting next_dagrun for update_db to 2025-12-18 15:00:00+00:00, run_after=2025-12-19 15:00:00+00:00
[2025-12-19T04:54:34.986+0000] {logging_mixin.py:188} INFO - [2025-12-19T04:54:34.985+0000] {dag.py:3954} INFO - Setting next_dagrun for youtube_video_stats to 2025-12-18 14:00:00+00:00, run_after=2025-12-19 14:00:00+00:00
[2025-12-19T04:54:35.279+0000] {processor.py:183} INFO - Processing /opt/airflow/dags/main.py took 3.264 seconds
[2025-12-19T04:55:05.596+0000] {processor.py:161} INFO - Started process (PID=8871) to work on /opt/airflow/dags/main.py
[2025-12-19T04:55:05.598+0000] {processor.py:830} INFO - Processing file /opt/airflow/dags/main.py for tasks to queue
[2025-12-19T04:55:05.600+0000] {logging_mixin.py:188} INFO - [2025-12-19T04:55:05.599+0000] {dagbag.py:545} INFO - Filling up the DagBag from /opt/airflow/dags/main.py
[2025-12-19T04:55:06.659+0000] {processor.py:840} INFO - DAG(s) 'update_db', 'youtube_video_stats' retrieved from /opt/airflow/dags/main.py
[2025-12-19T04:55:07.056+0000] {logging_mixin.py:188} INFO - [2025-12-19T04:55:07.056+0000] {dag.py:3096} INFO - Sync 2 DAGs
[2025-12-19T04:55:07.252+0000] {logging_mixin.py:188} INFO - [2025-12-19T04:55:07.251+0000] {dag.py:3954} INFO - Setting next_dagrun for update_db to 2025-12-18 15:00:00+00:00, run_after=2025-12-19 15:00:00+00:00
[2025-12-19T04:55:07.260+0000] {logging_mixin.py:188} INFO - [2025-12-19T04:55:07.259+0000] {dag.py:3954} INFO - Setting next_dagrun for youtube_video_stats to 2025-12-18 14:00:00+00:00, run_after=2025-12-19 14:00:00+00:00
[2025-12-19T04:55:07.577+0000] {processor.py:183} INFO - Processing /opt/airflow/dags/main.py took 1.989 seconds
[2025-12-19T04:55:37.752+0000] {processor.py:161} INFO - Started process (PID=8879) to work on /opt/airflow/dags/main.py
[2025-12-19T04:55:37.757+0000] {processor.py:830} INFO - Processing file /opt/airflow/dags/main.py for tasks to queue
[2025-12-19T04:55:37.761+0000] {logging_mixin.py:188} INFO - [2025-12-19T04:55:37.759+0000] {dagbag.py:545} INFO - Filling up the DagBag from /opt/airflow/dags/main.py
[2025-12-19T04:55:38.192+0000] {processor.py:840} INFO - DAG(s) 'youtube_video_stats', 'update_db' retrieved from /opt/airflow/dags/main.py
[2025-12-19T04:55:38.757+0000] {logging_mixin.py:188} INFO - [2025-12-19T04:55:38.756+0000] {dag.py:3096} INFO - Sync 2 DAGs
[2025-12-19T04:55:38.824+0000] {logging_mixin.py:188} INFO - [2025-12-19T04:55:38.823+0000] {dag.py:3954} INFO - Setting next_dagrun for update_db to 2025-12-18 15:00:00+00:00, run_after=2025-12-19 15:00:00+00:00
[2025-12-19T04:55:38.841+0000] {logging_mixin.py:188} INFO - [2025-12-19T04:55:38.840+0000] {dag.py:3954} INFO - Setting next_dagrun for youtube_video_stats to 2025-12-18 14:00:00+00:00, run_after=2025-12-19 14:00:00+00:00
[2025-12-19T04:55:38.894+0000] {processor.py:183} INFO - Processing /opt/airflow/dags/main.py took 1.176 seconds
[2025-12-19T04:56:09.732+0000] {processor.py:161} INFO - Started process (PID=8886) to work on /opt/airflow/dags/main.py
[2025-12-19T04:56:09.736+0000] {processor.py:830} INFO - Processing file /opt/airflow/dags/main.py for tasks to queue
[2025-12-19T04:56:09.740+0000] {logging_mixin.py:188} INFO - [2025-12-19T04:56:09.739+0000] {dagbag.py:545} INFO - Filling up the DagBag from /opt/airflow/dags/main.py
[2025-12-19T04:56:10.147+0000] {processor.py:840} INFO - DAG(s) 'update_db', 'youtube_video_stats' retrieved from /opt/airflow/dags/main.py
[2025-12-19T04:56:10.600+0000] {logging_mixin.py:188} INFO - [2025-12-19T04:56:10.600+0000] {dag.py:3096} INFO - Sync 2 DAGs
[2025-12-19T04:56:10.690+0000] {logging_mixin.py:188} INFO - [2025-12-19T04:56:10.690+0000] {dag.py:3954} INFO - Setting next_dagrun for update_db to 2025-12-18 15:00:00+00:00, run_after=2025-12-19 15:00:00+00:00
[2025-12-19T04:56:10.714+0000] {logging_mixin.py:188} INFO - [2025-12-19T04:56:10.714+0000] {dag.py:3954} INFO - Setting next_dagrun for youtube_video_stats to 2025-12-18 14:00:00+00:00, run_after=2025-12-19 14:00:00+00:00
[2025-12-19T04:56:10.794+0000] {processor.py:183} INFO - Processing /opt/airflow/dags/main.py took 1.092 seconds
[2025-12-19T04:56:41.455+0000] {processor.py:161} INFO - Started process (PID=8893) to work on /opt/airflow/dags/main.py
[2025-12-19T04:56:41.457+0000] {processor.py:830} INFO - Processing file /opt/airflow/dags/main.py for tasks to queue
[2025-12-19T04:56:41.458+0000] {logging_mixin.py:188} INFO - [2025-12-19T04:56:41.458+0000] {dagbag.py:545} INFO - Filling up the DagBag from /opt/airflow/dags/main.py
[2025-12-19T04:56:42.175+0000] {processor.py:840} INFO - DAG(s) 'youtube_video_stats', 'update_db' retrieved from /opt/airflow/dags/main.py
[2025-12-19T04:56:42.222+0000] {logging_mixin.py:188} INFO - [2025-12-19T04:56:42.222+0000] {dag.py:3096} INFO - Sync 2 DAGs
[2025-12-19T04:56:42.253+0000] {logging_mixin.py:188} INFO - [2025-12-19T04:56:42.253+0000] {dag.py:3954} INFO - Setting next_dagrun for update_db to 2025-12-18 15:00:00+00:00, run_after=2025-12-19 15:00:00+00:00
[2025-12-19T04:56:42.270+0000] {logging_mixin.py:188} INFO - [2025-12-19T04:56:42.270+0000] {dag.py:3954} INFO - Setting next_dagrun for youtube_video_stats to 2025-12-18 14:00:00+00:00, run_after=2025-12-19 14:00:00+00:00
[2025-12-19T04:56:42.480+0000] {processor.py:183} INFO - Processing /opt/airflow/dags/main.py took 1.034 seconds
[2025-12-19T04:57:12.945+0000] {processor.py:161} INFO - Started process (PID=8900) to work on /opt/airflow/dags/main.py
[2025-12-19T04:57:12.948+0000] {processor.py:830} INFO - Processing file /opt/airflow/dags/main.py for tasks to queue
[2025-12-19T04:57:12.952+0000] {logging_mixin.py:188} INFO - [2025-12-19T04:57:12.951+0000] {dagbag.py:545} INFO - Filling up the DagBag from /opt/airflow/dags/main.py
[2025-12-19T04:57:13.281+0000] {processor.py:840} INFO - DAG(s) 'youtube_video_stats', 'update_db' retrieved from /opt/airflow/dags/main.py
[2025-12-19T04:57:13.370+0000] {logging_mixin.py:188} INFO - [2025-12-19T04:57:13.369+0000] {dag.py:3096} INFO - Sync 2 DAGs
[2025-12-19T04:57:13.451+0000] {logging_mixin.py:188} INFO - [2025-12-19T04:57:13.450+0000] {dag.py:3954} INFO - Setting next_dagrun for update_db to 2025-12-18 15:00:00+00:00, run_after=2025-12-19 15:00:00+00:00
[2025-12-19T04:57:13.876+0000] {logging_mixin.py:188} INFO - [2025-12-19T04:57:13.875+0000] {dag.py:3954} INFO - Setting next_dagrun for youtube_video_stats to 2025-12-18 14:00:00+00:00, run_after=2025-12-19 14:00:00+00:00
[2025-12-19T04:57:14.021+0000] {processor.py:183} INFO - Processing /opt/airflow/dags/main.py took 1.092 seconds
[2025-12-19T04:57:44.276+0000] {processor.py:161} INFO - Started process (PID=8907) to work on /opt/airflow/dags/main.py
[2025-12-19T04:57:44.278+0000] {processor.py:830} INFO - Processing file /opt/airflow/dags/main.py for tasks to queue
[2025-12-19T04:57:44.281+0000] {logging_mixin.py:188} INFO - [2025-12-19T04:57:44.281+0000] {dagbag.py:545} INFO - Filling up the DagBag from /opt/airflow/dags/main.py
[2025-12-19T04:57:44.480+0000] {processor.py:840} INFO - DAG(s) 'update_db', 'youtube_video_stats' retrieved from /opt/airflow/dags/main.py
[2025-12-19T04:57:44.556+0000] {logging_mixin.py:188} INFO - [2025-12-19T04:57:44.556+0000] {dag.py:3096} INFO - Sync 2 DAGs
[2025-12-19T04:57:44.981+0000] {logging_mixin.py:188} INFO - [2025-12-19T04:57:44.981+0000] {dag.py:3954} INFO - Setting next_dagrun for update_db to 2025-12-18 15:00:00+00:00, run_after=2025-12-19 15:00:00+00:00
[2025-12-19T04:57:45.017+0000] {logging_mixin.py:188} INFO - [2025-12-19T04:57:45.016+0000] {dag.py:3954} INFO - Setting next_dagrun for youtube_video_stats to 2025-12-18 14:00:00+00:00, run_after=2025-12-19 14:00:00+00:00
[2025-12-19T04:57:45.076+0000] {processor.py:183} INFO - Processing /opt/airflow/dags/main.py took 0.811 seconds
[2025-12-19T04:58:20.314+0000] {processor.py:161} INFO - Started process (PID=8915) to work on /opt/airflow/dags/main.py
[2025-12-19T04:58:20.326+0000] {processor.py:830} INFO - Processing file /opt/airflow/dags/main.py for tasks to queue
[2025-12-19T04:58:20.329+0000] {logging_mixin.py:188} INFO - [2025-12-19T04:58:20.328+0000] {dagbag.py:545} INFO - Filling up the DagBag from /opt/airflow/dags/main.py
[2025-12-19T04:58:20.974+0000] {processor.py:840} INFO - DAG(s) 'update_db', 'youtube_video_stats' retrieved from /opt/airflow/dags/main.py
[2025-12-19T04:58:21.063+0000] {logging_mixin.py:188} INFO - [2025-12-19T04:58:21.062+0000] {dag.py:3096} INFO - Sync 2 DAGs
[2025-12-19T04:58:21.401+0000] {logging_mixin.py:188} INFO - [2025-12-19T04:58:21.400+0000] {dag.py:3954} INFO - Setting next_dagrun for update_db to 2025-12-18 15:00:00+00:00, run_after=2025-12-19 15:00:00+00:00
[2025-12-19T04:58:21.413+0000] {logging_mixin.py:188} INFO - [2025-12-19T04:58:21.412+0000] {dag.py:3954} INFO - Setting next_dagrun for youtube_video_stats to 2025-12-18 14:00:00+00:00, run_after=2025-12-19 14:00:00+00:00
[2025-12-19T04:58:21.452+0000] {processor.py:183} INFO - Processing /opt/airflow/dags/main.py took 1.178 seconds
[2025-12-19T04:58:53.076+0000] {processor.py:161} INFO - Started process (PID=8922) to work on /opt/airflow/dags/main.py
[2025-12-19T04:58:53.078+0000] {processor.py:830} INFO - Processing file /opt/airflow/dags/main.py for tasks to queue
[2025-12-19T04:58:53.079+0000] {logging_mixin.py:188} INFO - [2025-12-19T04:58:53.079+0000] {dagbag.py:545} INFO - Filling up the DagBag from /opt/airflow/dags/main.py
[2025-12-19T04:58:53.382+0000] {processor.py:840} INFO - DAG(s) 'update_db', 'youtube_video_stats' retrieved from /opt/airflow/dags/main.py
[2025-12-19T04:58:53.845+0000] {logging_mixin.py:188} INFO - [2025-12-19T04:58:53.845+0000] {dag.py:3096} INFO - Sync 2 DAGs
[2025-12-19T04:58:53.931+0000] {logging_mixin.py:188} INFO - [2025-12-19T04:58:53.930+0000] {dag.py:3954} INFO - Setting next_dagrun for update_db to 2025-12-18 15:00:00+00:00, run_after=2025-12-19 15:00:00+00:00
[2025-12-19T04:58:53.949+0000] {logging_mixin.py:188} INFO - [2025-12-19T04:58:53.948+0000] {dag.py:3954} INFO - Setting next_dagrun for youtube_video_stats to 2025-12-18 14:00:00+00:00, run_after=2025-12-19 14:00:00+00:00
[2025-12-19T04:58:54.159+0000] {processor.py:183} INFO - Processing /opt/airflow/dags/main.py took 1.092 seconds
[2025-12-19T08:31:22.079+0000] {processor.py:161} INFO - Started process (PID=8929) to work on /opt/airflow/dags/main.py
[2025-12-19T08:31:22.092+0000] {processor.py:830} INFO - Processing file /opt/airflow/dags/main.py for tasks to queue
[2025-12-19T08:31:22.094+0000] {logging_mixin.py:188} INFO - [2025-12-19T08:31:22.093+0000] {dagbag.py:545} INFO - Filling up the DagBag from /opt/airflow/dags/main.py
[2025-12-19T08:31:23.370+0000] {processor.py:840} INFO - DAG(s) 'update_db', 'youtube_video_stats' retrieved from /opt/airflow/dags/main.py
[2025-12-19T08:31:23.482+0000] {logging_mixin.py:188} INFO - [2025-12-19T08:31:23.481+0000] {dag.py:3096} INFO - Sync 2 DAGs
[2025-12-19T08:31:23.546+0000] {logging_mixin.py:188} INFO - [2025-12-19T08:31:23.546+0000] {dag.py:3954} INFO - Setting next_dagrun for update_db to 2025-12-18 15:00:00+00:00, run_after=2025-12-19 15:00:00+00:00
[2025-12-19T08:31:23.577+0000] {logging_mixin.py:188} INFO - [2025-12-19T08:31:23.577+0000] {dag.py:3954} INFO - Setting next_dagrun for youtube_video_stats to 2025-12-18 14:00:00+00:00, run_after=2025-12-19 14:00:00+00:00
[2025-12-19T08:31:23.928+0000] {processor.py:183} INFO - Processing /opt/airflow/dags/main.py took 1.872 seconds
[2025-12-19T08:31:54.753+0000] {processor.py:161} INFO - Started process (PID=8936) to work on /opt/airflow/dags/main.py
[2025-12-19T08:31:54.757+0000] {processor.py:830} INFO - Processing file /opt/airflow/dags/main.py for tasks to queue
[2025-12-19T08:31:54.760+0000] {logging_mixin.py:188} INFO - [2025-12-19T08:31:54.760+0000] {dagbag.py:545} INFO - Filling up the DagBag from /opt/airflow/dags/main.py
[2025-12-19T08:31:55.737+0000] {processor.py:840} INFO - DAG(s) 'youtube_video_stats', 'update_db' retrieved from /opt/airflow/dags/main.py
[2025-12-19T08:31:55.909+0000] {logging_mixin.py:188} INFO - [2025-12-19T08:31:55.909+0000] {dag.py:3096} INFO - Sync 2 DAGs
[2025-12-19T08:31:56.074+0000] {logging_mixin.py:188} INFO - [2025-12-19T08:31:56.074+0000] {dag.py:3954} INFO - Setting next_dagrun for update_db to 2025-12-18 15:00:00+00:00, run_after=2025-12-19 15:00:00+00:00
[2025-12-19T08:31:56.122+0000] {logging_mixin.py:188} INFO - [2025-12-19T08:31:56.121+0000] {dag.py:3954} INFO - Setting next_dagrun for youtube_video_stats to 2025-12-18 14:00:00+00:00, run_after=2025-12-19 14:00:00+00:00
[2025-12-19T08:31:56.273+0000] {processor.py:183} INFO - Processing /opt/airflow/dags/main.py took 1.543 seconds
[2025-12-19T08:32:26.818+0000] {processor.py:161} INFO - Started process (PID=8943) to work on /opt/airflow/dags/main.py
[2025-12-19T08:32:26.823+0000] {processor.py:830} INFO - Processing file /opt/airflow/dags/main.py for tasks to queue
[2025-12-19T08:32:26.826+0000] {logging_mixin.py:188} INFO - [2025-12-19T08:32:26.825+0000] {dagbag.py:545} INFO - Filling up the DagBag from /opt/airflow/dags/main.py
[2025-12-19T08:32:27.143+0000] {processor.py:840} INFO - DAG(s) 'youtube_video_stats', 'update_db' retrieved from /opt/airflow/dags/main.py
[2025-12-19T08:32:27.251+0000] {logging_mixin.py:188} INFO - [2025-12-19T08:32:27.250+0000] {dag.py:3096} INFO - Sync 2 DAGs
[2025-12-19T08:32:27.687+0000] {logging_mixin.py:188} INFO - [2025-12-19T08:32:27.687+0000] {dag.py:3954} INFO - Setting next_dagrun for update_db to 2025-12-18 15:00:00+00:00, run_after=2025-12-19 15:00:00+00:00
[2025-12-19T08:32:27.723+0000] {logging_mixin.py:188} INFO - [2025-12-19T08:32:27.713+0000] {dag.py:3954} INFO - Setting next_dagrun for youtube_video_stats to 2025-12-18 14:00:00+00:00, run_after=2025-12-19 14:00:00+00:00
[2025-12-19T08:32:27.894+0000] {processor.py:183} INFO - Processing /opt/airflow/dags/main.py took 1.104 seconds
[2025-12-19T08:32:58.211+0000] {processor.py:161} INFO - Started process (PID=8950) to work on /opt/airflow/dags/main.py
[2025-12-19T08:32:58.222+0000] {processor.py:830} INFO - Processing file /opt/airflow/dags/main.py for tasks to queue
[2025-12-19T08:32:58.225+0000] {logging_mixin.py:188} INFO - [2025-12-19T08:32:58.224+0000] {dagbag.py:545} INFO - Filling up the DagBag from /opt/airflow/dags/main.py
[2025-12-19T08:32:58.582+0000] {processor.py:840} INFO - DAG(s) 'update_db', 'youtube_video_stats' retrieved from /opt/airflow/dags/main.py
[2025-12-19T08:32:58.711+0000] {logging_mixin.py:188} INFO - [2025-12-19T08:32:58.710+0000] {dag.py:3096} INFO - Sync 2 DAGs
[2025-12-19T08:32:59.279+0000] {logging_mixin.py:188} INFO - [2025-12-19T08:32:59.278+0000] {dag.py:3954} INFO - Setting next_dagrun for update_db to 2025-12-18 15:00:00+00:00, run_after=2025-12-19 15:00:00+00:00
[2025-12-19T08:32:59.315+0000] {logging_mixin.py:188} INFO - [2025-12-19T08:32:59.315+0000] {dag.py:3954} INFO - Setting next_dagrun for youtube_video_stats to 2025-12-18 14:00:00+00:00, run_after=2025-12-19 14:00:00+00:00
[2025-12-19T08:32:59.416+0000] {processor.py:183} INFO - Processing /opt/airflow/dags/main.py took 1.227 seconds
[2025-12-19T08:33:29.806+0000] {processor.py:161} INFO - Started process (PID=8957) to work on /opt/airflow/dags/main.py
[2025-12-19T08:33:29.815+0000] {processor.py:830} INFO - Processing file /opt/airflow/dags/main.py for tasks to queue
[2025-12-19T08:33:29.819+0000] {logging_mixin.py:188} INFO - [2025-12-19T08:33:29.817+0000] {dagbag.py:545} INFO - Filling up the DagBag from /opt/airflow/dags/main.py
[2025-12-19T08:33:30.155+0000] {processor.py:840} INFO - DAG(s) 'youtube_video_stats', 'update_db' retrieved from /opt/airflow/dags/main.py
[2025-12-19T08:33:30.729+0000] {logging_mixin.py:188} INFO - [2025-12-19T08:33:30.728+0000] {dag.py:3096} INFO - Sync 2 DAGs
[2025-12-19T08:33:30.844+0000] {logging_mixin.py:188} INFO - [2025-12-19T08:33:30.844+0000] {dag.py:3954} INFO - Setting next_dagrun for update_db to 2025-12-18 15:00:00+00:00, run_after=2025-12-19 15:00:00+00:00
[2025-12-19T08:33:30.873+0000] {logging_mixin.py:188} INFO - [2025-12-19T08:33:30.872+0000] {dag.py:3954} INFO - Setting next_dagrun for youtube_video_stats to 2025-12-18 14:00:00+00:00, run_after=2025-12-19 14:00:00+00:00
[2025-12-19T08:33:30.933+0000] {processor.py:183} INFO - Processing /opt/airflow/dags/main.py took 1.154 seconds
[2025-12-19T08:34:01.503+0000] {processor.py:161} INFO - Started process (PID=8964) to work on /opt/airflow/dags/main.py
[2025-12-19T08:34:01.524+0000] {processor.py:830} INFO - Processing file /opt/airflow/dags/main.py for tasks to queue
[2025-12-19T08:34:01.528+0000] {logging_mixin.py:188} INFO - [2025-12-19T08:34:01.527+0000] {dagbag.py:545} INFO - Filling up the DagBag from /opt/airflow/dags/main.py
[2025-12-19T08:34:02.403+0000] {processor.py:840} INFO - DAG(s) 'youtube_video_stats', 'update_db' retrieved from /opt/airflow/dags/main.py
[2025-12-19T08:34:03.691+0000] {logging_mixin.py:188} INFO - [2025-12-19T08:34:03.690+0000] {dag.py:3096} INFO - Sync 2 DAGs
[2025-12-19T08:34:03.864+0000] {logging_mixin.py:188} INFO - [2025-12-19T08:34:03.863+0000] {dag.py:3954} INFO - Setting next_dagrun for update_db to 2025-12-18 15:00:00+00:00, run_after=2025-12-19 15:00:00+00:00
[2025-12-19T08:34:03.913+0000] {logging_mixin.py:188} INFO - [2025-12-19T08:34:03.912+0000] {dag.py:3954} INFO - Setting next_dagrun for youtube_video_stats to 2025-12-18 14:00:00+00:00, run_after=2025-12-19 14:00:00+00:00
[2025-12-19T08:34:04.003+0000] {processor.py:183} INFO - Processing /opt/airflow/dags/main.py took 2.523 seconds
[2025-12-19T08:34:34.418+0000] {processor.py:161} INFO - Started process (PID=8978) to work on /opt/airflow/dags/main.py
[2025-12-19T08:34:34.422+0000] {processor.py:830} INFO - Processing file /opt/airflow/dags/main.py for tasks to queue
[2025-12-19T08:34:34.425+0000] {logging_mixin.py:188} INFO - [2025-12-19T08:34:34.425+0000] {dagbag.py:545} INFO - Filling up the DagBag from /opt/airflow/dags/main.py
[2025-12-19T08:34:34.982+0000] {processor.py:840} INFO - DAG(s) 'youtube_video_stats', 'update_db' retrieved from /opt/airflow/dags/main.py
[2025-12-19T08:34:35.087+0000] {logging_mixin.py:188} INFO - [2025-12-19T08:34:35.086+0000] {dag.py:3096} INFO - Sync 2 DAGs
[2025-12-19T08:34:35.185+0000] {logging_mixin.py:188} INFO - [2025-12-19T08:34:35.183+0000] {dag.py:3954} INFO - Setting next_dagrun for update_db to 2025-12-18 15:00:00+00:00, run_after=2025-12-19 15:00:00+00:00
[2025-12-19T08:34:35.211+0000] {logging_mixin.py:188} INFO - [2025-12-19T08:34:35.210+0000] {dag.py:3954} INFO - Setting next_dagrun for youtube_video_stats to 2025-12-18 14:00:00+00:00, run_after=2025-12-19 14:00:00+00:00
[2025-12-19T08:34:35.264+0000] {processor.py:183} INFO - Processing /opt/airflow/dags/main.py took 0.862 seconds
[2025-12-19T08:35:05.686+0000] {processor.py:161} INFO - Started process (PID=8985) to work on /opt/airflow/dags/main.py
[2025-12-19T08:35:05.701+0000] {processor.py:830} INFO - Processing file /opt/airflow/dags/main.py for tasks to queue
[2025-12-19T08:35:05.704+0000] {logging_mixin.py:188} INFO - [2025-12-19T08:35:05.703+0000] {dagbag.py:545} INFO - Filling up the DagBag from /opt/airflow/dags/main.py
[2025-12-19T08:35:06.086+0000] {processor.py:840} INFO - DAG(s) 'youtube_video_stats', 'update_db' retrieved from /opt/airflow/dags/main.py
[2025-12-19T08:35:06.491+0000] {logging_mixin.py:188} INFO - [2025-12-19T08:35:06.490+0000] {dag.py:3096} INFO - Sync 2 DAGs
[2025-12-19T08:35:06.625+0000] {logging_mixin.py:188} INFO - [2025-12-19T08:35:06.625+0000] {dag.py:3954} INFO - Setting next_dagrun for update_db to 2025-12-18 15:00:00+00:00, run_after=2025-12-19 15:00:00+00:00
[2025-12-19T08:35:07.285+0000] {logging_mixin.py:188} INFO - [2025-12-19T08:35:07.285+0000] {dag.py:3954} INFO - Setting next_dagrun for youtube_video_stats to 2025-12-18 14:00:00+00:00, run_after=2025-12-19 14:00:00+00:00
[2025-12-19T08:35:07.352+0000] {processor.py:183} INFO - Processing /opt/airflow/dags/main.py took 1.685 seconds
[2025-12-19T08:35:37.546+0000] {processor.py:161} INFO - Started process (PID=8992) to work on /opt/airflow/dags/main.py
[2025-12-19T08:35:37.549+0000] {processor.py:830} INFO - Processing file /opt/airflow/dags/main.py for tasks to queue
[2025-12-19T08:35:37.551+0000] {logging_mixin.py:188} INFO - [2025-12-19T08:35:37.551+0000] {dagbag.py:545} INFO - Filling up the DagBag from /opt/airflow/dags/main.py
[2025-12-19T08:35:37.797+0000] {processor.py:840} INFO - DAG(s) 'youtube_video_stats', 'update_db' retrieved from /opt/airflow/dags/main.py
[2025-12-19T08:35:37.883+0000] {logging_mixin.py:188} INFO - [2025-12-19T08:35:37.882+0000] {dag.py:3096} INFO - Sync 2 DAGs
[2025-12-19T08:35:38.195+0000] {logging_mixin.py:188} INFO - [2025-12-19T08:35:38.195+0000] {dag.py:3954} INFO - Setting next_dagrun for update_db to 2025-12-18 15:00:00+00:00, run_after=2025-12-19 15:00:00+00:00
[2025-12-19T08:35:38.210+0000] {logging_mixin.py:188} INFO - [2025-12-19T08:35:38.210+0000] {dag.py:3954} INFO - Setting next_dagrun for youtube_video_stats to 2025-12-18 14:00:00+00:00, run_after=2025-12-19 14:00:00+00:00
[2025-12-19T08:35:38.249+0000] {processor.py:183} INFO - Processing /opt/airflow/dags/main.py took 0.715 seconds
[2025-12-19T08:36:08.588+0000] {processor.py:161} INFO - Started process (PID=8999) to work on /opt/airflow/dags/main.py
[2025-12-19T08:36:08.591+0000] {processor.py:830} INFO - Processing file /opt/airflow/dags/main.py for tasks to queue
[2025-12-19T08:36:08.593+0000] {logging_mixin.py:188} INFO - [2025-12-19T08:36:08.592+0000] {dagbag.py:545} INFO - Filling up the DagBag from /opt/airflow/dags/main.py
[2025-12-19T08:36:08.815+0000] {processor.py:840} INFO - DAG(s) 'update_db', 'youtube_video_stats' retrieved from /opt/airflow/dags/main.py
[2025-12-19T08:36:09.114+0000] {logging_mixin.py:188} INFO - [2025-12-19T08:36:09.113+0000] {dag.py:3096} INFO - Sync 2 DAGs
[2025-12-19T08:36:09.172+0000] {logging_mixin.py:188} INFO - [2025-12-19T08:36:09.172+0000] {dag.py:3954} INFO - Setting next_dagrun for update_db to 2025-12-18 15:00:00+00:00, run_after=2025-12-19 15:00:00+00:00
[2025-12-19T08:36:09.186+0000] {logging_mixin.py:188} INFO - [2025-12-19T08:36:09.186+0000] {dag.py:3954} INFO - Setting next_dagrun for youtube_video_stats to 2025-12-18 14:00:00+00:00, run_after=2025-12-19 14:00:00+00:00
[2025-12-19T08:36:09.237+0000] {processor.py:183} INFO - Processing /opt/airflow/dags/main.py took 0.663 seconds
[2025-12-19T08:36:39.837+0000] {processor.py:161} INFO - Started process (PID=9006) to work on /opt/airflow/dags/main.py
[2025-12-19T08:36:39.839+0000] {processor.py:830} INFO - Processing file /opt/airflow/dags/main.py for tasks to queue
[2025-12-19T08:36:39.841+0000] {logging_mixin.py:188} INFO - [2025-12-19T08:36:39.840+0000] {dagbag.py:545} INFO - Filling up the DagBag from /opt/airflow/dags/main.py
[2025-12-19T08:36:40.046+0000] {processor.py:840} INFO - DAG(s) 'update_db', 'youtube_video_stats' retrieved from /opt/airflow/dags/main.py
[2025-12-19T08:36:40.301+0000] {logging_mixin.py:188} INFO - [2025-12-19T08:36:40.300+0000] {dag.py:3096} INFO - Sync 2 DAGs
[2025-12-19T08:36:40.337+0000] {logging_mixin.py:188} INFO - [2025-12-19T08:36:40.337+0000] {dag.py:3954} INFO - Setting next_dagrun for update_db to 2025-12-18 15:00:00+00:00, run_after=2025-12-19 15:00:00+00:00
[2025-12-19T08:36:40.348+0000] {logging_mixin.py:188} INFO - [2025-12-19T08:36:40.348+0000] {dag.py:3954} INFO - Setting next_dagrun for youtube_video_stats to 2025-12-18 14:00:00+00:00, run_after=2025-12-19 14:00:00+00:00
[2025-12-19T08:36:40.384+0000] {processor.py:183} INFO - Processing /opt/airflow/dags/main.py took 0.558 seconds
[2025-12-19T08:37:10.678+0000] {processor.py:161} INFO - Started process (PID=9013) to work on /opt/airflow/dags/main.py
[2025-12-19T08:37:10.680+0000] {processor.py:830} INFO - Processing file /opt/airflow/dags/main.py for tasks to queue
[2025-12-19T08:37:10.682+0000] {logging_mixin.py:188} INFO - [2025-12-19T08:37:10.682+0000] {dagbag.py:545} INFO - Filling up the DagBag from /opt/airflow/dags/main.py
[2025-12-19T08:37:11.133+0000] {processor.py:840} INFO - DAG(s) 'update_db', 'youtube_video_stats' retrieved from /opt/airflow/dags/main.py
[2025-12-19T08:37:11.195+0000] {logging_mixin.py:188} INFO - [2025-12-19T08:37:11.195+0000] {dag.py:3096} INFO - Sync 2 DAGs
[2025-12-19T08:37:11.241+0000] {logging_mixin.py:188} INFO - [2025-12-19T08:37:11.241+0000] {dag.py:3954} INFO - Setting next_dagrun for update_db to 2025-12-18 15:00:00+00:00, run_after=2025-12-19 15:00:00+00:00
[2025-12-19T08:37:11.252+0000] {logging_mixin.py:188} INFO - [2025-12-19T08:37:11.251+0000] {dag.py:3954} INFO - Setting next_dagrun for youtube_video_stats to 2025-12-18 14:00:00+00:00, run_after=2025-12-19 14:00:00+00:00
[2025-12-19T08:37:11.287+0000] {processor.py:183} INFO - Processing /opt/airflow/dags/main.py took 0.622 seconds
[2025-12-19T08:37:41.627+0000] {processor.py:161} INFO - Started process (PID=9020) to work on /opt/airflow/dags/main.py
[2025-12-19T08:37:41.629+0000] {processor.py:830} INFO - Processing file /opt/airflow/dags/main.py for tasks to queue
[2025-12-19T08:37:41.631+0000] {logging_mixin.py:188} INFO - [2025-12-19T08:37:41.631+0000] {dagbag.py:545} INFO - Filling up the DagBag from /opt/airflow/dags/main.py
[2025-12-19T08:37:42.198+0000] {processor.py:840} INFO - DAG(s) 'update_db', 'youtube_video_stats' retrieved from /opt/airflow/dags/main.py
[2025-12-19T08:37:42.274+0000] {logging_mixin.py:188} INFO - [2025-12-19T08:37:42.274+0000] {dag.py:3096} INFO - Sync 2 DAGs
[2025-12-19T08:37:42.327+0000] {logging_mixin.py:188} INFO - [2025-12-19T08:37:42.326+0000] {dag.py:3954} INFO - Setting next_dagrun for update_db to 2025-12-18 15:00:00+00:00, run_after=2025-12-19 15:00:00+00:00
[2025-12-19T08:37:42.343+0000] {logging_mixin.py:188} INFO - [2025-12-19T08:37:42.343+0000] {dag.py:3954} INFO - Setting next_dagrun for youtube_video_stats to 2025-12-18 14:00:00+00:00, run_after=2025-12-19 14:00:00+00:00
[2025-12-19T08:37:42.412+0000] {processor.py:183} INFO - Processing /opt/airflow/dags/main.py took 0.800 seconds
[2025-12-19T08:38:12.702+0000] {processor.py:161} INFO - Started process (PID=9027) to work on /opt/airflow/dags/main.py
[2025-12-19T08:38:12.704+0000] {processor.py:830} INFO - Processing file /opt/airflow/dags/main.py for tasks to queue
[2025-12-19T08:38:12.705+0000] {logging_mixin.py:188} INFO - [2025-12-19T08:38:12.705+0000] {dagbag.py:545} INFO - Filling up the DagBag from /opt/airflow/dags/main.py
[2025-12-19T08:38:12.863+0000] {processor.py:840} INFO - DAG(s) 'update_db', 'youtube_video_stats' retrieved from /opt/airflow/dags/main.py
[2025-12-19T08:38:12.913+0000] {logging_mixin.py:188} INFO - [2025-12-19T08:38:12.913+0000] {dag.py:3096} INFO - Sync 2 DAGs
[2025-12-19T08:38:13.124+0000] {logging_mixin.py:188} INFO - [2025-12-19T08:38:13.124+0000] {dag.py:3954} INFO - Setting next_dagrun for update_db to 2025-12-18 15:00:00+00:00, run_after=2025-12-19 15:00:00+00:00
[2025-12-19T08:38:13.132+0000] {logging_mixin.py:188} INFO - [2025-12-19T08:38:13.131+0000] {dag.py:3954} INFO - Setting next_dagrun for youtube_video_stats to 2025-12-18 14:00:00+00:00, run_after=2025-12-19 14:00:00+00:00
[2025-12-19T08:38:13.157+0000] {processor.py:183} INFO - Processing /opt/airflow/dags/main.py took 0.465 seconds
[2025-12-19T08:38:43.384+0000] {processor.py:161} INFO - Started process (PID=9034) to work on /opt/airflow/dags/main.py
[2025-12-19T08:38:43.387+0000] {processor.py:830} INFO - Processing file /opt/airflow/dags/main.py for tasks to queue
[2025-12-19T08:38:43.389+0000] {logging_mixin.py:188} INFO - [2025-12-19T08:38:43.389+0000] {dagbag.py:545} INFO - Filling up the DagBag from /opt/airflow/dags/main.py
[2025-12-19T08:38:43.612+0000] {processor.py:840} INFO - DAG(s) 'update_db', 'youtube_video_stats' retrieved from /opt/airflow/dags/main.py
[2025-12-19T08:38:43.669+0000] {logging_mixin.py:188} INFO - [2025-12-19T08:38:43.669+0000] {dag.py:3096} INFO - Sync 2 DAGs
[2025-12-19T08:38:43.948+0000] {logging_mixin.py:188} INFO - [2025-12-19T08:38:43.947+0000] {dag.py:3954} INFO - Setting next_dagrun for update_db to 2025-12-18 15:00:00+00:00, run_after=2025-12-19 15:00:00+00:00
[2025-12-19T08:38:43.964+0000] {logging_mixin.py:188} INFO - [2025-12-19T08:38:43.963+0000] {dag.py:3954} INFO - Setting next_dagrun for youtube_video_stats to 2025-12-18 14:00:00+00:00, run_after=2025-12-19 14:00:00+00:00
[2025-12-19T08:38:43.998+0000] {processor.py:183} INFO - Processing /opt/airflow/dags/main.py took 0.629 seconds
[2025-12-19T08:39:14.289+0000] {processor.py:161} INFO - Started process (PID=9041) to work on /opt/airflow/dags/main.py
[2025-12-19T08:39:14.291+0000] {processor.py:830} INFO - Processing file /opt/airflow/dags/main.py for tasks to queue
[2025-12-19T08:39:14.293+0000] {logging_mixin.py:188} INFO - [2025-12-19T08:39:14.292+0000] {dagbag.py:545} INFO - Filling up the DagBag from /opt/airflow/dags/main.py
[2025-12-19T08:39:14.480+0000] {processor.py:840} INFO - DAG(s) 'update_db', 'youtube_video_stats' retrieved from /opt/airflow/dags/main.py
[2025-12-19T08:39:14.730+0000] {logging_mixin.py:188} INFO - [2025-12-19T08:39:14.730+0000] {dag.py:3096} INFO - Sync 2 DAGs
[2025-12-19T08:39:14.767+0000] {logging_mixin.py:188} INFO - [2025-12-19T08:39:14.767+0000] {dag.py:3954} INFO - Setting next_dagrun for update_db to 2025-12-18 15:00:00+00:00, run_after=2025-12-19 15:00:00+00:00
[2025-12-19T08:39:14.777+0000] {logging_mixin.py:188} INFO - [2025-12-19T08:39:14.777+0000] {dag.py:3954} INFO - Setting next_dagrun for youtube_video_stats to 2025-12-18 14:00:00+00:00, run_after=2025-12-19 14:00:00+00:00
[2025-12-19T08:39:14.806+0000] {processor.py:183} INFO - Processing /opt/airflow/dags/main.py took 0.529 seconds
[2025-12-19T08:39:44.927+0000] {processor.py:161} INFO - Started process (PID=9048) to work on /opt/airflow/dags/main.py
[2025-12-19T08:39:44.929+0000] {processor.py:830} INFO - Processing file /opt/airflow/dags/main.py for tasks to queue
[2025-12-19T08:39:44.931+0000] {logging_mixin.py:188} INFO - [2025-12-19T08:39:44.931+0000] {dagbag.py:545} INFO - Filling up the DagBag from /opt/airflow/dags/main.py
[2025-12-19T08:39:45.095+0000] {processor.py:840} INFO - DAG(s) 'update_db', 'youtube_video_stats' retrieved from /opt/airflow/dags/main.py
[2025-12-19T08:39:45.369+0000] {logging_mixin.py:188} INFO - [2025-12-19T08:39:45.368+0000] {dag.py:3096} INFO - Sync 2 DAGs
[2025-12-19T08:39:45.406+0000] {logging_mixin.py:188} INFO - [2025-12-19T08:39:45.406+0000] {dag.py:3954} INFO - Setting next_dagrun for update_db to 2025-12-18 15:00:00+00:00, run_after=2025-12-19 15:00:00+00:00
[2025-12-19T08:39:45.415+0000] {logging_mixin.py:188} INFO - [2025-12-19T08:39:45.415+0000] {dag.py:3954} INFO - Setting next_dagrun for youtube_video_stats to 2025-12-18 14:00:00+00:00, run_after=2025-12-19 14:00:00+00:00
[2025-12-19T08:39:45.443+0000] {processor.py:183} INFO - Processing /opt/airflow/dags/main.py took 0.526 seconds
[2025-12-19T08:40:15.698+0000] {processor.py:161} INFO - Started process (PID=9055) to work on /opt/airflow/dags/main.py
[2025-12-19T08:40:15.700+0000] {processor.py:830} INFO - Processing file /opt/airflow/dags/main.py for tasks to queue
[2025-12-19T08:40:15.701+0000] {logging_mixin.py:188} INFO - [2025-12-19T08:40:15.701+0000] {dagbag.py:545} INFO - Filling up the DagBag from /opt/airflow/dags/main.py
[2025-12-19T08:40:15.987+0000] {processor.py:840} INFO - DAG(s) 'youtube_video_stats', 'update_db' retrieved from /opt/airflow/dags/main.py
[2025-12-19T08:40:16.026+0000] {logging_mixin.py:188} INFO - [2025-12-19T08:40:16.025+0000] {dag.py:3096} INFO - Sync 2 DAGs
[2025-12-19T08:40:16.055+0000] {logging_mixin.py:188} INFO - [2025-12-19T08:40:16.055+0000] {dag.py:3954} INFO - Setting next_dagrun for update_db to 2025-12-18 15:00:00+00:00, run_after=2025-12-19 15:00:00+00:00
[2025-12-19T08:40:16.064+0000] {logging_mixin.py:188} INFO - [2025-12-19T08:40:16.063+0000] {dag.py:3954} INFO - Setting next_dagrun for youtube_video_stats to 2025-12-18 14:00:00+00:00, run_after=2025-12-19 14:00:00+00:00
[2025-12-19T08:40:16.090+0000] {processor.py:183} INFO - Processing /opt/airflow/dags/main.py took 0.399 seconds
[2025-12-19T08:40:46.350+0000] {processor.py:161} INFO - Started process (PID=9062) to work on /opt/airflow/dags/main.py
[2025-12-19T08:40:46.353+0000] {processor.py:830} INFO - Processing file /opt/airflow/dags/main.py for tasks to queue
[2025-12-19T08:40:46.355+0000] {logging_mixin.py:188} INFO - [2025-12-19T08:40:46.354+0000] {dagbag.py:545} INFO - Filling up the DagBag from /opt/airflow/dags/main.py
[2025-12-19T08:40:46.662+0000] {processor.py:840} INFO - DAG(s) 'update_db', 'youtube_video_stats' retrieved from /opt/airflow/dags/main.py
[2025-12-19T08:40:46.713+0000] {logging_mixin.py:188} INFO - [2025-12-19T08:40:46.713+0000] {dag.py:3096} INFO - Sync 2 DAGs
[2025-12-19T08:40:46.758+0000] {logging_mixin.py:188} INFO - [2025-12-19T08:40:46.758+0000] {dag.py:3954} INFO - Setting next_dagrun for update_db to 2025-12-18 15:00:00+00:00, run_after=2025-12-19 15:00:00+00:00
[2025-12-19T08:40:46.767+0000] {logging_mixin.py:188} INFO - [2025-12-19T08:40:46.767+0000] {dag.py:3954} INFO - Setting next_dagrun for youtube_video_stats to 2025-12-18 14:00:00+00:00, run_after=2025-12-19 14:00:00+00:00
[2025-12-19T08:40:46.798+0000] {processor.py:183} INFO - Processing /opt/airflow/dags/main.py took 0.456 seconds
[2025-12-19T08:41:17.158+0000] {processor.py:161} INFO - Started process (PID=9069) to work on /opt/airflow/dags/main.py
[2025-12-19T08:41:17.163+0000] {processor.py:830} INFO - Processing file /opt/airflow/dags/main.py for tasks to queue
[2025-12-19T08:41:17.167+0000] {logging_mixin.py:188} INFO - [2025-12-19T08:41:17.166+0000] {dagbag.py:545} INFO - Filling up the DagBag from /opt/airflow/dags/main.py
[2025-12-19T08:41:17.518+0000] {processor.py:840} INFO - DAG(s) 'youtube_video_stats', 'update_db' retrieved from /opt/airflow/dags/main.py
[2025-12-19T08:41:17.636+0000] {logging_mixin.py:188} INFO - [2025-12-19T08:41:17.636+0000] {dag.py:3096} INFO - Sync 2 DAGs
[2025-12-19T08:41:18.177+0000] {logging_mixin.py:188} INFO - [2025-12-19T08:41:18.177+0000] {dag.py:3954} INFO - Setting next_dagrun for update_db to 2025-12-18 15:00:00+00:00, run_after=2025-12-19 15:00:00+00:00
[2025-12-19T08:41:18.196+0000] {logging_mixin.py:188} INFO - [2025-12-19T08:41:18.196+0000] {dag.py:3954} INFO - Setting next_dagrun for youtube_video_stats to 2025-12-18 14:00:00+00:00, run_after=2025-12-19 14:00:00+00:00
[2025-12-19T08:41:18.268+0000] {processor.py:183} INFO - Processing /opt/airflow/dags/main.py took 1.138 seconds
[2025-12-19T08:41:48.644+0000] {processor.py:161} INFO - Started process (PID=9076) to work on /opt/airflow/dags/main.py
[2025-12-19T08:41:48.647+0000] {processor.py:830} INFO - Processing file /opt/airflow/dags/main.py for tasks to queue
[2025-12-19T08:41:48.649+0000] {logging_mixin.py:188} INFO - [2025-12-19T08:41:48.648+0000] {dagbag.py:545} INFO - Filling up the DagBag from /opt/airflow/dags/main.py
[2025-12-19T08:41:48.867+0000] {processor.py:840} INFO - DAG(s) 'youtube_video_stats', 'update_db' retrieved from /opt/airflow/dags/main.py
[2025-12-19T08:41:48.956+0000] {logging_mixin.py:188} INFO - [2025-12-19T08:41:48.956+0000] {dag.py:3096} INFO - Sync 2 DAGs
[2025-12-19T08:41:49.277+0000] {logging_mixin.py:188} INFO - [2025-12-19T08:41:49.276+0000] {dag.py:3954} INFO - Setting next_dagrun for update_db to 2025-12-18 15:00:00+00:00, run_after=2025-12-19 15:00:00+00:00
[2025-12-19T08:41:49.292+0000] {logging_mixin.py:188} INFO - [2025-12-19T08:41:49.292+0000] {dag.py:3954} INFO - Setting next_dagrun for youtube_video_stats to 2025-12-18 14:00:00+00:00, run_after=2025-12-19 14:00:00+00:00
[2025-12-19T08:41:49.336+0000] {processor.py:183} INFO - Processing /opt/airflow/dags/main.py took 0.704 seconds
[2025-12-19T08:42:19.629+0000] {processor.py:161} INFO - Started process (PID=9083) to work on /opt/airflow/dags/main.py
[2025-12-19T08:42:19.631+0000] {processor.py:830} INFO - Processing file /opt/airflow/dags/main.py for tasks to queue
[2025-12-19T08:42:19.633+0000] {logging_mixin.py:188} INFO - [2025-12-19T08:42:19.632+0000] {dagbag.py:545} INFO - Filling up the DagBag from /opt/airflow/dags/main.py
[2025-12-19T08:42:19.784+0000] {processor.py:840} INFO - DAG(s) 'youtube_video_stats', 'update_db' retrieved from /opt/airflow/dags/main.py
[2025-12-19T08:42:20.007+0000] {logging_mixin.py:188} INFO - [2025-12-19T08:42:20.006+0000] {dag.py:3096} INFO - Sync 2 DAGs
[2025-12-19T08:42:20.042+0000] {logging_mixin.py:188} INFO - [2025-12-19T08:42:20.042+0000] {dag.py:3954} INFO - Setting next_dagrun for update_db to 2025-12-18 15:00:00+00:00, run_after=2025-12-19 15:00:00+00:00
[2025-12-19T08:42:20.051+0000] {logging_mixin.py:188} INFO - [2025-12-19T08:42:20.051+0000] {dag.py:3954} INFO - Setting next_dagrun for youtube_video_stats to 2025-12-18 14:00:00+00:00, run_after=2025-12-19 14:00:00+00:00
[2025-12-19T08:42:20.077+0000] {processor.py:183} INFO - Processing /opt/airflow/dags/main.py took 0.458 seconds
[2025-12-19T08:42:50.324+0000] {processor.py:161} INFO - Started process (PID=9090) to work on /opt/airflow/dags/main.py
[2025-12-19T08:42:50.326+0000] {processor.py:830} INFO - Processing file /opt/airflow/dags/main.py for tasks to queue
[2025-12-19T08:42:50.328+0000] {logging_mixin.py:188} INFO - [2025-12-19T08:42:50.327+0000] {dagbag.py:545} INFO - Filling up the DagBag from /opt/airflow/dags/main.py
[2025-12-19T08:42:50.617+0000] {processor.py:840} INFO - DAG(s) 'update_db', 'youtube_video_stats' retrieved from /opt/airflow/dags/main.py
[2025-12-19T08:42:50.657+0000] {logging_mixin.py:188} INFO - [2025-12-19T08:42:50.656+0000] {dag.py:3096} INFO - Sync 2 DAGs
[2025-12-19T08:42:50.686+0000] {logging_mixin.py:188} INFO - [2025-12-19T08:42:50.686+0000] {dag.py:3954} INFO - Setting next_dagrun for update_db to 2025-12-18 15:00:00+00:00, run_after=2025-12-19 15:00:00+00:00
[2025-12-19T08:42:50.696+0000] {logging_mixin.py:188} INFO - [2025-12-19T08:42:50.695+0000] {dag.py:3954} INFO - Setting next_dagrun for youtube_video_stats to 2025-12-18 14:00:00+00:00, run_after=2025-12-19 14:00:00+00:00
[2025-12-19T08:42:50.724+0000] {processor.py:183} INFO - Processing /opt/airflow/dags/main.py took 0.408 seconds
[2025-12-19T08:43:21.047+0000] {processor.py:161} INFO - Started process (PID=9098) to work on /opt/airflow/dags/main.py
[2025-12-19T08:43:21.050+0000] {processor.py:830} INFO - Processing file /opt/airflow/dags/main.py for tasks to queue
[2025-12-19T08:43:21.052+0000] {logging_mixin.py:188} INFO - [2025-12-19T08:43:21.051+0000] {dagbag.py:545} INFO - Filling up the DagBag from /opt/airflow/dags/main.py
[2025-12-19T08:43:21.991+0000] {processor.py:840} INFO - DAG(s) 'youtube_video_stats', 'update_db' retrieved from /opt/airflow/dags/main.py
[2025-12-19T08:43:22.115+0000] {logging_mixin.py:188} INFO - [2025-12-19T08:43:22.114+0000] {dag.py:3096} INFO - Sync 2 DAGs
[2025-12-19T08:43:22.202+0000] {logging_mixin.py:188} INFO - [2025-12-19T08:43:22.202+0000] {dag.py:3954} INFO - Setting next_dagrun for update_db to 2025-12-18 15:00:00+00:00, run_after=2025-12-19 15:00:00+00:00
[2025-12-19T08:43:22.228+0000] {logging_mixin.py:188} INFO - [2025-12-19T08:43:22.227+0000] {dag.py:3954} INFO - Setting next_dagrun for youtube_video_stats to 2025-12-18 14:00:00+00:00, run_after=2025-12-19 14:00:00+00:00
[2025-12-19T08:43:22.314+0000] {processor.py:183} INFO - Processing /opt/airflow/dags/main.py took 1.281 seconds
[2025-12-19T08:43:52.599+0000] {processor.py:161} INFO - Started process (PID=9106) to work on /opt/airflow/dags/main.py
[2025-12-19T08:43:52.601+0000] {processor.py:830} INFO - Processing file /opt/airflow/dags/main.py for tasks to queue
[2025-12-19T08:43:52.602+0000] {logging_mixin.py:188} INFO - [2025-12-19T08:43:52.602+0000] {dagbag.py:545} INFO - Filling up the DagBag from /opt/airflow/dags/main.py
[2025-12-19T08:43:52.948+0000] {processor.py:840} INFO - DAG(s) 'youtube_video_stats', 'update_db' retrieved from /opt/airflow/dags/main.py
[2025-12-19T08:43:52.997+0000] {logging_mixin.py:188} INFO - [2025-12-19T08:43:52.997+0000] {dag.py:3096} INFO - Sync 2 DAGs
[2025-12-19T08:43:53.036+0000] {logging_mixin.py:188} INFO - [2025-12-19T08:43:53.035+0000] {dag.py:3954} INFO - Setting next_dagrun for update_db to 2025-12-18 15:00:00+00:00, run_after=2025-12-19 15:00:00+00:00
[2025-12-19T08:43:53.047+0000] {logging_mixin.py:188} INFO - [2025-12-19T08:43:53.046+0000] {dag.py:3954} INFO - Setting next_dagrun for youtube_video_stats to 2025-12-18 14:00:00+00:00, run_after=2025-12-19 14:00:00+00:00
[2025-12-19T08:43:53.075+0000] {processor.py:183} INFO - Processing /opt/airflow/dags/main.py took 0.485 seconds
[2025-12-19T08:44:24.111+0000] {processor.py:161} INFO - Started process (PID=9113) to work on /opt/airflow/dags/main.py
[2025-12-19T08:44:24.114+0000] {processor.py:830} INFO - Processing file /opt/airflow/dags/main.py for tasks to queue
[2025-12-19T08:44:24.116+0000] {logging_mixin.py:188} INFO - [2025-12-19T08:44:24.116+0000] {dagbag.py:545} INFO - Filling up the DagBag from /opt/airflow/dags/main.py
[2025-12-19T08:44:24.428+0000] {processor.py:840} INFO - DAG(s) 'youtube_video_stats', 'update_db' retrieved from /opt/airflow/dags/main.py
[2025-12-19T08:44:24.520+0000] {logging_mixin.py:188} INFO - [2025-12-19T08:44:24.519+0000] {dag.py:3096} INFO - Sync 2 DAGs
[2025-12-19T08:44:24.837+0000] {logging_mixin.py:188} INFO - [2025-12-19T08:44:24.836+0000] {dag.py:3954} INFO - Setting next_dagrun for update_db to 2025-12-18 15:00:00+00:00, run_after=2025-12-19 15:00:00+00:00
[2025-12-19T08:44:24.853+0000] {logging_mixin.py:188} INFO - [2025-12-19T08:44:24.852+0000] {dag.py:3954} INFO - Setting next_dagrun for youtube_video_stats to 2025-12-18 14:00:00+00:00, run_after=2025-12-19 14:00:00+00:00
[2025-12-19T08:44:24.895+0000] {processor.py:183} INFO - Processing /opt/airflow/dags/main.py took 0.801 seconds
[2025-12-19T08:44:55.199+0000] {processor.py:161} INFO - Started process (PID=9120) to work on /opt/airflow/dags/main.py
[2025-12-19T08:44:55.201+0000] {processor.py:830} INFO - Processing file /opt/airflow/dags/main.py for tasks to queue
[2025-12-19T08:44:55.202+0000] {logging_mixin.py:188} INFO - [2025-12-19T08:44:55.202+0000] {dagbag.py:545} INFO - Filling up the DagBag from /opt/airflow/dags/main.py
[2025-12-19T08:44:55.337+0000] {processor.py:840} INFO - DAG(s) 'youtube_video_stats', 'update_db' retrieved from /opt/airflow/dags/main.py
[2025-12-19T08:44:55.524+0000] {logging_mixin.py:188} INFO - [2025-12-19T08:44:55.524+0000] {dag.py:3096} INFO - Sync 2 DAGs
[2025-12-19T08:44:55.549+0000] {logging_mixin.py:188} INFO - [2025-12-19T08:44:55.549+0000] {dag.py:3954} INFO - Setting next_dagrun for update_db to 2025-12-18 15:00:00+00:00, run_after=2025-12-19 15:00:00+00:00
[2025-12-19T08:44:55.556+0000] {logging_mixin.py:188} INFO - [2025-12-19T08:44:55.556+0000] {dag.py:3954} INFO - Setting next_dagrun for youtube_video_stats to 2025-12-18 14:00:00+00:00, run_after=2025-12-19 14:00:00+00:00
[2025-12-19T08:44:55.584+0000] {processor.py:183} INFO - Processing /opt/airflow/dags/main.py took 0.393 seconds
[2025-12-19T08:45:25.853+0000] {processor.py:161} INFO - Started process (PID=9127) to work on /opt/airflow/dags/main.py
[2025-12-19T08:45:25.856+0000] {processor.py:830} INFO - Processing file /opt/airflow/dags/main.py for tasks to queue
[2025-12-19T08:45:25.859+0000] {logging_mixin.py:188} INFO - [2025-12-19T08:45:25.858+0000] {dagbag.py:545} INFO - Filling up the DagBag from /opt/airflow/dags/main.py
[2025-12-19T08:45:26.240+0000] {processor.py:840} INFO - DAG(s) 'youtube_video_stats', 'update_db' retrieved from /opt/airflow/dags/main.py
[2025-12-19T08:45:26.583+0000] {logging_mixin.py:188} INFO - [2025-12-19T08:45:26.582+0000] {dag.py:3096} INFO - Sync 2 DAGs
[2025-12-19T08:45:26.627+0000] {logging_mixin.py:188} INFO - [2025-12-19T08:45:26.626+0000] {dag.py:3954} INFO - Setting next_dagrun for update_db to 2025-12-18 15:00:00+00:00, run_after=2025-12-19 15:00:00+00:00
[2025-12-19T08:45:26.639+0000] {logging_mixin.py:188} INFO - [2025-12-19T08:45:26.638+0000] {dag.py:3954} INFO - Setting next_dagrun for youtube_video_stats to 2025-12-18 14:00:00+00:00, run_after=2025-12-19 14:00:00+00:00
[2025-12-19T08:45:26.679+0000] {processor.py:183} INFO - Processing /opt/airflow/dags/main.py took 0.840 seconds
[2025-12-19T13:03:11.592+0000] {processor.py:161} INFO - Started process (PID=9134) to work on /opt/airflow/dags/main.py
[2025-12-19T13:03:11.595+0000] {processor.py:830} INFO - Processing file /opt/airflow/dags/main.py for tasks to queue
[2025-12-19T13:03:11.600+0000] {logging_mixin.py:188} INFO - [2025-12-19T13:03:11.599+0000] {dagbag.py:545} INFO - Filling up the DagBag from /opt/airflow/dags/main.py
[2025-12-19T13:03:12.698+0000] {processor.py:840} INFO - DAG(s) 'youtube_video_stats', 'update_db' retrieved from /opt/airflow/dags/main.py
[2025-12-19T13:03:13.389+0000] {logging_mixin.py:188} INFO - [2025-12-19T13:03:13.388+0000] {dag.py:3096} INFO - Sync 2 DAGs
[2025-12-19T13:03:13.485+0000] {logging_mixin.py:188} INFO - [2025-12-19T13:03:13.485+0000] {dag.py:3954} INFO - Setting next_dagrun for update_db to 2025-12-18 15:00:00+00:00, run_after=2025-12-19 15:00:00+00:00
[2025-12-19T13:03:13.516+0000] {logging_mixin.py:188} INFO - [2025-12-19T13:03:13.516+0000] {dag.py:3954} INFO - Setting next_dagrun for youtube_video_stats to 2025-12-18 14:00:00+00:00, run_after=2025-12-19 14:00:00+00:00
[2025-12-19T13:03:13.583+0000] {processor.py:183} INFO - Processing /opt/airflow/dags/main.py took 2.012 seconds
[2025-12-19T13:03:44.377+0000] {processor.py:161} INFO - Started process (PID=9141) to work on /opt/airflow/dags/main.py
[2025-12-19T13:03:44.382+0000] {processor.py:830} INFO - Processing file /opt/airflow/dags/main.py for tasks to queue
[2025-12-19T13:03:44.398+0000] {logging_mixin.py:188} INFO - [2025-12-19T13:03:44.396+0000] {dagbag.py:545} INFO - Filling up the DagBag from /opt/airflow/dags/main.py
[2025-12-19T13:03:46.038+0000] {processor.py:840} INFO - DAG(s) 'youtube_video_stats', 'update_db' retrieved from /opt/airflow/dags/main.py
[2025-12-19T13:03:46.287+0000] {logging_mixin.py:188} INFO - [2025-12-19T13:03:46.287+0000] {dag.py:3096} INFO - Sync 2 DAGs
[2025-12-19T13:03:46.546+0000] {logging_mixin.py:188} INFO - [2025-12-19T13:03:46.546+0000] {dag.py:3954} INFO - Setting next_dagrun for update_db to 2025-12-18 15:00:00+00:00, run_after=2025-12-19 15:00:00+00:00
[2025-12-19T13:03:46.626+0000] {logging_mixin.py:188} INFO - [2025-12-19T13:03:46.625+0000] {dag.py:3954} INFO - Setting next_dagrun for youtube_video_stats to 2025-12-18 14:00:00+00:00, run_after=2025-12-19 14:00:00+00:00
[2025-12-19T13:03:46.727+0000] {processor.py:183} INFO - Processing /opt/airflow/dags/main.py took 2.397 seconds
[2025-12-19T13:04:17.998+0000] {processor.py:161} INFO - Started process (PID=9148) to work on /opt/airflow/dags/main.py
[2025-12-19T13:04:18.005+0000] {processor.py:830} INFO - Processing file /opt/airflow/dags/main.py for tasks to queue
[2025-12-19T13:04:18.013+0000] {logging_mixin.py:188} INFO - [2025-12-19T13:04:18.011+0000] {dagbag.py:545} INFO - Filling up the DagBag from /opt/airflow/dags/main.py
[2025-12-19T13:04:19.809+0000] {processor.py:840} INFO - DAG(s) 'youtube_video_stats', 'update_db' retrieved from /opt/airflow/dags/main.py
[2025-12-19T13:04:20.028+0000] {logging_mixin.py:188} INFO - [2025-12-19T13:04:20.028+0000] {dag.py:3096} INFO - Sync 2 DAGs
[2025-12-19T13:04:20.179+0000] {logging_mixin.py:188} INFO - [2025-12-19T13:04:20.178+0000] {dag.py:3954} INFO - Setting next_dagrun for update_db to 2025-12-18 15:00:00+00:00, run_after=2025-12-19 15:00:00+00:00
[2025-12-19T13:04:20.208+0000] {logging_mixin.py:188} INFO - [2025-12-19T13:04:20.208+0000] {dag.py:3954} INFO - Setting next_dagrun for youtube_video_stats to 2025-12-18 14:00:00+00:00, run_after=2025-12-19 14:00:00+00:00
[2025-12-19T13:04:20.319+0000] {processor.py:183} INFO - Processing /opt/airflow/dags/main.py took 2.381 seconds
[2025-12-19T13:04:50.820+0000] {processor.py:161} INFO - Started process (PID=9155) to work on /opt/airflow/dags/main.py
[2025-12-19T13:04:50.832+0000] {processor.py:830} INFO - Processing file /opt/airflow/dags/main.py for tasks to queue
[2025-12-19T13:04:50.836+0000] {logging_mixin.py:188} INFO - [2025-12-19T13:04:50.835+0000] {dagbag.py:545} INFO - Filling up the DagBag from /opt/airflow/dags/main.py
[2025-12-19T13:04:51.690+0000] {processor.py:840} INFO - DAG(s) 'youtube_video_stats', 'update_db' retrieved from /opt/airflow/dags/main.py
[2025-12-19T13:04:52.118+0000] {logging_mixin.py:188} INFO - [2025-12-19T13:04:52.118+0000] {dag.py:3096} INFO - Sync 2 DAGs
[2025-12-19T13:04:52.954+0000] {logging_mixin.py:188} INFO - [2025-12-19T13:04:52.953+0000] {dag.py:3954} INFO - Setting next_dagrun for update_db to 2025-12-18 15:00:00+00:00, run_after=2025-12-19 15:00:00+00:00
[2025-12-19T13:04:52.980+0000] {logging_mixin.py:188} INFO - [2025-12-19T13:04:52.979+0000] {dag.py:3954} INFO - Setting next_dagrun for youtube_video_stats to 2025-12-18 14:00:00+00:00, run_after=2025-12-19 14:00:00+00:00
[2025-12-19T13:04:53.070+0000] {processor.py:183} INFO - Processing /opt/airflow/dags/main.py took 2.291 seconds
[2025-12-19T13:05:24.254+0000] {processor.py:161} INFO - Started process (PID=9162) to work on /opt/airflow/dags/main.py
[2025-12-19T13:05:24.259+0000] {processor.py:830} INFO - Processing file /opt/airflow/dags/main.py for tasks to queue
[2025-12-19T13:05:24.262+0000] {logging_mixin.py:188} INFO - [2025-12-19T13:05:24.261+0000] {dagbag.py:545} INFO - Filling up the DagBag from /opt/airflow/dags/main.py
[2025-12-19T13:05:24.743+0000] {processor.py:840} INFO - DAG(s) 'youtube_video_stats', 'update_db' retrieved from /opt/airflow/dags/main.py
[2025-12-19T13:05:24.937+0000] {logging_mixin.py:188} INFO - [2025-12-19T13:05:24.936+0000] {dag.py:3096} INFO - Sync 2 DAGs
[2025-12-19T13:05:25.466+0000] {logging_mixin.py:188} INFO - [2025-12-19T13:05:25.465+0000] {dag.py:3954} INFO - Setting next_dagrun for update_db to 2025-12-18 15:00:00+00:00, run_after=2025-12-19 15:00:00+00:00
[2025-12-19T13:05:25.494+0000] {logging_mixin.py:188} INFO - [2025-12-19T13:05:25.494+0000] {dag.py:3954} INFO - Setting next_dagrun for youtube_video_stats to 2025-12-18 14:00:00+00:00, run_after=2025-12-19 14:00:00+00:00
[2025-12-19T13:05:25.585+0000] {processor.py:183} INFO - Processing /opt/airflow/dags/main.py took 1.354 seconds
[2025-12-19T13:05:56.190+0000] {processor.py:161} INFO - Started process (PID=9169) to work on /opt/airflow/dags/main.py
[2025-12-19T13:05:56.193+0000] {processor.py:830} INFO - Processing file /opt/airflow/dags/main.py for tasks to queue
[2025-12-19T13:05:56.196+0000] {logging_mixin.py:188} INFO - [2025-12-19T13:05:56.195+0000] {dagbag.py:545} INFO - Filling up the DagBag from /opt/airflow/dags/main.py
[2025-12-19T13:05:56.487+0000] {processor.py:840} INFO - DAG(s) 'youtube_video_stats', 'update_db' retrieved from /opt/airflow/dags/main.py
[2025-12-19T13:05:57.005+0000] {logging_mixin.py:188} INFO - [2025-12-19T13:05:57.005+0000] {dag.py:3096} INFO - Sync 2 DAGs
[2025-12-19T13:05:57.098+0000] {logging_mixin.py:188} INFO - [2025-12-19T13:05:57.097+0000] {dag.py:3954} INFO - Setting next_dagrun for update_db to 2025-12-18 15:00:00+00:00, run_after=2025-12-19 15:00:00+00:00
[2025-12-19T13:05:57.117+0000] {logging_mixin.py:188} INFO - [2025-12-19T13:05:57.116+0000] {dag.py:3954} INFO - Setting next_dagrun for youtube_video_stats to 2025-12-18 14:00:00+00:00, run_after=2025-12-19 14:00:00+00:00
[2025-12-19T13:05:57.190+0000] {processor.py:183} INFO - Processing /opt/airflow/dags/main.py took 1.017 seconds
[2025-12-19T13:06:30.326+0000] {processor.py:161} INFO - Started process (PID=9177) to work on /opt/airflow/dags/main.py
[2025-12-19T13:06:30.331+0000] {processor.py:830} INFO - Processing file /opt/airflow/dags/main.py for tasks to queue
[2025-12-19T13:06:30.337+0000] {logging_mixin.py:188} INFO - [2025-12-19T13:06:30.336+0000] {dagbag.py:545} INFO - Filling up the DagBag from /opt/airflow/dags/main.py
[2025-12-19T13:06:35.041+0000] {processor.py:840} INFO - DAG(s) 'youtube_video_stats', 'update_db' retrieved from /opt/airflow/dags/main.py
[2025-12-19T13:06:35.641+0000] {logging_mixin.py:188} INFO - [2025-12-19T13:06:35.641+0000] {dag.py:3096} INFO - Sync 2 DAGs
[2025-12-19T13:06:35.728+0000] {logging_mixin.py:188} INFO - [2025-12-19T13:06:35.728+0000] {dag.py:3954} INFO - Setting next_dagrun for update_db to 2025-12-18 15:00:00+00:00, run_after=2025-12-19 15:00:00+00:00
[2025-12-19T13:06:35.756+0000] {logging_mixin.py:188} INFO - [2025-12-19T13:06:35.755+0000] {dag.py:3954} INFO - Setting next_dagrun for youtube_video_stats to 2025-12-18 14:00:00+00:00, run_after=2025-12-19 14:00:00+00:00
[2025-12-19T13:06:36.070+0000] {processor.py:183} INFO - Processing /opt/airflow/dags/main.py took 5.801 seconds
[2025-12-19T13:07:06.744+0000] {processor.py:161} INFO - Started process (PID=9184) to work on /opt/airflow/dags/main.py
[2025-12-19T13:07:06.756+0000] {processor.py:830} INFO - Processing file /opt/airflow/dags/main.py for tasks to queue
[2025-12-19T13:07:06.763+0000] {logging_mixin.py:188} INFO - [2025-12-19T13:07:06.761+0000] {dagbag.py:545} INFO - Filling up the DagBag from /opt/airflow/dags/main.py
[2025-12-19T13:07:08.421+0000] {processor.py:840} INFO - DAG(s) 'update_db', 'youtube_video_stats' retrieved from /opt/airflow/dags/main.py
[2025-12-19T13:07:08.666+0000] {logging_mixin.py:188} INFO - [2025-12-19T13:07:08.666+0000] {dag.py:3096} INFO - Sync 2 DAGs
[2025-12-19T13:07:08.883+0000] {logging_mixin.py:188} INFO - [2025-12-19T13:07:08.872+0000] {dag.py:3954} INFO - Setting next_dagrun for update_db to 2025-12-18 15:00:00+00:00, run_after=2025-12-19 15:00:00+00:00
[2025-12-19T13:07:08.935+0000] {logging_mixin.py:188} INFO - [2025-12-19T13:07:08.934+0000] {dag.py:3954} INFO - Setting next_dagrun for youtube_video_stats to 2025-12-18 14:00:00+00:00, run_after=2025-12-19 14:00:00+00:00
[2025-12-19T13:07:09.192+0000] {processor.py:183} INFO - Processing /opt/airflow/dags/main.py took 2.485 seconds
[2025-12-19T13:07:39.935+0000] {processor.py:161} INFO - Started process (PID=9192) to work on /opt/airflow/dags/main.py
[2025-12-19T13:07:39.952+0000] {processor.py:830} INFO - Processing file /opt/airflow/dags/main.py for tasks to queue
[2025-12-19T13:07:39.964+0000] {logging_mixin.py:188} INFO - [2025-12-19T13:07:39.958+0000] {dagbag.py:545} INFO - Filling up the DagBag from /opt/airflow/dags/main.py
[2025-12-19T13:07:41.174+0000] {processor.py:840} INFO - DAG(s) 'youtube_video_stats', 'update_db' retrieved from /opt/airflow/dags/main.py
[2025-12-19T13:07:41.324+0000] {logging_mixin.py:188} INFO - [2025-12-19T13:07:41.324+0000] {dag.py:3096} INFO - Sync 2 DAGs
[2025-12-19T13:07:41.447+0000] {logging_mixin.py:188} INFO - [2025-12-19T13:07:41.446+0000] {dag.py:3954} INFO - Setting next_dagrun for update_db to 2025-12-18 15:00:00+00:00, run_after=2025-12-19 15:00:00+00:00
[2025-12-19T13:07:41.507+0000] {logging_mixin.py:188} INFO - [2025-12-19T13:07:41.506+0000] {dag.py:3954} INFO - Setting next_dagrun for youtube_video_stats to 2025-12-18 14:00:00+00:00, run_after=2025-12-19 14:00:00+00:00
[2025-12-19T13:07:41.710+0000] {processor.py:183} INFO - Processing /opt/airflow/dags/main.py took 1.846 seconds
[2025-12-19T13:08:12.179+0000] {processor.py:161} INFO - Started process (PID=9199) to work on /opt/airflow/dags/main.py
[2025-12-19T13:08:12.183+0000] {processor.py:830} INFO - Processing file /opt/airflow/dags/main.py for tasks to queue
[2025-12-19T13:08:12.186+0000] {logging_mixin.py:188} INFO - [2025-12-19T13:08:12.185+0000] {dagbag.py:545} INFO - Filling up the DagBag from /opt/airflow/dags/main.py
[2025-12-19T13:08:12.583+0000] {processor.py:840} INFO - DAG(s) 'youtube_video_stats', 'update_db' retrieved from /opt/airflow/dags/main.py
[2025-12-19T13:08:12.722+0000] {logging_mixin.py:188} INFO - [2025-12-19T13:08:12.721+0000] {dag.py:3096} INFO - Sync 2 DAGs
[2025-12-19T13:08:13.354+0000] {logging_mixin.py:188} INFO - [2025-12-19T13:08:13.353+0000] {dag.py:3954} INFO - Setting next_dagrun for update_db to 2025-12-18 15:00:00+00:00, run_after=2025-12-19 15:00:00+00:00
[2025-12-19T13:08:13.392+0000] {logging_mixin.py:188} INFO - [2025-12-19T13:08:13.391+0000] {dag.py:3954} INFO - Setting next_dagrun for youtube_video_stats to 2025-12-18 14:00:00+00:00, run_after=2025-12-19 14:00:00+00:00
[2025-12-19T13:08:13.464+0000] {processor.py:183} INFO - Processing /opt/airflow/dags/main.py took 1.310 seconds
[2025-12-19T13:08:43.892+0000] {processor.py:161} INFO - Started process (PID=9207) to work on /opt/airflow/dags/main.py
[2025-12-19T13:08:43.895+0000] {processor.py:830} INFO - Processing file /opt/airflow/dags/main.py for tasks to queue
[2025-12-19T13:08:43.897+0000] {logging_mixin.py:188} INFO - [2025-12-19T13:08:43.896+0000] {dagbag.py:545} INFO - Filling up the DagBag from /opt/airflow/dags/main.py
[2025-12-19T13:08:44.193+0000] {processor.py:840} INFO - DAG(s) 'youtube_video_stats', 'update_db' retrieved from /opt/airflow/dags/main.py
[2025-12-19T13:08:44.697+0000] {logging_mixin.py:188} INFO - [2025-12-19T13:08:44.696+0000] {dag.py:3096} INFO - Sync 2 DAGs
[2025-12-19T13:08:44.763+0000] {logging_mixin.py:188} INFO - [2025-12-19T13:08:44.763+0000] {dag.py:3954} INFO - Setting next_dagrun for update_db to 2025-12-18 15:00:00+00:00, run_after=2025-12-19 15:00:00+00:00
[2025-12-19T13:08:44.778+0000] {logging_mixin.py:188} INFO - [2025-12-19T13:08:44.777+0000] {dag.py:3954} INFO - Setting next_dagrun for youtube_video_stats to 2025-12-18 14:00:00+00:00, run_after=2025-12-19 14:00:00+00:00
[2025-12-19T13:08:44.829+0000] {processor.py:183} INFO - Processing /opt/airflow/dags/main.py took 0.951 seconds
[2025-12-19T15:11:12.475+0000] {processor.py:161} INFO - Started process (PID=9214) to work on /opt/airflow/dags/main.py
[2025-12-19T15:11:12.479+0000] {processor.py:830} INFO - Processing file /opt/airflow/dags/main.py for tasks to queue
[2025-12-19T15:11:12.481+0000] {logging_mixin.py:188} INFO - [2025-12-19T15:11:12.480+0000] {dagbag.py:545} INFO - Filling up the DagBag from /opt/airflow/dags/main.py
[2025-12-19T15:11:13.290+0000] {processor.py:840} INFO - DAG(s) 'youtube_video_stats', 'update_db' retrieved from /opt/airflow/dags/main.py
[2025-12-19T15:11:13.949+0000] {logging_mixin.py:188} INFO - [2025-12-19T15:11:13.949+0000] {dag.py:3096} INFO - Sync 2 DAGs
[2025-12-19T15:11:14.025+0000] {logging_mixin.py:188} INFO - [2025-12-19T15:11:14.024+0000] {dag.py:3954} INFO - Setting next_dagrun for update_db to 2025-12-19 15:00:00+00:00, run_after=2025-12-20 15:00:00+00:00
[2025-12-19T15:11:14.042+0000] {logging_mixin.py:188} INFO - [2025-12-19T15:11:14.042+0000] {dag.py:3954} INFO - Setting next_dagrun for youtube_video_stats to 2025-12-19 14:00:00+00:00, run_after=2025-12-20 14:00:00+00:00
[2025-12-19T15:11:14.114+0000] {processor.py:183} INFO - Processing /opt/airflow/dags/main.py took 1.658 seconds
[2025-12-19T15:11:44.598+0000] {processor.py:161} INFO - Started process (PID=9225) to work on /opt/airflow/dags/main.py
[2025-12-19T15:11:44.604+0000] {processor.py:830} INFO - Processing file /opt/airflow/dags/main.py for tasks to queue
[2025-12-19T15:11:44.607+0000] {logging_mixin.py:188} INFO - [2025-12-19T15:11:44.606+0000] {dagbag.py:545} INFO - Filling up the DagBag from /opt/airflow/dags/main.py
[2025-12-19T15:11:45.606+0000] {processor.py:840} INFO - DAG(s) 'youtube_video_stats', 'update_db' retrieved from /opt/airflow/dags/main.py
[2025-12-19T15:11:45.730+0000] {logging_mixin.py:188} INFO - [2025-12-19T15:11:45.730+0000] {dag.py:3096} INFO - Sync 2 DAGs
[2025-12-19T15:11:45.838+0000] {logging_mixin.py:188} INFO - [2025-12-19T15:11:45.837+0000] {dag.py:3954} INFO - Setting next_dagrun for update_db to 2025-12-19 15:00:00+00:00, run_after=2025-12-20 15:00:00+00:00
[2025-12-19T15:11:45.866+0000] {logging_mixin.py:188} INFO - [2025-12-19T15:11:45.866+0000] {dag.py:3954} INFO - Setting next_dagrun for youtube_video_stats to 2025-12-19 14:00:00+00:00, run_after=2025-12-20 14:00:00+00:00
[2025-12-19T15:11:45.949+0000] {processor.py:183} INFO - Processing /opt/airflow/dags/main.py took 1.375 seconds
[2025-12-19T15:12:16.128+0000] {processor.py:161} INFO - Started process (PID=9232) to work on /opt/airflow/dags/main.py
[2025-12-19T15:12:16.131+0000] {processor.py:830} INFO - Processing file /opt/airflow/dags/main.py for tasks to queue
[2025-12-19T15:12:16.134+0000] {logging_mixin.py:188} INFO - [2025-12-19T15:12:16.133+0000] {dagbag.py:545} INFO - Filling up the DagBag from /opt/airflow/dags/main.py
[2025-12-19T15:12:16.860+0000] {processor.py:840} INFO - DAG(s) 'update_db', 'youtube_video_stats' retrieved from /opt/airflow/dags/main.py
[2025-12-19T15:12:16.949+0000] {logging_mixin.py:188} INFO - [2025-12-19T15:12:16.948+0000] {dag.py:3096} INFO - Sync 2 DAGs
[2025-12-19T15:12:17.020+0000] {logging_mixin.py:188} INFO - [2025-12-19T15:12:17.020+0000] {dag.py:3954} INFO - Setting next_dagrun for update_db to 2025-12-19 15:00:00+00:00, run_after=2025-12-20 15:00:00+00:00
[2025-12-19T15:12:17.039+0000] {logging_mixin.py:188} INFO - [2025-12-19T15:12:17.039+0000] {dag.py:3954} INFO - Setting next_dagrun for youtube_video_stats to 2025-12-19 14:00:00+00:00, run_after=2025-12-20 14:00:00+00:00
[2025-12-19T15:12:17.096+0000] {processor.py:183} INFO - Processing /opt/airflow/dags/main.py took 0.991 seconds
[2025-12-19T15:12:47.438+0000] {processor.py:161} INFO - Started process (PID=9239) to work on /opt/airflow/dags/main.py
[2025-12-19T15:12:47.440+0000] {processor.py:830} INFO - Processing file /opt/airflow/dags/main.py for tasks to queue
[2025-12-19T15:12:47.443+0000] {logging_mixin.py:188} INFO - [2025-12-19T15:12:47.442+0000] {dagbag.py:545} INFO - Filling up the DagBag from /opt/airflow/dags/main.py
[2025-12-19T15:12:48.176+0000] {processor.py:840} INFO - DAG(s) 'youtube_video_stats', 'update_db' retrieved from /opt/airflow/dags/main.py
[2025-12-19T15:12:48.276+0000] {logging_mixin.py:188} INFO - [2025-12-19T15:12:48.276+0000] {dag.py:3096} INFO - Sync 2 DAGs
[2025-12-19T15:12:48.333+0000] {logging_mixin.py:188} INFO - [2025-12-19T15:12:48.332+0000] {dag.py:3954} INFO - Setting next_dagrun for update_db to 2025-12-19 15:00:00+00:00, run_after=2025-12-20 15:00:00+00:00
[2025-12-19T15:12:48.350+0000] {logging_mixin.py:188} INFO - [2025-12-19T15:12:48.349+0000] {dag.py:3954} INFO - Setting next_dagrun for youtube_video_stats to 2025-12-19 14:00:00+00:00, run_after=2025-12-20 14:00:00+00:00
[2025-12-19T15:12:48.401+0000] {processor.py:183} INFO - Processing /opt/airflow/dags/main.py took 0.985 seconds
[2025-12-19T15:13:18.774+0000] {processor.py:161} INFO - Started process (PID=9246) to work on /opt/airflow/dags/main.py
[2025-12-19T15:13:18.777+0000] {processor.py:830} INFO - Processing file /opt/airflow/dags/main.py for tasks to queue
[2025-12-19T15:13:18.779+0000] {logging_mixin.py:188} INFO - [2025-12-19T15:13:18.778+0000] {dagbag.py:545} INFO - Filling up the DagBag from /opt/airflow/dags/main.py
[2025-12-19T15:13:18.978+0000] {processor.py:840} INFO - DAG(s) 'update_db', 'youtube_video_stats' retrieved from /opt/airflow/dags/main.py
[2025-12-19T15:13:19.057+0000] {logging_mixin.py:188} INFO - [2025-12-19T15:13:19.056+0000] {dag.py:3096} INFO - Sync 2 DAGs
[2025-12-19T15:13:19.331+0000] {logging_mixin.py:188} INFO - [2025-12-19T15:13:19.330+0000] {dag.py:3954} INFO - Setting next_dagrun for update_db to 2025-12-19 15:00:00+00:00, run_after=2025-12-20 15:00:00+00:00
[2025-12-19T15:13:19.344+0000] {logging_mixin.py:188} INFO - [2025-12-19T15:13:19.344+0000] {dag.py:3954} INFO - Setting next_dagrun for youtube_video_stats to 2025-12-19 14:00:00+00:00, run_after=2025-12-20 14:00:00+00:00
[2025-12-19T15:13:19.381+0000] {processor.py:183} INFO - Processing /opt/airflow/dags/main.py took 0.618 seconds
[2025-12-19T15:13:49.671+0000] {processor.py:161} INFO - Started process (PID=9253) to work on /opt/airflow/dags/main.py
[2025-12-19T15:13:49.674+0000] {processor.py:830} INFO - Processing file /opt/airflow/dags/main.py for tasks to queue
[2025-12-19T15:13:49.675+0000] {logging_mixin.py:188} INFO - [2025-12-19T15:13:49.675+0000] {dagbag.py:545} INFO - Filling up the DagBag from /opt/airflow/dags/main.py
[2025-12-19T15:13:49.841+0000] {processor.py:840} INFO - DAG(s) 'youtube_video_stats', 'update_db' retrieved from /opt/airflow/dags/main.py
[2025-12-19T15:13:50.054+0000] {logging_mixin.py:188} INFO - [2025-12-19T15:13:50.054+0000] {dag.py:3096} INFO - Sync 2 DAGs
[2025-12-19T15:13:50.083+0000] {logging_mixin.py:188} INFO - [2025-12-19T15:13:50.083+0000] {dag.py:3954} INFO - Setting next_dagrun for update_db to 2025-12-19 15:00:00+00:00, run_after=2025-12-20 15:00:00+00:00
[2025-12-19T15:13:50.091+0000] {logging_mixin.py:188} INFO - [2025-12-19T15:13:50.091+0000] {dag.py:3954} INFO - Setting next_dagrun for youtube_video_stats to 2025-12-19 14:00:00+00:00, run_after=2025-12-20 14:00:00+00:00
[2025-12-19T15:13:50.115+0000] {processor.py:183} INFO - Processing /opt/airflow/dags/main.py took 0.453 seconds
[2025-12-19T15:14:20.266+0000] {processor.py:161} INFO - Started process (PID=9260) to work on /opt/airflow/dags/main.py
[2025-12-19T15:14:20.268+0000] {processor.py:830} INFO - Processing file /opt/airflow/dags/main.py for tasks to queue
[2025-12-19T15:14:20.270+0000] {logging_mixin.py:188} INFO - [2025-12-19T15:14:20.269+0000] {dagbag.py:545} INFO - Filling up the DagBag from /opt/airflow/dags/main.py
[2025-12-19T15:14:20.475+0000] {processor.py:840} INFO - DAG(s) 'youtube_video_stats', 'update_db' retrieved from /opt/airflow/dags/main.py
[2025-12-19T15:14:20.734+0000] {logging_mixin.py:188} INFO - [2025-12-19T15:14:20.734+0000] {dag.py:3096} INFO - Sync 2 DAGs
[2025-12-19T15:14:20.771+0000] {logging_mixin.py:188} INFO - [2025-12-19T15:14:20.771+0000] {dag.py:3954} INFO - Setting next_dagrun for update_db to 2025-12-19 15:00:00+00:00, run_after=2025-12-20 15:00:00+00:00
[2025-12-19T15:14:20.781+0000] {logging_mixin.py:188} INFO - [2025-12-19T15:14:20.781+0000] {dag.py:3954} INFO - Setting next_dagrun for youtube_video_stats to 2025-12-19 14:00:00+00:00, run_after=2025-12-20 14:00:00+00:00
[2025-12-19T15:14:20.811+0000] {processor.py:183} INFO - Processing /opt/airflow/dags/main.py took 0.556 seconds
[2025-12-19T15:14:51.125+0000] {processor.py:161} INFO - Started process (PID=9267) to work on /opt/airflow/dags/main.py
[2025-12-19T15:14:51.127+0000] {processor.py:830} INFO - Processing file /opt/airflow/dags/main.py for tasks to queue
[2025-12-19T15:14:51.129+0000] {logging_mixin.py:188} INFO - [2025-12-19T15:14:51.129+0000] {dagbag.py:545} INFO - Filling up the DagBag from /opt/airflow/dags/main.py
[2025-12-19T15:14:51.539+0000] {processor.py:840} INFO - DAG(s) 'youtube_video_stats', 'update_db' retrieved from /opt/airflow/dags/main.py
[2025-12-19T15:14:51.590+0000] {logging_mixin.py:188} INFO - [2025-12-19T15:14:51.590+0000] {dag.py:3096} INFO - Sync 2 DAGs
[2025-12-19T15:14:51.629+0000] {logging_mixin.py:188} INFO - [2025-12-19T15:14:51.628+0000] {dag.py:3954} INFO - Setting next_dagrun for update_db to 2025-12-19 15:00:00+00:00, run_after=2025-12-20 15:00:00+00:00
[2025-12-19T15:14:51.642+0000] {logging_mixin.py:188} INFO - [2025-12-19T15:14:51.642+0000] {dag.py:3954} INFO - Setting next_dagrun for youtube_video_stats to 2025-12-19 14:00:00+00:00, run_after=2025-12-20 14:00:00+00:00
[2025-12-19T15:14:51.672+0000] {processor.py:183} INFO - Processing /opt/airflow/dags/main.py took 0.560 seconds
[2025-12-19T15:15:21.842+0000] {processor.py:161} INFO - Started process (PID=9274) to work on /opt/airflow/dags/main.py
[2025-12-19T15:15:21.843+0000] {processor.py:830} INFO - Processing file /opt/airflow/dags/main.py for tasks to queue
[2025-12-19T15:15:21.844+0000] {logging_mixin.py:188} INFO - [2025-12-19T15:15:21.844+0000] {dagbag.py:545} INFO - Filling up the DagBag from /opt/airflow/dags/main.py
[2025-12-19T15:15:22.124+0000] {processor.py:840} INFO - DAG(s) 'youtube_video_stats', 'update_db' retrieved from /opt/airflow/dags/main.py
[2025-12-19T15:15:22.155+0000] {logging_mixin.py:188} INFO - [2025-12-19T15:15:22.154+0000] {dag.py:3096} INFO - Sync 2 DAGs
[2025-12-19T15:15:22.179+0000] {logging_mixin.py:188} INFO - [2025-12-19T15:15:22.179+0000] {dag.py:3954} INFO - Setting next_dagrun for update_db to 2025-12-19 15:00:00+00:00, run_after=2025-12-20 15:00:00+00:00
[2025-12-19T15:15:22.185+0000] {logging_mixin.py:188} INFO - [2025-12-19T15:15:22.185+0000] {dag.py:3954} INFO - Setting next_dagrun for youtube_video_stats to 2025-12-19 14:00:00+00:00, run_after=2025-12-20 14:00:00+00:00
[2025-12-19T15:15:22.206+0000] {processor.py:183} INFO - Processing /opt/airflow/dags/main.py took 0.371 seconds
[2025-12-19T15:15:52.450+0000] {processor.py:161} INFO - Started process (PID=9281) to work on /opt/airflow/dags/main.py
[2025-12-19T15:15:52.452+0000] {processor.py:830} INFO - Processing file /opt/airflow/dags/main.py for tasks to queue
[2025-12-19T15:15:52.454+0000] {logging_mixin.py:188} INFO - [2025-12-19T15:15:52.454+0000] {dagbag.py:545} INFO - Filling up the DagBag from /opt/airflow/dags/main.py
[2025-12-19T15:15:52.787+0000] {processor.py:840} INFO - DAG(s) 'youtube_video_stats', 'update_db' retrieved from /opt/airflow/dags/main.py
[2025-12-19T15:15:52.829+0000] {logging_mixin.py:188} INFO - [2025-12-19T15:15:52.829+0000] {dag.py:3096} INFO - Sync 2 DAGs
[2025-12-19T15:15:52.861+0000] {logging_mixin.py:188} INFO - [2025-12-19T15:15:52.861+0000] {dag.py:3954} INFO - Setting next_dagrun for update_db to 2025-12-19 15:00:00+00:00, run_after=2025-12-20 15:00:00+00:00
[2025-12-19T15:15:52.870+0000] {logging_mixin.py:188} INFO - [2025-12-19T15:15:52.870+0000] {dag.py:3954} INFO - Setting next_dagrun for youtube_video_stats to 2025-12-19 14:00:00+00:00, run_after=2025-12-20 14:00:00+00:00
[2025-12-19T15:15:52.897+0000] {processor.py:183} INFO - Processing /opt/airflow/dags/main.py took 0.457 seconds
[2025-12-19T15:16:23.144+0000] {processor.py:161} INFO - Started process (PID=9288) to work on /opt/airflow/dags/main.py
[2025-12-19T15:16:23.146+0000] {processor.py:830} INFO - Processing file /opt/airflow/dags/main.py for tasks to queue
[2025-12-19T15:16:23.148+0000] {logging_mixin.py:188} INFO - [2025-12-19T15:16:23.147+0000] {dagbag.py:545} INFO - Filling up the DagBag from /opt/airflow/dags/main.py
[2025-12-19T15:16:23.306+0000] {processor.py:840} INFO - DAG(s) 'youtube_video_stats', 'update_db' retrieved from /opt/airflow/dags/main.py
[2025-12-19T15:16:23.355+0000] {logging_mixin.py:188} INFO - [2025-12-19T15:16:23.354+0000] {dag.py:3096} INFO - Sync 2 DAGs
[2025-12-19T15:16:23.598+0000] {logging_mixin.py:188} INFO - [2025-12-19T15:16:23.598+0000] {dag.py:3954} INFO - Setting next_dagrun for update_db to 2025-12-19 15:00:00+00:00, run_after=2025-12-20 15:00:00+00:00
[2025-12-19T15:16:23.610+0000] {logging_mixin.py:188} INFO - [2025-12-19T15:16:23.609+0000] {dag.py:3954} INFO - Setting next_dagrun for youtube_video_stats to 2025-12-19 14:00:00+00:00, run_after=2025-12-20 14:00:00+00:00
[2025-12-19T15:16:23.641+0000] {processor.py:183} INFO - Processing /opt/airflow/dags/main.py took 0.506 seconds
[2025-12-19T18:45:50.712+0000] {processor.py:161} INFO - Started process (PID=9295) to work on /opt/airflow/dags/main.py
[2025-12-19T18:45:50.720+0000] {processor.py:830} INFO - Processing file /opt/airflow/dags/main.py for tasks to queue
[2025-12-19T18:45:50.722+0000] {logging_mixin.py:188} INFO - [2025-12-19T18:45:50.721+0000] {dagbag.py:545} INFO - Filling up the DagBag from /opt/airflow/dags/main.py
[2025-12-19T18:45:51.548+0000] {processor.py:840} INFO - DAG(s) 'update_db', 'youtube_video_stats' retrieved from /opt/airflow/dags/main.py
[2025-12-19T18:45:52.252+0000] {logging_mixin.py:188} INFO - [2025-12-19T18:45:52.252+0000] {dag.py:3096} INFO - Sync 2 DAGs
[2025-12-19T18:45:52.323+0000] {logging_mixin.py:188} INFO - [2025-12-19T18:45:52.323+0000] {dag.py:3954} INFO - Setting next_dagrun for update_db to 2025-12-19 15:00:00+00:00, run_after=2025-12-20 15:00:00+00:00
[2025-12-19T18:45:52.341+0000] {logging_mixin.py:188} INFO - [2025-12-19T18:45:52.341+0000] {dag.py:3954} INFO - Setting next_dagrun for youtube_video_stats to 2025-12-19 14:00:00+00:00, run_after=2025-12-20 14:00:00+00:00
[2025-12-19T18:45:52.421+0000] {processor.py:183} INFO - Processing /opt/airflow/dags/main.py took 1.758 seconds
[2025-12-19T18:46:23.173+0000] {processor.py:161} INFO - Started process (PID=9303) to work on /opt/airflow/dags/main.py
[2025-12-19T18:46:23.185+0000] {processor.py:830} INFO - Processing file /opt/airflow/dags/main.py for tasks to queue
[2025-12-19T18:46:23.195+0000] {logging_mixin.py:188} INFO - [2025-12-19T18:46:23.193+0000] {dagbag.py:545} INFO - Filling up the DagBag from /opt/airflow/dags/main.py
[2025-12-19T18:46:23.642+0000] {processor.py:840} INFO - DAG(s) 'update_db', 'youtube_video_stats' retrieved from /opt/airflow/dags/main.py
[2025-12-19T18:46:24.307+0000] {logging_mixin.py:188} INFO - [2025-12-19T18:46:24.299+0000] {dag.py:3096} INFO - Sync 2 DAGs
[2025-12-19T18:46:24.404+0000] {logging_mixin.py:188} INFO - [2025-12-19T18:46:24.403+0000] {dag.py:3954} INFO - Setting next_dagrun for update_db to 2025-12-19 15:00:00+00:00, run_after=2025-12-20 15:00:00+00:00
[2025-12-19T18:46:24.434+0000] {logging_mixin.py:188} INFO - [2025-12-19T18:46:24.434+0000] {dag.py:3954} INFO - Setting next_dagrun for youtube_video_stats to 2025-12-19 14:00:00+00:00, run_after=2025-12-20 14:00:00+00:00
[2025-12-19T18:46:24.606+0000] {processor.py:183} INFO - Processing /opt/airflow/dags/main.py took 1.482 seconds
[2025-12-19T18:46:55.129+0000] {processor.py:161} INFO - Started process (PID=9310) to work on /opt/airflow/dags/main.py
[2025-12-19T18:46:55.132+0000] {processor.py:830} INFO - Processing file /opt/airflow/dags/main.py for tasks to queue
[2025-12-19T18:46:55.140+0000] {logging_mixin.py:188} INFO - [2025-12-19T18:46:55.139+0000] {dagbag.py:545} INFO - Filling up the DagBag from /opt/airflow/dags/main.py
[2025-12-19T18:46:55.808+0000] {processor.py:840} INFO - DAG(s) 'youtube_video_stats', 'update_db' retrieved from /opt/airflow/dags/main.py
[2025-12-19T18:46:55.903+0000] {logging_mixin.py:188} INFO - [2025-12-19T18:46:55.903+0000] {dag.py:3096} INFO - Sync 2 DAGs
[2025-12-19T18:46:55.975+0000] {logging_mixin.py:188} INFO - [2025-12-19T18:46:55.974+0000] {dag.py:3954} INFO - Setting next_dagrun for update_db to 2025-12-19 15:00:00+00:00, run_after=2025-12-20 15:00:00+00:00
[2025-12-19T18:46:55.992+0000] {logging_mixin.py:188} INFO - [2025-12-19T18:46:55.992+0000] {dag.py:3954} INFO - Setting next_dagrun for youtube_video_stats to 2025-12-19 14:00:00+00:00, run_after=2025-12-20 14:00:00+00:00
[2025-12-19T18:46:56.050+0000] {processor.py:183} INFO - Processing /opt/airflow/dags/main.py took 0.941 seconds
[2025-12-19T18:47:26.517+0000] {processor.py:161} INFO - Started process (PID=9317) to work on /opt/airflow/dags/main.py
[2025-12-19T18:47:26.520+0000] {processor.py:830} INFO - Processing file /opt/airflow/dags/main.py for tasks to queue
[2025-12-19T18:47:26.523+0000] {logging_mixin.py:188} INFO - [2025-12-19T18:47:26.522+0000] {dagbag.py:545} INFO - Filling up the DagBag from /opt/airflow/dags/main.py
[2025-12-19T18:47:27.231+0000] {processor.py:840} INFO - DAG(s) 'update_db', 'youtube_video_stats' retrieved from /opt/airflow/dags/main.py
[2025-12-19T18:47:27.325+0000] {logging_mixin.py:188} INFO - [2025-12-19T18:47:27.324+0000] {dag.py:3096} INFO - Sync 2 DAGs
[2025-12-19T18:47:27.391+0000] {logging_mixin.py:188} INFO - [2025-12-19T18:47:27.391+0000] {dag.py:3954} INFO - Setting next_dagrun for update_db to 2025-12-19 15:00:00+00:00, run_after=2025-12-20 15:00:00+00:00
[2025-12-19T18:47:27.408+0000] {logging_mixin.py:188} INFO - [2025-12-19T18:47:27.408+0000] {dag.py:3954} INFO - Setting next_dagrun for youtube_video_stats to 2025-12-19 14:00:00+00:00, run_after=2025-12-20 14:00:00+00:00
[2025-12-19T18:47:27.446+0000] {processor.py:183} INFO - Processing /opt/airflow/dags/main.py took 0.951 seconds
[2025-12-19T18:47:57.730+0000] {processor.py:161} INFO - Started process (PID=9324) to work on /opt/airflow/dags/main.py
[2025-12-19T18:47:57.732+0000] {processor.py:830} INFO - Processing file /opt/airflow/dags/main.py for tasks to queue
[2025-12-19T18:47:57.733+0000] {logging_mixin.py:188} INFO - [2025-12-19T18:47:57.732+0000] {dagbag.py:545} INFO - Filling up the DagBag from /opt/airflow/dags/main.py
[2025-12-19T18:47:58.046+0000] {processor.py:840} INFO - DAG(s) 'youtube_video_stats', 'update_db' retrieved from /opt/airflow/dags/main.py
[2025-12-19T18:47:58.086+0000] {logging_mixin.py:188} INFO - [2025-12-19T18:47:58.086+0000] {dag.py:3096} INFO - Sync 2 DAGs
[2025-12-19T18:47:58.123+0000] {logging_mixin.py:188} INFO - [2025-12-19T18:47:58.123+0000] {dag.py:3954} INFO - Setting next_dagrun for update_db to 2025-12-19 15:00:00+00:00, run_after=2025-12-20 15:00:00+00:00
[2025-12-19T18:47:58.131+0000] {logging_mixin.py:188} INFO - [2025-12-19T18:47:58.131+0000] {dag.py:3954} INFO - Setting next_dagrun for youtube_video_stats to 2025-12-19 14:00:00+00:00, run_after=2025-12-20 14:00:00+00:00
[2025-12-19T18:47:58.158+0000] {processor.py:183} INFO - Processing /opt/airflow/dags/main.py took 0.435 seconds
[2025-12-19T18:48:28.237+0000] {processor.py:161} INFO - Started process (PID=9331) to work on /opt/airflow/dags/main.py
[2025-12-19T18:48:28.239+0000] {processor.py:830} INFO - Processing file /opt/airflow/dags/main.py for tasks to queue
[2025-12-19T18:48:28.240+0000] {logging_mixin.py:188} INFO - [2025-12-19T18:48:28.240+0000] {dagbag.py:545} INFO - Filling up the DagBag from /opt/airflow/dags/main.py
[2025-12-19T18:48:28.428+0000] {processor.py:840} INFO - DAG(s) 'update_db', 'youtube_video_stats' retrieved from /opt/airflow/dags/main.py
[2025-12-19T18:48:28.487+0000] {logging_mixin.py:188} INFO - [2025-12-19T18:48:28.486+0000] {dag.py:3096} INFO - Sync 2 DAGs
[2025-12-19T18:48:28.711+0000] {logging_mixin.py:188} INFO - [2025-12-19T18:48:28.711+0000] {dag.py:3954} INFO - Setting next_dagrun for update_db to 2025-12-19 15:00:00+00:00, run_after=2025-12-20 15:00:00+00:00
[2025-12-19T18:48:28.721+0000] {logging_mixin.py:188} INFO - [2025-12-19T18:48:28.721+0000] {dag.py:3954} INFO - Setting next_dagrun for youtube_video_stats to 2025-12-19 14:00:00+00:00, run_after=2025-12-20 14:00:00+00:00
[2025-12-19T18:48:28.749+0000] {processor.py:183} INFO - Processing /opt/airflow/dags/main.py took 0.523 seconds
[2025-12-19T18:48:58.985+0000] {processor.py:161} INFO - Started process (PID=9338) to work on /opt/airflow/dags/main.py
[2025-12-19T18:48:58.986+0000] {processor.py:830} INFO - Processing file /opt/airflow/dags/main.py for tasks to queue
[2025-12-19T18:48:58.987+0000] {logging_mixin.py:188} INFO - [2025-12-19T18:48:58.987+0000] {dagbag.py:545} INFO - Filling up the DagBag from /opt/airflow/dags/main.py
[2025-12-19T18:48:59.087+0000] {processor.py:840} INFO - DAG(s) 'youtube_video_stats', 'update_db' retrieved from /opt/airflow/dags/main.py
[2025-12-19T18:48:59.242+0000] {logging_mixin.py:188} INFO - [2025-12-19T18:48:59.242+0000] {dag.py:3096} INFO - Sync 2 DAGs
[2025-12-19T18:48:59.259+0000] {logging_mixin.py:188} INFO - [2025-12-19T18:48:59.259+0000] {dag.py:3954} INFO - Setting next_dagrun for update_db to 2025-12-19 15:00:00+00:00, run_after=2025-12-20 15:00:00+00:00
[2025-12-19T18:48:59.263+0000] {logging_mixin.py:188} INFO - [2025-12-19T18:48:59.263+0000] {dag.py:3954} INFO - Setting next_dagrun for youtube_video_stats to 2025-12-19 14:00:00+00:00, run_after=2025-12-20 14:00:00+00:00
[2025-12-19T18:48:59.287+0000] {processor.py:183} INFO - Processing /opt/airflow/dags/main.py took 0.309 seconds
[2025-12-19T18:49:29.515+0000] {processor.py:161} INFO - Started process (PID=9345) to work on /opt/airflow/dags/main.py
[2025-12-19T18:49:29.517+0000] {processor.py:830} INFO - Processing file /opt/airflow/dags/main.py for tasks to queue
[2025-12-19T18:49:29.518+0000] {logging_mixin.py:188} INFO - [2025-12-19T18:49:29.517+0000] {dagbag.py:545} INFO - Filling up the DagBag from /opt/airflow/dags/main.py
[2025-12-19T18:49:29.621+0000] {processor.py:840} INFO - DAG(s) 'youtube_video_stats', 'update_db' retrieved from /opt/airflow/dags/main.py
[2025-12-19T18:49:29.781+0000] {logging_mixin.py:188} INFO - [2025-12-19T18:49:29.781+0000] {dag.py:3096} INFO - Sync 2 DAGs
[2025-12-19T18:49:29.800+0000] {logging_mixin.py:188} INFO - [2025-12-19T18:49:29.800+0000] {dag.py:3954} INFO - Setting next_dagrun for update_db to 2025-12-19 15:00:00+00:00, run_after=2025-12-20 15:00:00+00:00
[2025-12-19T18:49:29.804+0000] {logging_mixin.py:188} INFO - [2025-12-19T18:49:29.804+0000] {dag.py:3954} INFO - Setting next_dagrun for youtube_video_stats to 2025-12-19 14:00:00+00:00, run_after=2025-12-20 14:00:00+00:00
[2025-12-19T18:49:29.823+0000] {processor.py:183} INFO - Processing /opt/airflow/dags/main.py took 0.314 seconds
[2025-12-19T18:50:00.062+0000] {processor.py:161} INFO - Started process (PID=9352) to work on /opt/airflow/dags/main.py
[2025-12-19T18:50:00.064+0000] {processor.py:830} INFO - Processing file /opt/airflow/dags/main.py for tasks to queue
[2025-12-19T18:50:00.066+0000] {logging_mixin.py:188} INFO - [2025-12-19T18:50:00.065+0000] {dagbag.py:545} INFO - Filling up the DagBag from /opt/airflow/dags/main.py
[2025-12-19T18:50:00.307+0000] {processor.py:840} INFO - DAG(s) 'youtube_video_stats', 'update_db' retrieved from /opt/airflow/dags/main.py
[2025-12-19T18:50:00.339+0000] {logging_mixin.py:188} INFO - [2025-12-19T18:50:00.339+0000] {dag.py:3096} INFO - Sync 2 DAGs
[2025-12-19T18:50:00.362+0000] {logging_mixin.py:188} INFO - [2025-12-19T18:50:00.362+0000] {dag.py:3954} INFO - Setting next_dagrun for update_db to 2025-12-19 15:00:00+00:00, run_after=2025-12-20 15:00:00+00:00
[2025-12-19T18:50:00.367+0000] {logging_mixin.py:188} INFO - [2025-12-19T18:50:00.367+0000] {dag.py:3954} INFO - Setting next_dagrun for youtube_video_stats to 2025-12-19 14:00:00+00:00, run_after=2025-12-20 14:00:00+00:00
[2025-12-19T18:50:00.387+0000] {processor.py:183} INFO - Processing /opt/airflow/dags/main.py took 0.336 seconds
[2025-12-19T18:50:30.642+0000] {processor.py:161} INFO - Started process (PID=9359) to work on /opt/airflow/dags/main.py
[2025-12-19T18:50:30.643+0000] {processor.py:830} INFO - Processing file /opt/airflow/dags/main.py for tasks to queue
[2025-12-19T18:50:30.644+0000] {logging_mixin.py:188} INFO - [2025-12-19T18:50:30.644+0000] {dagbag.py:545} INFO - Filling up the DagBag from /opt/airflow/dags/main.py
[2025-12-19T18:50:30.895+0000] {processor.py:840} INFO - DAG(s) 'update_db', 'youtube_video_stats' retrieved from /opt/airflow/dags/main.py
[2025-12-19T18:50:30.928+0000] {logging_mixin.py:188} INFO - [2025-12-19T18:50:30.928+0000] {dag.py:3096} INFO - Sync 2 DAGs
[2025-12-19T18:50:30.962+0000] {logging_mixin.py:188} INFO - [2025-12-19T18:50:30.962+0000] {dag.py:3954} INFO - Setting next_dagrun for update_db to 2025-12-19 15:00:00+00:00, run_after=2025-12-20 15:00:00+00:00
[2025-12-19T18:50:30.968+0000] {logging_mixin.py:188} INFO - [2025-12-19T18:50:30.968+0000] {dag.py:3954} INFO - Setting next_dagrun for youtube_video_stats to 2025-12-19 14:00:00+00:00, run_after=2025-12-20 14:00:00+00:00
[2025-12-19T18:50:30.989+0000] {processor.py:183} INFO - Processing /opt/airflow/dags/main.py took 0.354 seconds
[2025-12-19T18:51:01.505+0000] {processor.py:161} INFO - Started process (PID=9366) to work on /opt/airflow/dags/main.py
[2025-12-19T18:51:01.508+0000] {processor.py:830} INFO - Processing file /opt/airflow/dags/main.py for tasks to queue
[2025-12-19T18:51:01.521+0000] {logging_mixin.py:188} INFO - [2025-12-19T18:51:01.511+0000] {dagbag.py:545} INFO - Filling up the DagBag from /opt/airflow/dags/main.py
[2025-12-19T18:51:02.955+0000] {processor.py:840} INFO - DAG(s) 'youtube_video_stats', 'update_db' retrieved from /opt/airflow/dags/main.py
[2025-12-19T18:51:03.155+0000] {logging_mixin.py:188} INFO - [2025-12-19T18:51:03.154+0000] {dag.py:3096} INFO - Sync 2 DAGs
[2025-12-19T18:51:03.302+0000] {logging_mixin.py:188} INFO - [2025-12-19T18:51:03.301+0000] {dag.py:3954} INFO - Setting next_dagrun for update_db to 2025-12-19 15:00:00+00:00, run_after=2025-12-20 15:00:00+00:00
[2025-12-19T18:51:03.329+0000] {logging_mixin.py:188} INFO - [2025-12-19T18:51:03.329+0000] {dag.py:3954} INFO - Setting next_dagrun for youtube_video_stats to 2025-12-19 14:00:00+00:00, run_after=2025-12-20 14:00:00+00:00
[2025-12-19T18:51:03.402+0000] {processor.py:183} INFO - Processing /opt/airflow/dags/main.py took 1.933 seconds
[2025-12-19T18:51:33.950+0000] {processor.py:161} INFO - Started process (PID=9374) to work on /opt/airflow/dags/main.py
[2025-12-19T18:51:33.952+0000] {processor.py:830} INFO - Processing file /opt/airflow/dags/main.py for tasks to queue
[2025-12-19T18:51:33.956+0000] {logging_mixin.py:188} INFO - [2025-12-19T18:51:33.955+0000] {dagbag.py:545} INFO - Filling up the DagBag from /opt/airflow/dags/main.py
[2025-12-19T18:51:34.139+0000] {processor.py:840} INFO - DAG(s) 'youtube_video_stats', 'update_db' retrieved from /opt/airflow/dags/main.py
[2025-12-19T18:51:34.191+0000] {logging_mixin.py:188} INFO - [2025-12-19T18:51:34.190+0000] {dag.py:3096} INFO - Sync 2 DAGs
[2025-12-19T18:51:34.401+0000] {logging_mixin.py:188} INFO - [2025-12-19T18:51:34.401+0000] {dag.py:3954} INFO - Setting next_dagrun for update_db to 2025-12-19 15:00:00+00:00, run_after=2025-12-20 15:00:00+00:00
[2025-12-19T18:51:34.409+0000] {logging_mixin.py:188} INFO - [2025-12-19T18:51:34.409+0000] {dag.py:3954} INFO - Setting next_dagrun for youtube_video_stats to 2025-12-19 14:00:00+00:00, run_after=2025-12-20 14:00:00+00:00
[2025-12-19T18:51:34.431+0000] {processor.py:183} INFO - Processing /opt/airflow/dags/main.py took 0.491 seconds
[2025-12-19T18:52:04.713+0000] {processor.py:161} INFO - Started process (PID=9382) to work on /opt/airflow/dags/main.py
[2025-12-19T18:52:04.714+0000] {processor.py:830} INFO - Processing file /opt/airflow/dags/main.py for tasks to queue
[2025-12-19T18:52:04.716+0000] {logging_mixin.py:188} INFO - [2025-12-19T18:52:04.715+0000] {dagbag.py:545} INFO - Filling up the DagBag from /opt/airflow/dags/main.py
[2025-12-19T18:52:04.860+0000] {processor.py:840} INFO - DAG(s) 'update_db', 'youtube_video_stats' retrieved from /opt/airflow/dags/main.py
[2025-12-19T18:52:05.071+0000] {logging_mixin.py:188} INFO - [2025-12-19T18:52:05.071+0000] {dag.py:3096} INFO - Sync 2 DAGs
[2025-12-19T18:52:05.100+0000] {logging_mixin.py:188} INFO - [2025-12-19T18:52:05.100+0000] {dag.py:3954} INFO - Setting next_dagrun for update_db to 2025-12-19 15:00:00+00:00, run_after=2025-12-20 15:00:00+00:00
[2025-12-19T18:52:05.111+0000] {logging_mixin.py:188} INFO - [2025-12-19T18:52:05.111+0000] {dag.py:3954} INFO - Setting next_dagrun for youtube_video_stats to 2025-12-19 14:00:00+00:00, run_after=2025-12-20 14:00:00+00:00
[2025-12-19T18:52:05.132+0000] {processor.py:183} INFO - Processing /opt/airflow/dags/main.py took 0.428 seconds
[2025-12-19T18:52:35.518+0000] {processor.py:161} INFO - Started process (PID=9389) to work on /opt/airflow/dags/main.py
[2025-12-19T18:52:35.522+0000] {processor.py:830} INFO - Processing file /opt/airflow/dags/main.py for tasks to queue
[2025-12-19T18:52:35.526+0000] {logging_mixin.py:188} INFO - [2025-12-19T18:52:35.525+0000] {dagbag.py:545} INFO - Filling up the DagBag from /opt/airflow/dags/main.py
[2025-12-19T18:52:36.195+0000] {processor.py:840} INFO - DAG(s) 'update_db', 'youtube_video_stats' retrieved from /opt/airflow/dags/main.py
[2025-12-19T18:52:36.321+0000] {logging_mixin.py:188} INFO - [2025-12-19T18:52:36.320+0000] {dag.py:3096} INFO - Sync 2 DAGs
[2025-12-19T18:52:36.453+0000] {logging_mixin.py:188} INFO - [2025-12-19T18:52:36.452+0000] {dag.py:3954} INFO - Setting next_dagrun for update_db to 2025-12-19 15:00:00+00:00, run_after=2025-12-20 15:00:00+00:00
[2025-12-19T18:52:36.476+0000] {logging_mixin.py:188} INFO - [2025-12-19T18:52:36.475+0000] {dag.py:3954} INFO - Setting next_dagrun for youtube_video_stats to 2025-12-19 14:00:00+00:00, run_after=2025-12-20 14:00:00+00:00
[2025-12-19T18:52:36.570+0000] {processor.py:183} INFO - Processing /opt/airflow/dags/main.py took 1.075 seconds
