[2025-12-16T16:41:42.304+0000] {local_task_job_runner.py:120} INFO - ::group::Pre task execution logs
[2025-12-16T16:41:42.356+0000] {taskinstance.py:2076} INFO - Dependencies all met for dep_context=non-requeueable deps ti=<TaskInstance: update_db.staging_table manual__2025-12-16T16:41:40.148638+00:00 [queued]>
[2025-12-16T16:41:42.370+0000] {taskinstance.py:2076} INFO - Dependencies all met for dep_context=requeueable deps ti=<TaskInstance: update_db.staging_table manual__2025-12-16T16:41:40.148638+00:00 [queued]>
[2025-12-16T16:41:42.371+0000] {taskinstance.py:2306} INFO - Starting attempt 1 of 1
[2025-12-16T16:41:42.391+0000] {taskinstance.py:2330} INFO - Executing <Task(_PythonDecoratedOperator): staging_table> on 2025-12-16 16:41:40.148638+00:00
[2025-12-16T16:41:42.400+0000] {standard_task_runner.py:63} INFO - Started process 7874 to run task
[2025-12-16T16:41:42.405+0000] {standard_task_runner.py:90} INFO - Running: ['airflow', 'tasks', 'run', 'update_db', 'staging_table', 'manual__2025-12-16T16:41:40.148638+00:00', '--job-id', '37', '--raw', '--subdir', 'DAGS_FOLDER/main.py', '--cfg-path', '/tmp/tmprowa4zpd']
[2025-12-16T16:41:42.406+0000] {standard_task_runner.py:91} INFO - Job 37: Subtask staging_table
[2025-12-16T16:41:42.478+0000] {task_command.py:426} INFO - Running <TaskInstance: update_db.staging_table manual__2025-12-16T16:41:40.148638+00:00 [running]> on host 028d998475be
[2025-12-16T16:41:42.634+0000] {taskinstance.py:2648} INFO - Exporting env vars: AIRFLOW_CTX_DAG_EMAIL='data@engineers.com' AIRFLOW_CTX_DAG_OWNER='dataengineers' AIRFLOW_CTX_DAG_ID='update_db' AIRFLOW_CTX_TASK_ID='staging_table' AIRFLOW_CTX_EXECUTION_DATE='2025-12-16T16:41:40.148638+00:00' AIRFLOW_CTX_TRY_NUMBER='1' AIRFLOW_CTX_DAG_RUN_ID='manual__2025-12-16T16:41:40.148638+00:00'
[2025-12-16T16:41:42.636+0000] {taskinstance.py:430} INFO - ::endgroup::
[2025-12-16T16:41:42.681+0000] {base.py:84} INFO - Using connection ID 'postgres_db_yt_elt' for task execution.
[2025-12-16T16:41:42.690+0000] {data_loading.py:12} INFO - Processing file: ENG_data_2025-12-16
[2025-12-16T16:41:42.711+0000] {base.py:84} INFO - Using connection ID 'postgres_db_yt_elt' for task execution.
[2025-12-16T16:41:42.721+0000] {base.py:84} INFO - Using connection ID 'postgres_db_yt_elt' for task execution.
[2025-12-16T16:41:42.738+0000] {dwh.py:48} ERROR - An error occurred during the update of staging table: 'Video_id'
[2025-12-16T16:41:42.739+0000] {taskinstance.py:441} INFO - ::group::Post task execution logs
[2025-12-16T16:41:42.740+0000] {taskinstance.py:2905} ERROR - Task failed with exception
Traceback (most recent call last):
  File "/home/airflow/.local/lib/python3.10/site-packages/airflow/models/taskinstance.py", line 465, in _execute_task
    result = _execute_callable(context=context, **execute_callable_kwargs)
  File "/home/airflow/.local/lib/python3.10/site-packages/airflow/models/taskinstance.py", line 432, in _execute_callable
    return execute_callable(context=context, **execute_callable_kwargs)
  File "/home/airflow/.local/lib/python3.10/site-packages/airflow/models/baseoperator.py", line 401, in wrapper
    return func(self, *args, **kwargs)
  File "/home/airflow/.local/lib/python3.10/site-packages/airflow/decorators/base.py", line 265, in execute
    return_value = super().execute(context)
  File "/home/airflow/.local/lib/python3.10/site-packages/airflow/models/baseoperator.py", line 401, in wrapper
    return func(self, *args, **kwargs)
  File "/home/airflow/.local/lib/python3.10/site-packages/airflow/operators/python.py", line 235, in execute
    return_value = self.execute_callable()
  File "/home/airflow/.local/lib/python3.10/site-packages/airflow/operators/python.py", line 252, in execute_callable
    return self.python_callable(*self.op_args, **self.op_kwargs)
  File "/opt/airflow/dags/datawarehouse/dwh.py", line 49, in staging_table
    raise e
  File "/opt/airflow/dags/datawarehouse/dwh.py", line 34, in staging_table
    if row['Video_id'] in table_ids:
KeyError: 'Video_id'
[2025-12-16T16:41:42.760+0000] {taskinstance.py:1206} INFO - Marking task as FAILED. dag_id=update_db, task_id=staging_table, run_id=manual__2025-12-16T16:41:40.148638+00:00, execution_date=20251216T164140, start_date=20251216T164142, end_date=20251216T164142
[2025-12-16T16:41:42.779+0000] {standard_task_runner.py:110} ERROR - Failed to execute job 37 for task staging_table ('Video_id'; 7874)
[2025-12-16T16:41:42.823+0000] {local_task_job_runner.py:240} INFO - Task exited with return code 1
[2025-12-16T16:41:42.853+0000] {taskinstance.py:3503} INFO - 0 downstream tasks scheduled from follow-on schedule check
[2025-12-16T16:41:42.860+0000] {local_task_job_runner.py:222} INFO - ::endgroup::
