[2025-12-26T15:00:01.846+0000] {local_task_job_runner.py:120} INFO - ::group::Pre task execution logs
[2025-12-26T15:00:01.900+0000] {taskinstance.py:2076} INFO - Dependencies all met for dep_context=non-requeueable deps ti=<TaskInstance: update_db.staging_table scheduled__2025-12-25T15:00:00+00:00 [queued]>
[2025-12-26T15:00:01.915+0000] {taskinstance.py:2076} INFO - Dependencies all met for dep_context=requeueable deps ti=<TaskInstance: update_db.staging_table scheduled__2025-12-25T15:00:00+00:00 [queued]>
[2025-12-26T15:00:01.917+0000] {taskinstance.py:2306} INFO - Starting attempt 1 of 1
[2025-12-26T15:00:01.938+0000] {taskinstance.py:2330} INFO - Executing <Task(_PythonDecoratedOperator): staging_table> on 2025-12-25 15:00:00+00:00
[2025-12-26T15:00:01.946+0000] {standard_task_runner.py:63} INFO - Started process 13484 to run task
[2025-12-26T15:00:01.950+0000] {standard_task_runner.py:90} INFO - Running: ['airflow', 'tasks', 'run', 'update_db', 'staging_table', 'scheduled__2025-12-25T15:00:00+00:00', '--job-id', '89', '--raw', '--subdir', 'DAGS_FOLDER/main.py', '--cfg-path', '/tmp/tmpfzb0lnsa']
[2025-12-26T15:00:01.951+0000] {standard_task_runner.py:91} INFO - Job 89: Subtask staging_table
[2025-12-26T15:00:02.020+0000] {task_command.py:426} INFO - Running <TaskInstance: update_db.staging_table scheduled__2025-12-25T15:00:00+00:00 [running]> on host 6021bea33cbc
[2025-12-26T15:00:02.161+0000] {taskinstance.py:2648} INFO - Exporting env vars: AIRFLOW_CTX_DAG_EMAIL='data@engineers.com' AIRFLOW_CTX_DAG_OWNER='dataengineers' AIRFLOW_CTX_DAG_ID='update_db' AIRFLOW_CTX_TASK_ID='staging_table' AIRFLOW_CTX_EXECUTION_DATE='2025-12-25T15:00:00+00:00' AIRFLOW_CTX_TRY_NUMBER='1' AIRFLOW_CTX_DAG_RUN_ID='scheduled__2025-12-25T15:00:00+00:00'
[2025-12-26T15:00:02.163+0000] {taskinstance.py:430} INFO - ::endgroup::
[2025-12-26T15:00:02.260+0000] {base.py:84} INFO - Using connection ID 'postgres_db_yt_elt' for task execution.
[2025-12-26T15:00:02.269+0000] {data_loading.py:12} INFO - Processing file: ENG_data_2025-12-26
[2025-12-26T15:00:02.272+0000] {data_loading.py:19} ERROR - File not found:./data/ENG_data_2025-12-26.json
[2025-12-26T15:00:02.273+0000] {dwh.py:46} ERROR - An error occurred during the update of staging table: [Errno 2] No such file or directory: './data/ENG_data_2025-12-26.json'
[2025-12-26T15:00:02.273+0000] {taskinstance.py:441} INFO - ::group::Post task execution logs
[2025-12-26T15:00:02.274+0000] {taskinstance.py:2905} ERROR - Task failed with exception
Traceback (most recent call last):
  File "/home/airflow/.local/lib/python3.10/site-packages/airflow/models/taskinstance.py", line 465, in _execute_task
    result = _execute_callable(context=context, **execute_callable_kwargs)
  File "/home/airflow/.local/lib/python3.10/site-packages/airflow/models/taskinstance.py", line 432, in _execute_callable
    return execute_callable(context=context, **execute_callable_kwargs)
  File "/home/airflow/.local/lib/python3.10/site-packages/airflow/models/baseoperator.py", line 401, in wrapper
    return func(self, *args, **kwargs)
  File "/home/airflow/.local/lib/python3.10/site-packages/airflow/decorators/base.py", line 265, in execute
    return_value = super().execute(context)
  File "/home/airflow/.local/lib/python3.10/site-packages/airflow/models/baseoperator.py", line 401, in wrapper
    return func(self, *args, **kwargs)
  File "/home/airflow/.local/lib/python3.10/site-packages/airflow/operators/python.py", line 235, in execute
    return_value = self.execute_callable()
  File "/home/airflow/.local/lib/python3.10/site-packages/airflow/operators/python.py", line 252, in execute_callable
    return self.python_callable(*self.op_args, **self.op_kwargs)
  File "/opt/airflow/dags/datawarehouse/dwh.py", line 20, in staging_table
    ENG_data = load_data()
  File "/opt/airflow/dags/datawarehouse/data_loading.py", line 14, in load_data
    with open(file_path,'r', encoding='utf-8') as raw_data:
FileNotFoundError: [Errno 2] No such file or directory: './data/ENG_data_2025-12-26.json'
[2025-12-26T15:00:02.297+0000] {taskinstance.py:1206} INFO - Marking task as FAILED. dag_id=update_db, task_id=staging_table, run_id=scheduled__2025-12-25T15:00:00+00:00, execution_date=20251225T150000, start_date=20251226T150001, end_date=20251226T150002
[2025-12-26T15:00:02.313+0000] {standard_task_runner.py:110} ERROR - Failed to execute job 89 for task staging_table ([Errno 2] No such file or directory: './data/ENG_data_2025-12-26.json'; 13484)
[2025-12-26T15:00:02.326+0000] {local_task_job_runner.py:240} INFO - Task exited with return code 1
[2025-12-26T15:00:02.356+0000] {taskinstance.py:3503} INFO - 0 downstream tasks scheduled from follow-on schedule check
[2025-12-26T15:00:02.365+0000] {local_task_job_runner.py:222} INFO - ::endgroup::
