[2025-12-16T16:08:17.049+0000] {local_task_job_runner.py:120} INFO - ::group::Pre task execution logs
[2025-12-16T16:08:17.073+0000] {taskinstance.py:2076} INFO - Dependencies all met for dep_context=non-requeueable deps ti=<TaskInstance: update_db.core_table manual__2025-12-16T16:08:10.842039+00:00 [queued]>
[2025-12-16T16:08:17.081+0000] {taskinstance.py:2076} INFO - Dependencies all met for dep_context=requeueable deps ti=<TaskInstance: update_db.core_table manual__2025-12-16T16:08:10.842039+00:00 [queued]>
[2025-12-16T16:08:17.083+0000] {taskinstance.py:2306} INFO - Starting attempt 1 of 1
[2025-12-16T16:08:17.096+0000] {taskinstance.py:2330} INFO - Executing <Task(_PythonDecoratedOperator): core_table> on 2025-12-16 16:08:10.842039+00:00
[2025-12-16T16:08:17.101+0000] {standard_task_runner.py:63} INFO - Started process 7430 to run task
[2025-12-16T16:08:17.104+0000] {standard_task_runner.py:90} INFO - Running: ['airflow', 'tasks', 'run', 'update_db', 'core_table', 'manual__2025-12-16T16:08:10.842039+00:00', '--job-id', '34', '--raw', '--subdir', 'DAGS_FOLDER/main.py', '--cfg-path', '/tmp/tmpfiuryjhv']
[2025-12-16T16:08:17.106+0000] {standard_task_runner.py:91} INFO - Job 34: Subtask core_table
[2025-12-16T16:08:17.155+0000] {task_command.py:426} INFO - Running <TaskInstance: update_db.core_table manual__2025-12-16T16:08:10.842039+00:00 [running]> on host 028d998475be
[2025-12-16T16:08:17.231+0000] {taskinstance.py:2648} INFO - Exporting env vars: AIRFLOW_CTX_DAG_EMAIL='data@engineers.com' AIRFLOW_CTX_DAG_OWNER='dataengineers' AIRFLOW_CTX_DAG_ID='update_db' AIRFLOW_CTX_TASK_ID='core_table' AIRFLOW_CTX_EXECUTION_DATE='2025-12-16T16:08:10.842039+00:00' AIRFLOW_CTX_TRY_NUMBER='1' AIRFLOW_CTX_DAG_RUN_ID='manual__2025-12-16T16:08:10.842039+00:00'
[2025-12-16T16:08:17.232+0000] {taskinstance.py:430} INFO - ::endgroup::
[2025-12-16T16:08:17.248+0000] {base.py:84} INFO - Using connection ID 'postgres_db_yt_elt' for task execution.
[2025-12-16T16:08:17.255+0000] {base.py:84} INFO - Using connection ID 'postgres_db_yt_elt' for task execution.
[2025-12-16T16:08:17.268+0000] {base.py:84} INFO - Using connection ID 'postgres_db_yt_elt' for task execution.
[2025-12-16T16:08:17.304+0000] {dwh.py:101} ERROR - An error occurred during the update of core table: 'Video_ID'
[2025-12-16T16:08:17.305+0000] {taskinstance.py:441} INFO - ::group::Post task execution logs
[2025-12-16T16:08:17.306+0000] {taskinstance.py:2905} ERROR - Task failed with exception
Traceback (most recent call last):
  File "/home/airflow/.local/lib/python3.10/site-packages/airflow/models/taskinstance.py", line 465, in _execute_task
    result = _execute_callable(context=context, **execute_callable_kwargs)
  File "/home/airflow/.local/lib/python3.10/site-packages/airflow/models/taskinstance.py", line 432, in _execute_callable
    return execute_callable(context=context, **execute_callable_kwargs)
  File "/home/airflow/.local/lib/python3.10/site-packages/airflow/models/baseoperator.py", line 401, in wrapper
    return func(self, *args, **kwargs)
  File "/home/airflow/.local/lib/python3.10/site-packages/airflow/decorators/base.py", line 265, in execute
    return_value = super().execute(context)
  File "/home/airflow/.local/lib/python3.10/site-packages/airflow/models/baseoperator.py", line 401, in wrapper
    return func(self, *args, **kwargs)
  File "/home/airflow/.local/lib/python3.10/site-packages/airflow/operators/python.py", line 235, in execute
    return_value = self.execute_callable()
  File "/home/airflow/.local/lib/python3.10/site-packages/airflow/operators/python.py", line 252, in execute_callable
    return self.python_callable(*self.op_args, **self.op_kwargs)
  File "/opt/airflow/dags/datawarehouse/dwh.py", line 102, in core_table
    raise e
  File "/opt/airflow/dags/datawarehouse/dwh.py", line 78, in core_table
    current_video_ids.add(row["Video_ID"])
KeyError: 'Video_ID'
[2025-12-16T16:08:17.320+0000] {taskinstance.py:1206} INFO - Marking task as FAILED. dag_id=update_db, task_id=core_table, run_id=manual__2025-12-16T16:08:10.842039+00:00, execution_date=20251216T160810, start_date=20251216T160817, end_date=20251216T160817
[2025-12-16T16:08:17.331+0000] {standard_task_runner.py:110} ERROR - Failed to execute job 34 for task core_table ('Video_ID'; 7430)
[2025-12-16T16:08:17.358+0000] {local_task_job_runner.py:240} INFO - Task exited with return code 1
[2025-12-16T16:08:17.377+0000] {taskinstance.py:3503} INFO - 0 downstream tasks scheduled from follow-on schedule check
[2025-12-16T16:08:17.379+0000] {local_task_job_runner.py:222} INFO - ::endgroup::
