[2025-12-30T06:37:54.885+0000] {processor.py:161} INFO - Started process (PID=21398) to work on /opt/airflow/dags/main.py
[2025-12-30T06:37:54.888+0000] {processor.py:830} INFO - Processing file /opt/airflow/dags/main.py for tasks to queue
[2025-12-30T06:37:54.902+0000] {logging_mixin.py:188} INFO - [2025-12-30T06:37:54.901+0000] {dagbag.py:545} INFO - Filling up the DagBag from /opt/airflow/dags/main.py
[2025-12-30T06:37:56.150+0000] {processor.py:840} INFO - DAG(s) 'update_db', 'youtube_video_stats' retrieved from /opt/airflow/dags/main.py
[2025-12-30T06:37:56.381+0000] {logging_mixin.py:188} INFO - [2025-12-30T06:37:56.380+0000] {dag.py:3096} INFO - Sync 2 DAGs
[2025-12-30T06:37:56.477+0000] {logging_mixin.py:188} INFO - [2025-12-30T06:37:56.476+0000] {dag.py:3954} INFO - Setting next_dagrun for update_db to 2025-12-29 15:00:00+00:00, run_after=2025-12-30 15:00:00+00:00
[2025-12-30T06:37:56.511+0000] {logging_mixin.py:188} INFO - [2025-12-30T06:37:56.510+0000] {dag.py:3954} INFO - Setting next_dagrun for youtube_video_stats to 2025-12-29 14:00:00+00:00, run_after=2025-12-30 14:00:00+00:00
[2025-12-30T06:37:57.317+0000] {processor.py:183} INFO - Processing /opt/airflow/dags/main.py took 2.455 seconds
[2025-12-30T06:38:27.962+0000] {processor.py:161} INFO - Started process (PID=21405) to work on /opt/airflow/dags/main.py
[2025-12-30T06:38:27.975+0000] {processor.py:830} INFO - Processing file /opt/airflow/dags/main.py for tasks to queue
[2025-12-30T06:38:27.979+0000] {logging_mixin.py:188} INFO - [2025-12-30T06:38:27.978+0000] {dagbag.py:545} INFO - Filling up the DagBag from /opt/airflow/dags/main.py
[2025-12-30T06:38:28.637+0000] {processor.py:840} INFO - DAG(s) 'youtube_video_stats', 'update_db' retrieved from /opt/airflow/dags/main.py
[2025-12-30T06:38:28.827+0000] {logging_mixin.py:188} INFO - [2025-12-30T06:38:28.826+0000] {dag.py:3096} INFO - Sync 2 DAGs
[2025-12-30T06:38:29.007+0000] {logging_mixin.py:188} INFO - [2025-12-30T06:38:29.007+0000] {dag.py:3954} INFO - Setting next_dagrun for update_db to 2025-12-29 15:00:00+00:00, run_after=2025-12-30 15:00:00+00:00
[2025-12-30T06:38:29.038+0000] {logging_mixin.py:188} INFO - [2025-12-30T06:38:29.037+0000] {dag.py:3954} INFO - Setting next_dagrun for youtube_video_stats to 2025-12-29 14:00:00+00:00, run_after=2025-12-30 14:00:00+00:00
[2025-12-30T06:38:29.141+0000] {processor.py:183} INFO - Processing /opt/airflow/dags/main.py took 1.212 seconds
[2025-12-30T06:38:59.640+0000] {processor.py:161} INFO - Started process (PID=21412) to work on /opt/airflow/dags/main.py
[2025-12-30T06:38:59.653+0000] {processor.py:830} INFO - Processing file /opt/airflow/dags/main.py for tasks to queue
[2025-12-30T06:38:59.656+0000] {logging_mixin.py:188} INFO - [2025-12-30T06:38:59.655+0000] {dagbag.py:545} INFO - Filling up the DagBag from /opt/airflow/dags/main.py
[2025-12-30T06:39:00.258+0000] {processor.py:840} INFO - DAG(s) 'youtube_video_stats', 'update_db' retrieved from /opt/airflow/dags/main.py
[2025-12-30T06:39:00.534+0000] {logging_mixin.py:188} INFO - [2025-12-30T06:39:00.533+0000] {dag.py:3096} INFO - Sync 2 DAGs
[2025-12-30T06:39:00.693+0000] {logging_mixin.py:188} INFO - [2025-12-30T06:39:00.692+0000] {dag.py:3954} INFO - Setting next_dagrun for update_db to 2025-12-29 15:00:00+00:00, run_after=2025-12-30 15:00:00+00:00
[2025-12-30T06:39:00.748+0000] {logging_mixin.py:188} INFO - [2025-12-30T06:39:00.747+0000] {dag.py:3954} INFO - Setting next_dagrun for youtube_video_stats to 2025-12-29 14:00:00+00:00, run_after=2025-12-30 14:00:00+00:00
[2025-12-30T06:39:00.853+0000] {processor.py:183} INFO - Processing /opt/airflow/dags/main.py took 1.250 seconds
[2025-12-30T06:39:31.247+0000] {processor.py:161} INFO - Started process (PID=21425) to work on /opt/airflow/dags/main.py
[2025-12-30T06:39:31.251+0000] {processor.py:830} INFO - Processing file /opt/airflow/dags/main.py for tasks to queue
[2025-12-30T06:39:31.256+0000] {logging_mixin.py:188} INFO - [2025-12-30T06:39:31.255+0000] {dagbag.py:545} INFO - Filling up the DagBag from /opt/airflow/dags/main.py
[2025-12-30T06:39:31.749+0000] {processor.py:840} INFO - DAG(s) 'update_db', 'youtube_video_stats' retrieved from /opt/airflow/dags/main.py
[2025-12-30T06:39:31.935+0000] {logging_mixin.py:188} INFO - [2025-12-30T06:39:31.934+0000] {dag.py:3096} INFO - Sync 2 DAGs
[2025-12-30T06:39:32.073+0000] {logging_mixin.py:188} INFO - [2025-12-30T06:39:32.072+0000] {dag.py:3954} INFO - Setting next_dagrun for update_db to 2025-12-29 15:00:00+00:00, run_after=2025-12-30 15:00:00+00:00
[2025-12-30T06:39:32.110+0000] {logging_mixin.py:188} INFO - [2025-12-30T06:39:32.110+0000] {dag.py:3954} INFO - Setting next_dagrun for youtube_video_stats to 2025-12-29 14:00:00+00:00, run_after=2025-12-30 14:00:00+00:00
[2025-12-30T06:39:32.223+0000] {processor.py:183} INFO - Processing /opt/airflow/dags/main.py took 0.992 seconds
[2025-12-30T06:40:02.614+0000] {processor.py:161} INFO - Started process (PID=21432) to work on /opt/airflow/dags/main.py
[2025-12-30T06:40:02.617+0000] {processor.py:830} INFO - Processing file /opt/airflow/dags/main.py for tasks to queue
[2025-12-30T06:40:02.621+0000] {logging_mixin.py:188} INFO - [2025-12-30T06:40:02.620+0000] {dagbag.py:545} INFO - Filling up the DagBag from /opt/airflow/dags/main.py
[2025-12-30T06:40:03.051+0000] {processor.py:840} INFO - DAG(s) 'update_db', 'youtube_video_stats' retrieved from /opt/airflow/dags/main.py
[2025-12-30T06:40:03.166+0000] {logging_mixin.py:188} INFO - [2025-12-30T06:40:03.166+0000] {dag.py:3096} INFO - Sync 2 DAGs
[2025-12-30T06:40:03.243+0000] {logging_mixin.py:188} INFO - [2025-12-30T06:40:03.242+0000] {dag.py:3954} INFO - Setting next_dagrun for update_db to 2025-12-29 15:00:00+00:00, run_after=2025-12-30 15:00:00+00:00
[2025-12-30T06:40:03.264+0000] {logging_mixin.py:188} INFO - [2025-12-30T06:40:03.264+0000] {dag.py:3954} INFO - Setting next_dagrun for youtube_video_stats to 2025-12-29 14:00:00+00:00, run_after=2025-12-30 14:00:00+00:00
[2025-12-30T06:40:03.326+0000] {processor.py:183} INFO - Processing /opt/airflow/dags/main.py took 0.750 seconds
[2025-12-30T06:40:33.667+0000] {processor.py:161} INFO - Started process (PID=21439) to work on /opt/airflow/dags/main.py
[2025-12-30T06:40:33.669+0000] {processor.py:830} INFO - Processing file /opt/airflow/dags/main.py for tasks to queue
[2025-12-30T06:40:33.670+0000] {logging_mixin.py:188} INFO - [2025-12-30T06:40:33.670+0000] {dagbag.py:545} INFO - Filling up the DagBag from /opt/airflow/dags/main.py
[2025-12-30T06:40:33.883+0000] {processor.py:840} INFO - DAG(s) 'youtube_video_stats', 'update_db' retrieved from /opt/airflow/dags/main.py
[2025-12-30T06:40:33.953+0000] {logging_mixin.py:188} INFO - [2025-12-30T06:40:33.952+0000] {dag.py:3096} INFO - Sync 2 DAGs
[2025-12-30T06:40:33.992+0000] {logging_mixin.py:188} INFO - [2025-12-30T06:40:33.991+0000] {dag.py:3954} INFO - Setting next_dagrun for update_db to 2025-12-29 15:00:00+00:00, run_after=2025-12-30 15:00:00+00:00
[2025-12-30T06:40:34.002+0000] {logging_mixin.py:188} INFO - [2025-12-30T06:40:34.002+0000] {dag.py:3954} INFO - Setting next_dagrun for youtube_video_stats to 2025-12-29 14:00:00+00:00, run_after=2025-12-30 14:00:00+00:00
[2025-12-30T06:40:34.039+0000] {processor.py:183} INFO - Processing /opt/airflow/dags/main.py took 0.385 seconds
[2025-12-30T06:41:04.106+0000] {processor.py:161} INFO - Started process (PID=21446) to work on /opt/airflow/dags/main.py
[2025-12-30T06:41:04.108+0000] {processor.py:830} INFO - Processing file /opt/airflow/dags/main.py for tasks to queue
[2025-12-30T06:41:04.110+0000] {logging_mixin.py:188} INFO - [2025-12-30T06:41:04.109+0000] {dagbag.py:545} INFO - Filling up the DagBag from /opt/airflow/dags/main.py
[2025-12-30T06:41:04.260+0000] {processor.py:840} INFO - DAG(s) 'update_db', 'youtube_video_stats' retrieved from /opt/airflow/dags/main.py
[2025-12-30T06:41:04.321+0000] {logging_mixin.py:188} INFO - [2025-12-30T06:41:04.321+0000] {dag.py:3096} INFO - Sync 2 DAGs
[2025-12-30T06:41:04.362+0000] {logging_mixin.py:188} INFO - [2025-12-30T06:41:04.362+0000] {dag.py:3954} INFO - Setting next_dagrun for update_db to 2025-12-29 15:00:00+00:00, run_after=2025-12-30 15:00:00+00:00
[2025-12-30T06:41:04.827+0000] {logging_mixin.py:188} INFO - [2025-12-30T06:41:04.827+0000] {dag.py:3954} INFO - Setting next_dagrun for youtube_video_stats to 2025-12-29 14:00:00+00:00, run_after=2025-12-30 14:00:00+00:00
[2025-12-30T06:41:04.857+0000] {processor.py:183} INFO - Processing /opt/airflow/dags/main.py took 0.760 seconds
[2025-12-30T06:41:35.140+0000] {processor.py:161} INFO - Started process (PID=21453) to work on /opt/airflow/dags/main.py
[2025-12-30T06:41:35.142+0000] {processor.py:830} INFO - Processing file /opt/airflow/dags/main.py for tasks to queue
[2025-12-30T06:41:35.143+0000] {logging_mixin.py:188} INFO - [2025-12-30T06:41:35.143+0000] {dagbag.py:545} INFO - Filling up the DagBag from /opt/airflow/dags/main.py
[2025-12-30T06:41:35.294+0000] {processor.py:840} INFO - DAG(s) 'update_db', 'youtube_video_stats' retrieved from /opt/airflow/dags/main.py
[2025-12-30T06:41:35.354+0000] {logging_mixin.py:188} INFO - [2025-12-30T06:41:35.354+0000] {dag.py:3096} INFO - Sync 2 DAGs
[2025-12-30T06:41:35.397+0000] {logging_mixin.py:188} INFO - [2025-12-30T06:41:35.397+0000] {dag.py:3954} INFO - Setting next_dagrun for update_db to 2025-12-29 15:00:00+00:00, run_after=2025-12-30 15:00:00+00:00
[2025-12-30T06:41:35.406+0000] {logging_mixin.py:188} INFO - [2025-12-30T06:41:35.406+0000] {dag.py:3954} INFO - Setting next_dagrun for youtube_video_stats to 2025-12-29 14:00:00+00:00, run_after=2025-12-30 14:00:00+00:00
[2025-12-30T06:41:35.433+0000] {processor.py:183} INFO - Processing /opt/airflow/dags/main.py took 0.307 seconds
[2025-12-30T06:42:05.805+0000] {processor.py:161} INFO - Started process (PID=21460) to work on /opt/airflow/dags/main.py
[2025-12-30T06:42:05.806+0000] {processor.py:830} INFO - Processing file /opt/airflow/dags/main.py for tasks to queue
[2025-12-30T06:42:05.808+0000] {logging_mixin.py:188} INFO - [2025-12-30T06:42:05.807+0000] {dagbag.py:545} INFO - Filling up the DagBag from /opt/airflow/dags/main.py
[2025-12-30T06:42:05.948+0000] {processor.py:840} INFO - DAG(s) 'youtube_video_stats', 'update_db' retrieved from /opt/airflow/dags/main.py
[2025-12-30T06:42:05.988+0000] {logging_mixin.py:188} INFO - [2025-12-30T06:42:05.988+0000] {dag.py:3096} INFO - Sync 2 DAGs
[2025-12-30T06:42:06.013+0000] {logging_mixin.py:188} INFO - [2025-12-30T06:42:06.012+0000] {dag.py:3954} INFO - Setting next_dagrun for update_db to 2025-12-29 15:00:00+00:00, run_after=2025-12-30 15:00:00+00:00
[2025-12-30T06:42:06.019+0000] {logging_mixin.py:188} INFO - [2025-12-30T06:42:06.019+0000] {dag.py:3954} INFO - Setting next_dagrun for youtube_video_stats to 2025-12-29 14:00:00+00:00, run_after=2025-12-30 14:00:00+00:00
[2025-12-30T06:42:06.039+0000] {processor.py:183} INFO - Processing /opt/airflow/dags/main.py took 0.243 seconds
[2025-12-30T06:42:36.291+0000] {processor.py:161} INFO - Started process (PID=21467) to work on /opt/airflow/dags/main.py
[2025-12-30T06:42:36.292+0000] {processor.py:830} INFO - Processing file /opt/airflow/dags/main.py for tasks to queue
[2025-12-30T06:42:36.294+0000] {logging_mixin.py:188} INFO - [2025-12-30T06:42:36.294+0000] {dagbag.py:545} INFO - Filling up the DagBag from /opt/airflow/dags/main.py
[2025-12-30T06:42:36.439+0000] {processor.py:840} INFO - DAG(s) 'youtube_video_stats', 'update_db' retrieved from /opt/airflow/dags/main.py
[2025-12-30T06:42:36.498+0000] {logging_mixin.py:188} INFO - [2025-12-30T06:42:36.498+0000] {dag.py:3096} INFO - Sync 2 DAGs
[2025-12-30T06:42:36.539+0000] {logging_mixin.py:188} INFO - [2025-12-30T06:42:36.539+0000] {dag.py:3954} INFO - Setting next_dagrun for update_db to 2025-12-29 15:00:00+00:00, run_after=2025-12-30 15:00:00+00:00
[2025-12-30T06:42:36.548+0000] {logging_mixin.py:188} INFO - [2025-12-30T06:42:36.548+0000] {dag.py:3954} INFO - Setting next_dagrun for youtube_video_stats to 2025-12-29 14:00:00+00:00, run_after=2025-12-30 14:00:00+00:00
[2025-12-30T06:42:36.579+0000] {processor.py:183} INFO - Processing /opt/airflow/dags/main.py took 0.301 seconds
[2025-12-30T18:01:05.771+0000] {processor.py:161} INFO - Started process (PID=21478) to work on /opt/airflow/dags/main.py
[2025-12-30T18:01:05.782+0000] {processor.py:830} INFO - Processing file /opt/airflow/dags/main.py for tasks to queue
[2025-12-30T18:01:05.785+0000] {logging_mixin.py:188} INFO - [2025-12-30T18:01:05.784+0000] {dagbag.py:545} INFO - Filling up the DagBag from /opt/airflow/dags/main.py
[2025-12-30T18:01:06.937+0000] {processor.py:840} INFO - DAG(s) 'youtube_video_stats', 'update_db' retrieved from /opt/airflow/dags/main.py
[2025-12-30T18:01:07.073+0000] {logging_mixin.py:188} INFO - [2025-12-30T18:01:07.072+0000] {dag.py:3096} INFO - Sync 2 DAGs
[2025-12-30T18:01:07.182+0000] {logging_mixin.py:188} INFO - [2025-12-30T18:01:07.181+0000] {dag.py:3954} INFO - Setting next_dagrun for update_db to 2025-12-30 15:00:00+00:00, run_after=2025-12-31 15:00:00+00:00
[2025-12-30T18:01:07.214+0000] {logging_mixin.py:188} INFO - [2025-12-30T18:01:07.214+0000] {dag.py:3954} INFO - Setting next_dagrun for youtube_video_stats to 2025-12-30 14:00:00+00:00, run_after=2025-12-31 14:00:00+00:00
[2025-12-30T18:01:07.318+0000] {processor.py:183} INFO - Processing /opt/airflow/dags/main.py took 1.571 seconds
[2025-12-30T18:01:38.267+0000] {processor.py:161} INFO - Started process (PID=21485) to work on /opt/airflow/dags/main.py
[2025-12-30T18:01:38.273+0000] {processor.py:830} INFO - Processing file /opt/airflow/dags/main.py for tasks to queue
[2025-12-30T18:01:38.298+0000] {logging_mixin.py:188} INFO - [2025-12-30T18:01:38.295+0000] {dagbag.py:545} INFO - Filling up the DagBag from /opt/airflow/dags/main.py
[2025-12-30T18:01:39.155+0000] {processor.py:840} INFO - DAG(s) 'update_db', 'youtube_video_stats' retrieved from /opt/airflow/dags/main.py
[2025-12-30T18:01:39.367+0000] {logging_mixin.py:188} INFO - [2025-12-30T18:01:39.366+0000] {dag.py:3096} INFO - Sync 2 DAGs
[2025-12-30T18:01:39.532+0000] {logging_mixin.py:188} INFO - [2025-12-30T18:01:39.527+0000] {dag.py:3954} INFO - Setting next_dagrun for update_db to 2025-12-30 15:00:00+00:00, run_after=2025-12-31 15:00:00+00:00
[2025-12-30T18:01:39.584+0000] {logging_mixin.py:188} INFO - [2025-12-30T18:01:39.579+0000] {dag.py:3954} INFO - Setting next_dagrun for youtube_video_stats to 2025-12-30 14:00:00+00:00, run_after=2025-12-31 14:00:00+00:00
[2025-12-30T18:01:39.682+0000] {processor.py:183} INFO - Processing /opt/airflow/dags/main.py took 1.487 seconds
[2025-12-30T18:02:10.356+0000] {processor.py:161} INFO - Started process (PID=21492) to work on /opt/airflow/dags/main.py
[2025-12-30T18:02:10.364+0000] {processor.py:830} INFO - Processing file /opt/airflow/dags/main.py for tasks to queue
[2025-12-30T18:02:10.367+0000] {logging_mixin.py:188} INFO - [2025-12-30T18:02:10.366+0000] {dagbag.py:545} INFO - Filling up the DagBag from /opt/airflow/dags/main.py
[2025-12-30T18:02:10.870+0000] {processor.py:840} INFO - DAG(s) 'update_db', 'youtube_video_stats' retrieved from /opt/airflow/dags/main.py
[2025-12-30T18:02:11.064+0000] {logging_mixin.py:188} INFO - [2025-12-30T18:02:11.063+0000] {dag.py:3096} INFO - Sync 2 DAGs
[2025-12-30T18:02:15.461+0000] {logging_mixin.py:188} INFO - [2025-12-30T18:02:15.460+0000] {dag.py:3954} INFO - Setting next_dagrun for update_db to 2025-12-30 15:00:00+00:00, run_after=2025-12-31 15:00:00+00:00
[2025-12-30T18:02:15.481+0000] {logging_mixin.py:188} INFO - [2025-12-30T18:02:15.481+0000] {dag.py:3954} INFO - Setting next_dagrun for youtube_video_stats to 2025-12-30 14:00:00+00:00, run_after=2025-12-31 14:00:00+00:00
[2025-12-30T18:02:15.542+0000] {processor.py:183} INFO - Processing /opt/airflow/dags/main.py took 5.218 seconds
[2025-12-30T18:02:45.932+0000] {processor.py:161} INFO - Started process (PID=21499) to work on /opt/airflow/dags/main.py
[2025-12-30T18:02:45.937+0000] {processor.py:830} INFO - Processing file /opt/airflow/dags/main.py for tasks to queue
[2025-12-30T18:02:45.941+0000] {logging_mixin.py:188} INFO - [2025-12-30T18:02:45.940+0000] {dagbag.py:545} INFO - Filling up the DagBag from /opt/airflow/dags/main.py
[2025-12-30T18:02:47.010+0000] {processor.py:840} INFO - DAG(s) 'youtube_video_stats', 'update_db' retrieved from /opt/airflow/dags/main.py
[2025-12-30T18:02:47.309+0000] {logging_mixin.py:188} INFO - [2025-12-30T18:02:47.308+0000] {dag.py:3096} INFO - Sync 2 DAGs
[2025-12-30T18:02:47.522+0000] {logging_mixin.py:188} INFO - [2025-12-30T18:02:47.521+0000] {dag.py:3954} INFO - Setting next_dagrun for update_db to 2025-12-30 15:00:00+00:00, run_after=2025-12-31 15:00:00+00:00
[2025-12-30T18:02:47.553+0000] {logging_mixin.py:188} INFO - [2025-12-30T18:02:47.553+0000] {dag.py:3954} INFO - Setting next_dagrun for youtube_video_stats to 2025-12-30 14:00:00+00:00, run_after=2025-12-31 14:00:00+00:00
[2025-12-30T18:02:47.653+0000] {processor.py:183} INFO - Processing /opt/airflow/dags/main.py took 1.755 seconds
[2025-12-30T18:03:18.992+0000] {processor.py:161} INFO - Started process (PID=21506) to work on /opt/airflow/dags/main.py
[2025-12-30T18:03:19.024+0000] {processor.py:830} INFO - Processing file /opt/airflow/dags/main.py for tasks to queue
[2025-12-30T18:03:19.033+0000] {logging_mixin.py:188} INFO - [2025-12-30T18:03:19.032+0000] {dagbag.py:545} INFO - Filling up the DagBag from /opt/airflow/dags/main.py
[2025-12-30T18:03:20.449+0000] {processor.py:840} INFO - DAG(s) 'youtube_video_stats', 'update_db' retrieved from /opt/airflow/dags/main.py
[2025-12-30T18:03:20.658+0000] {logging_mixin.py:188} INFO - [2025-12-30T18:03:20.657+0000] {dag.py:3096} INFO - Sync 2 DAGs
[2025-12-30T18:03:20.804+0000] {logging_mixin.py:188} INFO - [2025-12-30T18:03:20.803+0000] {dag.py:3954} INFO - Setting next_dagrun for update_db to 2025-12-30 15:00:00+00:00, run_after=2025-12-31 15:00:00+00:00
[2025-12-30T18:03:20.838+0000] {logging_mixin.py:188} INFO - [2025-12-30T18:03:20.838+0000] {dag.py:3954} INFO - Setting next_dagrun for youtube_video_stats to 2025-12-30 14:00:00+00:00, run_after=2025-12-31 14:00:00+00:00
[2025-12-30T18:03:20.921+0000] {processor.py:183} INFO - Processing /opt/airflow/dags/main.py took 2.121 seconds
