[2025-12-14T17:27:31.333+0000] {local_task_job_runner.py:120} INFO - ::group::Pre task execution logs
[2025-12-14T17:27:31.395+0000] {taskinstance.py:2076} INFO - Dependencies all met for dep_context=non-requeueable deps ti=<TaskInstance: update_db.staging_table manual__2025-12-14T17:27:28.995605+00:00 [queued]>
[2025-12-14T17:27:31.411+0000] {taskinstance.py:2076} INFO - Dependencies all met for dep_context=requeueable deps ti=<TaskInstance: update_db.staging_table manual__2025-12-14T17:27:28.995605+00:00 [queued]>
[2025-12-14T17:27:31.412+0000] {taskinstance.py:2306} INFO - Starting attempt 1 of 1
[2025-12-14T17:27:31.435+0000] {taskinstance.py:2330} INFO - Executing <Task(_PythonDecoratedOperator): staging_table> on 2025-12-14 17:27:28.995605+00:00
[2025-12-14T17:27:31.443+0000] {standard_task_runner.py:63} INFO - Started process 5631 to run task
[2025-12-14T17:27:31.449+0000] {standard_task_runner.py:90} INFO - Running: ['airflow', 'tasks', 'run', 'update_db', 'staging_table', 'manual__2025-12-14T17:27:28.995605+00:00', '--job-id', '19', '--raw', '--subdir', 'DAGS_FOLDER/main.py', '--cfg-path', '/tmp/tmp41gzr235']
[2025-12-14T17:27:31.452+0000] {standard_task_runner.py:91} INFO - Job 19: Subtask staging_table
[2025-12-14T17:27:31.547+0000] {task_command.py:426} INFO - Running <TaskInstance: update_db.staging_table manual__2025-12-14T17:27:28.995605+00:00 [running]> on host 028d998475be
[2025-12-14T17:27:31.702+0000] {taskinstance.py:2648} INFO - Exporting env vars: AIRFLOW_CTX_DAG_EMAIL='data@engineers.com' AIRFLOW_CTX_DAG_OWNER='dataengineers' AIRFLOW_CTX_DAG_ID='update_db' AIRFLOW_CTX_TASK_ID='staging_table' AIRFLOW_CTX_EXECUTION_DATE='2025-12-14T17:27:28.995605+00:00' AIRFLOW_CTX_TRY_NUMBER='1' AIRFLOW_CTX_DAG_RUN_ID='manual__2025-12-14T17:27:28.995605+00:00'
[2025-12-14T17:27:31.705+0000] {taskinstance.py:430} INFO - ::endgroup::
[2025-12-14T17:27:31.789+0000] {base.py:84} INFO - Using connection ID 'postgres_db_yt_elt' for task execution.
[2025-12-14T17:27:31.801+0000] {data_loading.py:12} INFO - Processing file: ENG_data_2025-12-14
[2025-12-14T17:27:31.858+0000] {base.py:84} INFO - Using connection ID 'postgres_db_yt_elt' for task execution.
[2025-12-14T17:27:31.873+0000] {base.py:84} INFO - Using connection ID 'postgres_db_yt_elt' for task execution.
[2025-12-14T17:27:31.906+0000] {data_modification.py:35} ERROR - Error inserting row with Video_ID: fO5FwBcCJBY - column "Video_ID" of relation "yt_api" does not exist
LINE 1: INSERT INTO staging.yt_api("Video_ID","Video_Title", "Upload...
                                   ^

[2025-12-14T17:27:31.908+0000] {dwh.py:48} ERROR - An error occurred during the update of staging table: column "Video_ID" of relation "yt_api" does not exist
LINE 1: INSERT INTO staging.yt_api("Video_ID","Video_Title", "Upload...
                                   ^

[2025-12-14T17:27:31.910+0000] {taskinstance.py:441} INFO - ::group::Post task execution logs
[2025-12-14T17:27:31.914+0000] {taskinstance.py:2905} ERROR - Task failed with exception
Traceback (most recent call last):
  File "/home/airflow/.local/lib/python3.10/site-packages/airflow/models/taskinstance.py", line 465, in _execute_task
    result = _execute_callable(context=context, **execute_callable_kwargs)
  File "/home/airflow/.local/lib/python3.10/site-packages/airflow/models/taskinstance.py", line 432, in _execute_callable
    return execute_callable(context=context, **execute_callable_kwargs)
  File "/home/airflow/.local/lib/python3.10/site-packages/airflow/models/baseoperator.py", line 401, in wrapper
    return func(self, *args, **kwargs)
  File "/home/airflow/.local/lib/python3.10/site-packages/airflow/decorators/base.py", line 265, in execute
    return_value = super().execute(context)
  File "/home/airflow/.local/lib/python3.10/site-packages/airflow/models/baseoperator.py", line 401, in wrapper
    return func(self, *args, **kwargs)
  File "/home/airflow/.local/lib/python3.10/site-packages/airflow/operators/python.py", line 235, in execute
    return_value = self.execute_callable()
  File "/home/airflow/.local/lib/python3.10/site-packages/airflow/operators/python.py", line 252, in execute_callable
    return self.python_callable(*self.op_args, **self.op_kwargs)
  File "/opt/airflow/dags/datawarehouse/dwh.py", line 49, in staging_table
    raise e
  File "/opt/airflow/dags/datawarehouse/dwh.py", line 31, in staging_table
    insert_rows(cur,conn,schema,row)
  File "/opt/airflow/dags/datawarehouse/data_modification.py", line 36, in insert_rows
    raise e
  File "/opt/airflow/dags/datawarehouse/data_modification.py", line 16, in insert_rows
    cur.execute(
  File "/home/airflow/.local/lib/python3.10/site-packages/psycopg2/extras.py", line 236, in execute
    return super().execute(query, vars)
psycopg2.errors.UndefinedColumn: column "Video_ID" of relation "yt_api" does not exist
LINE 1: INSERT INTO staging.yt_api("Video_ID","Video_Title", "Upload...
                                   ^

[2025-12-14T17:27:32.023+0000] {taskinstance.py:1206} INFO - Marking task as FAILED. dag_id=update_db, task_id=staging_table, run_id=manual__2025-12-14T17:27:28.995605+00:00, execution_date=20251214T172728, start_date=20251214T172731, end_date=20251214T172732
[2025-12-14T17:27:32.052+0000] {standard_task_runner.py:110} ERROR - Failed to execute job 19 for task staging_table (column "Video_ID" of relation "yt_api" does not exist
LINE 1: INSERT INTO staging.yt_api("Video_ID","Video_Title", "Upload...
                                   ^
; 5631)
[2025-12-14T17:27:32.070+0000] {local_task_job_runner.py:240} INFO - Task exited with return code 1
[2025-12-14T17:27:32.113+0000] {taskinstance.py:3503} INFO - 0 downstream tasks scheduled from follow-on schedule check
[2025-12-14T17:27:32.122+0000] {local_task_job_runner.py:222} INFO - ::endgroup::
