[2025-12-20T03:31:05.665+0000] {processor.py:161} INFO - Started process (PID=9396) to work on /opt/airflow/dags/main.py
[2025-12-20T03:31:05.681+0000] {processor.py:830} INFO - Processing file /opt/airflow/dags/main.py for tasks to queue
[2025-12-20T03:31:05.703+0000] {logging_mixin.py:188} INFO - [2025-12-20T03:31:05.702+0000] {dagbag.py:545} INFO - Filling up the DagBag from /opt/airflow/dags/main.py
[2025-12-20T03:31:12.929+0000] {processor.py:840} INFO - DAG(s) 'update_db', 'youtube_video_stats' retrieved from /opt/airflow/dags/main.py
[2025-12-20T03:31:13.320+0000] {logging_mixin.py:188} INFO - [2025-12-20T03:31:13.310+0000] {dag.py:3096} INFO - Sync 2 DAGs
[2025-12-20T03:31:13.524+0000] {logging_mixin.py:188} INFO - [2025-12-20T03:31:13.523+0000] {dag.py:3954} INFO - Setting next_dagrun for update_db to 2025-12-19 15:00:00+00:00, run_after=2025-12-20 15:00:00+00:00
[2025-12-20T03:31:13.622+0000] {logging_mixin.py:188} INFO - [2025-12-20T03:31:13.621+0000] {dag.py:3954} INFO - Setting next_dagrun for youtube_video_stats to 2025-12-19 14:00:00+00:00, run_after=2025-12-20 14:00:00+00:00
[2025-12-20T03:31:14.059+0000] {processor.py:183} INFO - Processing /opt/airflow/dags/main.py took 8.450 seconds
[2025-12-20T03:31:44.998+0000] {processor.py:161} INFO - Started process (PID=9411) to work on /opt/airflow/dags/main.py
[2025-12-20T03:31:45.004+0000] {processor.py:830} INFO - Processing file /opt/airflow/dags/main.py for tasks to queue
[2025-12-20T03:31:45.015+0000] {logging_mixin.py:188} INFO - [2025-12-20T03:31:45.014+0000] {dagbag.py:545} INFO - Filling up the DagBag from /opt/airflow/dags/main.py
[2025-12-20T03:31:46.659+0000] {processor.py:840} INFO - DAG(s) 'youtube_video_stats', 'update_db' retrieved from /opt/airflow/dags/main.py
[2025-12-20T03:31:46.852+0000] {logging_mixin.py:188} INFO - [2025-12-20T03:31:46.842+0000] {dag.py:3096} INFO - Sync 2 DAGs
[2025-12-20T03:31:46.996+0000] {logging_mixin.py:188} INFO - [2025-12-20T03:31:46.995+0000] {dag.py:3954} INFO - Setting next_dagrun for update_db to 2025-12-19 15:00:00+00:00, run_after=2025-12-20 15:00:00+00:00
[2025-12-20T03:31:47.042+0000] {logging_mixin.py:188} INFO - [2025-12-20T03:31:47.033+0000] {dag.py:3954} INFO - Setting next_dagrun for youtube_video_stats to 2025-12-19 14:00:00+00:00, run_after=2025-12-20 14:00:00+00:00
[2025-12-20T03:31:47.147+0000] {processor.py:183} INFO - Processing /opt/airflow/dags/main.py took 2.200 seconds
[2025-12-20T03:32:17.613+0000] {processor.py:161} INFO - Started process (PID=9418) to work on /opt/airflow/dags/main.py
[2025-12-20T03:32:17.621+0000] {processor.py:830} INFO - Processing file /opt/airflow/dags/main.py for tasks to queue
[2025-12-20T03:32:17.633+0000] {logging_mixin.py:188} INFO - [2025-12-20T03:32:17.631+0000] {dagbag.py:545} INFO - Filling up the DagBag from /opt/airflow/dags/main.py
[2025-12-20T03:32:19.262+0000] {processor.py:840} INFO - DAG(s) 'youtube_video_stats', 'update_db' retrieved from /opt/airflow/dags/main.py
[2025-12-20T03:32:19.485+0000] {logging_mixin.py:188} INFO - [2025-12-20T03:32:19.475+0000] {dag.py:3096} INFO - Sync 2 DAGs
[2025-12-20T03:32:19.663+0000] {logging_mixin.py:188} INFO - [2025-12-20T03:32:19.662+0000] {dag.py:3954} INFO - Setting next_dagrun for update_db to 2025-12-19 15:00:00+00:00, run_after=2025-12-20 15:00:00+00:00
[2025-12-20T03:32:19.711+0000] {logging_mixin.py:188} INFO - [2025-12-20T03:32:19.711+0000] {dag.py:3954} INFO - Setting next_dagrun for youtube_video_stats to 2025-12-19 14:00:00+00:00, run_after=2025-12-20 14:00:00+00:00
[2025-12-20T03:32:19.812+0000] {processor.py:183} INFO - Processing /opt/airflow/dags/main.py took 2.248 seconds
[2025-12-20T03:32:50.117+0000] {processor.py:161} INFO - Started process (PID=9425) to work on /opt/airflow/dags/main.py
[2025-12-20T03:32:50.128+0000] {processor.py:830} INFO - Processing file /opt/airflow/dags/main.py for tasks to queue
[2025-12-20T03:32:50.132+0000] {logging_mixin.py:188} INFO - [2025-12-20T03:32:50.131+0000] {dagbag.py:545} INFO - Filling up the DagBag from /opt/airflow/dags/main.py
[2025-12-20T03:32:50.655+0000] {processor.py:840} INFO - DAG(s) 'youtube_video_stats', 'update_db' retrieved from /opt/airflow/dags/main.py
[2025-12-20T03:32:50.845+0000] {logging_mixin.py:188} INFO - [2025-12-20T03:32:50.844+0000] {dag.py:3096} INFO - Sync 2 DAGs
[2025-12-20T03:32:51.003+0000] {logging_mixin.py:188} INFO - [2025-12-20T03:32:51.002+0000] {dag.py:3954} INFO - Setting next_dagrun for update_db to 2025-12-19 15:00:00+00:00, run_after=2025-12-20 15:00:00+00:00
[2025-12-20T03:32:51.053+0000] {logging_mixin.py:188} INFO - [2025-12-20T03:32:51.052+0000] {dag.py:3954} INFO - Setting next_dagrun for youtube_video_stats to 2025-12-19 14:00:00+00:00, run_after=2025-12-20 14:00:00+00:00
[2025-12-20T03:32:51.135+0000] {processor.py:183} INFO - Processing /opt/airflow/dags/main.py took 1.064 seconds
[2025-12-20T03:33:22.758+0000] {processor.py:161} INFO - Started process (PID=9432) to work on /opt/airflow/dags/main.py
[2025-12-20T03:33:22.761+0000] {processor.py:830} INFO - Processing file /opt/airflow/dags/main.py for tasks to queue
[2025-12-20T03:33:22.763+0000] {logging_mixin.py:188} INFO - [2025-12-20T03:33:22.763+0000] {dagbag.py:545} INFO - Filling up the DagBag from /opt/airflow/dags/main.py
[2025-12-20T03:33:28.211+0000] {processor.py:840} INFO - DAG(s) 'youtube_video_stats', 'update_db' retrieved from /opt/airflow/dags/main.py
[2025-12-20T03:33:28.893+0000] {logging_mixin.py:188} INFO - [2025-12-20T03:33:28.893+0000] {dag.py:3096} INFO - Sync 2 DAGs
[2025-12-20T03:33:29.279+0000] {logging_mixin.py:188} INFO - [2025-12-20T03:33:29.279+0000] {dag.py:3954} INFO - Setting next_dagrun for update_db to 2025-12-19 15:00:00+00:00, run_after=2025-12-20 15:00:00+00:00
[2025-12-20T03:33:29.647+0000] {logging_mixin.py:188} INFO - [2025-12-20T03:33:29.647+0000] {dag.py:3954} INFO - Setting next_dagrun for youtube_video_stats to 2025-12-19 14:00:00+00:00, run_after=2025-12-20 14:00:00+00:00
[2025-12-20T03:33:34.075+0000] {processor.py:183} INFO - Processing /opt/airflow/dags/main.py took 11.333 seconds
[2025-12-20T03:34:05.177+0000] {processor.py:161} INFO - Started process (PID=9439) to work on /opt/airflow/dags/main.py
[2025-12-20T03:34:05.181+0000] {processor.py:830} INFO - Processing file /opt/airflow/dags/main.py for tasks to queue
[2025-12-20T03:34:05.186+0000] {logging_mixin.py:188} INFO - [2025-12-20T03:34:05.184+0000] {dagbag.py:545} INFO - Filling up the DagBag from /opt/airflow/dags/main.py
[2025-12-20T03:34:05.842+0000] {processor.py:840} INFO - DAG(s) 'update_db', 'youtube_video_stats' retrieved from /opt/airflow/dags/main.py
[2025-12-20T03:34:06.113+0000] {logging_mixin.py:188} INFO - [2025-12-20T03:34:06.112+0000] {dag.py:3096} INFO - Sync 2 DAGs
[2025-12-20T03:34:06.307+0000] {logging_mixin.py:188} INFO - [2025-12-20T03:34:06.296+0000] {dag.py:3954} INFO - Setting next_dagrun for update_db to 2025-12-19 15:00:00+00:00, run_after=2025-12-20 15:00:00+00:00
[2025-12-20T03:34:06.349+0000] {logging_mixin.py:188} INFO - [2025-12-20T03:34:06.348+0000] {dag.py:3954} INFO - Setting next_dagrun for youtube_video_stats to 2025-12-19 14:00:00+00:00, run_after=2025-12-20 14:00:00+00:00
[2025-12-20T03:34:06.459+0000] {processor.py:183} INFO - Processing /opt/airflow/dags/main.py took 1.330 seconds
[2025-12-20T09:50:35.855+0000] {processor.py:161} INFO - Started process (PID=9440) to work on /opt/airflow/dags/main.py
[2025-12-20T09:50:35.859+0000] {processor.py:830} INFO - Processing file /opt/airflow/dags/main.py for tasks to queue
[2025-12-20T09:50:35.861+0000] {logging_mixin.py:188} INFO - [2025-12-20T09:50:35.861+0000] {dagbag.py:545} INFO - Filling up the DagBag from /opt/airflow/dags/main.py
[2025-12-20T09:50:36.296+0000] {processor.py:840} INFO - DAG(s) 'update_db', 'youtube_video_stats' retrieved from /opt/airflow/dags/main.py
[2025-12-20T09:50:36.421+0000] {logging_mixin.py:188} INFO - [2025-12-20T09:50:36.421+0000] {dag.py:3096} INFO - Sync 2 DAGs
[2025-12-20T09:50:36.525+0000] {logging_mixin.py:188} INFO - [2025-12-20T09:50:36.525+0000] {dag.py:3954} INFO - Setting next_dagrun for update_db to 2025-12-19 15:00:00+00:00, run_after=2025-12-20 15:00:00+00:00
[2025-12-20T09:50:36.561+0000] {logging_mixin.py:188} INFO - [2025-12-20T09:50:36.561+0000] {dag.py:3954} INFO - Setting next_dagrun for youtube_video_stats to 2025-12-19 14:00:00+00:00, run_after=2025-12-20 14:00:00+00:00
[2025-12-20T09:50:36.649+0000] {processor.py:183} INFO - Processing /opt/airflow/dags/main.py took 0.828 seconds
[2025-12-20T09:51:07.344+0000] {processor.py:161} INFO - Started process (PID=9447) to work on /opt/airflow/dags/main.py
[2025-12-20T09:51:07.349+0000] {processor.py:830} INFO - Processing file /opt/airflow/dags/main.py for tasks to queue
[2025-12-20T09:51:07.362+0000] {logging_mixin.py:188} INFO - [2025-12-20T09:51:07.361+0000] {dagbag.py:545} INFO - Filling up the DagBag from /opt/airflow/dags/main.py
[2025-12-20T09:51:07.941+0000] {processor.py:840} INFO - DAG(s) 'update_db', 'youtube_video_stats' retrieved from /opt/airflow/dags/main.py
[2025-12-20T09:51:08.205+0000] {logging_mixin.py:188} INFO - [2025-12-20T09:51:08.204+0000] {dag.py:3096} INFO - Sync 2 DAGs
[2025-12-20T09:51:08.379+0000] {logging_mixin.py:188} INFO - [2025-12-20T09:51:08.368+0000] {dag.py:3954} INFO - Setting next_dagrun for update_db to 2025-12-19 15:00:00+00:00, run_after=2025-12-20 15:00:00+00:00
[2025-12-20T09:51:08.426+0000] {logging_mixin.py:188} INFO - [2025-12-20T09:51:08.420+0000] {dag.py:3954} INFO - Setting next_dagrun for youtube_video_stats to 2025-12-19 14:00:00+00:00, run_after=2025-12-20 14:00:00+00:00
[2025-12-20T09:51:08.508+0000] {processor.py:183} INFO - Processing /opt/airflow/dags/main.py took 1.202 seconds
[2025-12-20T09:51:38.875+0000] {processor.py:161} INFO - Started process (PID=9454) to work on /opt/airflow/dags/main.py
[2025-12-20T09:51:38.881+0000] {processor.py:830} INFO - Processing file /opt/airflow/dags/main.py for tasks to queue
[2025-12-20T09:51:38.885+0000] {logging_mixin.py:188} INFO - [2025-12-20T09:51:38.884+0000] {dagbag.py:545} INFO - Filling up the DagBag from /opt/airflow/dags/main.py
[2025-12-20T09:51:39.380+0000] {processor.py:840} INFO - DAG(s) 'update_db', 'youtube_video_stats' retrieved from /opt/airflow/dags/main.py
[2025-12-20T09:51:39.548+0000] {logging_mixin.py:188} INFO - [2025-12-20T09:51:39.548+0000] {dag.py:3096} INFO - Sync 2 DAGs
[2025-12-20T09:51:39.675+0000] {logging_mixin.py:188} INFO - [2025-12-20T09:51:39.673+0000] {dag.py:3954} INFO - Setting next_dagrun for update_db to 2025-12-19 15:00:00+00:00, run_after=2025-12-20 15:00:00+00:00
[2025-12-20T09:51:39.703+0000] {logging_mixin.py:188} INFO - [2025-12-20T09:51:39.703+0000] {dag.py:3954} INFO - Setting next_dagrun for youtube_video_stats to 2025-12-19 14:00:00+00:00, run_after=2025-12-20 14:00:00+00:00
[2025-12-20T09:51:39.812+0000] {processor.py:183} INFO - Processing /opt/airflow/dags/main.py took 0.959 seconds
[2025-12-20T09:52:10.441+0000] {processor.py:161} INFO - Started process (PID=9468) to work on /opt/airflow/dags/main.py
[2025-12-20T09:52:10.444+0000] {processor.py:830} INFO - Processing file /opt/airflow/dags/main.py for tasks to queue
[2025-12-20T09:52:10.448+0000] {logging_mixin.py:188} INFO - [2025-12-20T09:52:10.447+0000] {dagbag.py:545} INFO - Filling up the DagBag from /opt/airflow/dags/main.py
[2025-12-20T09:52:11.123+0000] {processor.py:840} INFO - DAG(s) 'update_db', 'youtube_video_stats' retrieved from /opt/airflow/dags/main.py
[2025-12-20T09:52:11.343+0000] {logging_mixin.py:188} INFO - [2025-12-20T09:52:11.342+0000] {dag.py:3096} INFO - Sync 2 DAGs
[2025-12-20T09:52:11.522+0000] {logging_mixin.py:188} INFO - [2025-12-20T09:52:11.522+0000] {dag.py:3954} INFO - Setting next_dagrun for update_db to 2025-12-19 15:00:00+00:00, run_after=2025-12-20 15:00:00+00:00
[2025-12-20T09:52:11.571+0000] {logging_mixin.py:188} INFO - [2025-12-20T09:52:11.570+0000] {dag.py:3954} INFO - Setting next_dagrun for youtube_video_stats to 2025-12-19 14:00:00+00:00, run_after=2025-12-20 14:00:00+00:00
[2025-12-20T09:52:11.695+0000] {processor.py:183} INFO - Processing /opt/airflow/dags/main.py took 1.295 seconds
[2025-12-20T09:52:41.893+0000] {processor.py:161} INFO - Started process (PID=9475) to work on /opt/airflow/dags/main.py
[2025-12-20T09:52:41.897+0000] {processor.py:830} INFO - Processing file /opt/airflow/dags/main.py for tasks to queue
[2025-12-20T09:52:41.907+0000] {logging_mixin.py:188} INFO - [2025-12-20T09:52:41.899+0000] {dagbag.py:545} INFO - Filling up the DagBag from /opt/airflow/dags/main.py
[2025-12-20T09:52:42.493+0000] {processor.py:840} INFO - DAG(s) 'update_db', 'youtube_video_stats' retrieved from /opt/airflow/dags/main.py
[2025-12-20T09:52:42.719+0000] {logging_mixin.py:188} INFO - [2025-12-20T09:52:42.718+0000] {dag.py:3096} INFO - Sync 2 DAGs
[2025-12-20T09:52:42.913+0000] {logging_mixin.py:188} INFO - [2025-12-20T09:52:42.912+0000] {dag.py:3954} INFO - Setting next_dagrun for update_db to 2025-12-19 15:00:00+00:00, run_after=2025-12-20 15:00:00+00:00
[2025-12-20T09:52:42.959+0000] {logging_mixin.py:188} INFO - [2025-12-20T09:52:42.958+0000] {dag.py:3954} INFO - Setting next_dagrun for youtube_video_stats to 2025-12-19 14:00:00+00:00, run_after=2025-12-20 14:00:00+00:00
[2025-12-20T09:52:43.079+0000] {processor.py:183} INFO - Processing /opt/airflow/dags/main.py took 1.233 seconds
[2025-12-20T09:53:13.294+0000] {processor.py:161} INFO - Started process (PID=9482) to work on /opt/airflow/dags/main.py
[2025-12-20T09:53:13.298+0000] {processor.py:830} INFO - Processing file /opt/airflow/dags/main.py for tasks to queue
[2025-12-20T09:53:13.302+0000] {logging_mixin.py:188} INFO - [2025-12-20T09:53:13.301+0000] {dagbag.py:545} INFO - Filling up the DagBag from /opt/airflow/dags/main.py
[2025-12-20T09:53:15.261+0000] {processor.py:840} INFO - DAG(s) 'update_db', 'youtube_video_stats' retrieved from /opt/airflow/dags/main.py
[2025-12-20T09:53:15.326+0000] {logging_mixin.py:188} INFO - [2025-12-20T09:53:15.325+0000] {dag.py:3096} INFO - Sync 2 DAGs
[2025-12-20T09:53:15.387+0000] {logging_mixin.py:188} INFO - [2025-12-20T09:53:15.386+0000] {dag.py:3954} INFO - Setting next_dagrun for update_db to 2025-12-19 15:00:00+00:00, run_after=2025-12-20 15:00:00+00:00
[2025-12-20T09:53:15.399+0000] {logging_mixin.py:188} INFO - [2025-12-20T09:53:15.399+0000] {dag.py:3954} INFO - Setting next_dagrun for youtube_video_stats to 2025-12-19 14:00:00+00:00, run_after=2025-12-20 14:00:00+00:00
[2025-12-20T09:53:15.448+0000] {processor.py:183} INFO - Processing /opt/airflow/dags/main.py took 2.176 seconds
[2025-12-20T09:53:46.357+0000] {processor.py:161} INFO - Started process (PID=9489) to work on /opt/airflow/dags/main.py
[2025-12-20T09:53:46.362+0000] {processor.py:830} INFO - Processing file /opt/airflow/dags/main.py for tasks to queue
[2025-12-20T09:53:46.369+0000] {logging_mixin.py:188} INFO - [2025-12-20T09:53:46.366+0000] {dagbag.py:545} INFO - Filling up the DagBag from /opt/airflow/dags/main.py
[2025-12-20T09:53:46.760+0000] {processor.py:840} INFO - DAG(s) 'update_db', 'youtube_video_stats' retrieved from /opt/airflow/dags/main.py
[2025-12-20T09:53:46.906+0000] {logging_mixin.py:188} INFO - [2025-12-20T09:53:46.905+0000] {dag.py:3096} INFO - Sync 2 DAGs
[2025-12-20T09:53:47.041+0000] {logging_mixin.py:188} INFO - [2025-12-20T09:53:47.040+0000] {dag.py:3954} INFO - Setting next_dagrun for update_db to 2025-12-19 15:00:00+00:00, run_after=2025-12-20 15:00:00+00:00
[2025-12-20T09:53:47.079+0000] {logging_mixin.py:188} INFO - [2025-12-20T09:53:47.076+0000] {dag.py:3954} INFO - Setting next_dagrun for youtube_video_stats to 2025-12-19 14:00:00+00:00, run_after=2025-12-20 14:00:00+00:00
[2025-12-20T09:53:47.144+0000] {processor.py:183} INFO - Processing /opt/airflow/dags/main.py took 0.812 seconds
[2025-12-20T09:54:17.627+0000] {processor.py:161} INFO - Started process (PID=9496) to work on /opt/airflow/dags/main.py
[2025-12-20T09:54:17.634+0000] {processor.py:830} INFO - Processing file /opt/airflow/dags/main.py for tasks to queue
[2025-12-20T09:54:17.637+0000] {logging_mixin.py:188} INFO - [2025-12-20T09:54:17.636+0000] {dagbag.py:545} INFO - Filling up the DagBag from /opt/airflow/dags/main.py
[2025-12-20T09:54:18.391+0000] {processor.py:840} INFO - DAG(s) 'update_db', 'youtube_video_stats' retrieved from /opt/airflow/dags/main.py
[2025-12-20T09:54:18.519+0000] {logging_mixin.py:188} INFO - [2025-12-20T09:54:18.519+0000] {dag.py:3096} INFO - Sync 2 DAGs
[2025-12-20T09:54:18.650+0000] {logging_mixin.py:188} INFO - [2025-12-20T09:54:18.649+0000] {dag.py:3954} INFO - Setting next_dagrun for update_db to 2025-12-19 15:00:00+00:00, run_after=2025-12-20 15:00:00+00:00
[2025-12-20T09:54:18.666+0000] {logging_mixin.py:188} INFO - [2025-12-20T09:54:18.665+0000] {dag.py:3954} INFO - Setting next_dagrun for youtube_video_stats to 2025-12-19 14:00:00+00:00, run_after=2025-12-20 14:00:00+00:00
[2025-12-20T09:54:18.718+0000] {processor.py:183} INFO - Processing /opt/airflow/dags/main.py took 1.146 seconds
[2025-12-20T09:54:48.949+0000] {processor.py:161} INFO - Started process (PID=9503) to work on /opt/airflow/dags/main.py
[2025-12-20T09:54:48.953+0000] {processor.py:830} INFO - Processing file /opt/airflow/dags/main.py for tasks to queue
[2025-12-20T09:54:48.955+0000] {logging_mixin.py:188} INFO - [2025-12-20T09:54:48.954+0000] {dagbag.py:545} INFO - Filling up the DagBag from /opt/airflow/dags/main.py
[2025-12-20T09:54:49.281+0000] {processor.py:840} INFO - DAG(s) 'update_db', 'youtube_video_stats' retrieved from /opt/airflow/dags/main.py
[2025-12-20T09:54:49.373+0000] {logging_mixin.py:188} INFO - [2025-12-20T09:54:49.372+0000] {dag.py:3096} INFO - Sync 2 DAGs
[2025-12-20T09:54:49.431+0000] {logging_mixin.py:188} INFO - [2025-12-20T09:54:49.431+0000] {dag.py:3954} INFO - Setting next_dagrun for update_db to 2025-12-19 15:00:00+00:00, run_after=2025-12-20 15:00:00+00:00
[2025-12-20T09:54:49.445+0000] {logging_mixin.py:188} INFO - [2025-12-20T09:54:49.445+0000] {dag.py:3954} INFO - Setting next_dagrun for youtube_video_stats to 2025-12-19 14:00:00+00:00, run_after=2025-12-20 14:00:00+00:00
[2025-12-20T09:54:49.537+0000] {processor.py:183} INFO - Processing /opt/airflow/dags/main.py took 0.608 seconds
[2025-12-20T09:55:20.138+0000] {processor.py:161} INFO - Started process (PID=9511) to work on /opt/airflow/dags/main.py
[2025-12-20T09:55:20.141+0000] {processor.py:830} INFO - Processing file /opt/airflow/dags/main.py for tasks to queue
[2025-12-20T09:55:20.145+0000] {logging_mixin.py:188} INFO - [2025-12-20T09:55:20.144+0000] {dagbag.py:545} INFO - Filling up the DagBag from /opt/airflow/dags/main.py
[2025-12-20T09:55:20.648+0000] {processor.py:840} INFO - DAG(s) 'update_db', 'youtube_video_stats' retrieved from /opt/airflow/dags/main.py
[2025-12-20T09:55:20.819+0000] {logging_mixin.py:188} INFO - [2025-12-20T09:55:20.818+0000] {dag.py:3096} INFO - Sync 2 DAGs
[2025-12-20T09:55:20.908+0000] {logging_mixin.py:188} INFO - [2025-12-20T09:55:20.908+0000] {dag.py:3954} INFO - Setting next_dagrun for update_db to 2025-12-19 15:00:00+00:00, run_after=2025-12-20 15:00:00+00:00
[2025-12-20T09:55:20.929+0000] {logging_mixin.py:188} INFO - [2025-12-20T09:55:20.928+0000] {dag.py:3954} INFO - Setting next_dagrun for youtube_video_stats to 2025-12-19 14:00:00+00:00, run_after=2025-12-20 14:00:00+00:00
[2025-12-20T09:55:21.001+0000] {processor.py:183} INFO - Processing /opt/airflow/dags/main.py took 0.915 seconds
[2025-12-20T09:55:51.503+0000] {processor.py:161} INFO - Started process (PID=9518) to work on /opt/airflow/dags/main.py
[2025-12-20T09:55:51.507+0000] {processor.py:830} INFO - Processing file /opt/airflow/dags/main.py for tasks to queue
[2025-12-20T09:55:51.515+0000] {logging_mixin.py:188} INFO - [2025-12-20T09:55:51.510+0000] {dagbag.py:545} INFO - Filling up the DagBag from /opt/airflow/dags/main.py
[2025-12-20T09:55:51.890+0000] {processor.py:840} INFO - DAG(s) 'youtube_video_stats', 'update_db' retrieved from /opt/airflow/dags/main.py
[2025-12-20T09:55:52.024+0000] {logging_mixin.py:188} INFO - [2025-12-20T09:55:52.023+0000] {dag.py:3096} INFO - Sync 2 DAGs
[2025-12-20T09:55:52.122+0000] {logging_mixin.py:188} INFO - [2025-12-20T09:55:52.121+0000] {dag.py:3954} INFO - Setting next_dagrun for update_db to 2025-12-19 15:00:00+00:00, run_after=2025-12-20 15:00:00+00:00
[2025-12-20T09:55:52.152+0000] {logging_mixin.py:188} INFO - [2025-12-20T09:55:52.152+0000] {dag.py:3954} INFO - Setting next_dagrun for youtube_video_stats to 2025-12-19 14:00:00+00:00, run_after=2025-12-20 14:00:00+00:00
[2025-12-20T09:55:52.244+0000] {processor.py:183} INFO - Processing /opt/airflow/dags/main.py took 0.770 seconds
[2025-12-20T09:56:22.687+0000] {processor.py:161} INFO - Started process (PID=9525) to work on /opt/airflow/dags/main.py
[2025-12-20T09:56:22.691+0000] {processor.py:830} INFO - Processing file /opt/airflow/dags/main.py for tasks to queue
[2025-12-20T09:56:22.694+0000] {logging_mixin.py:188} INFO - [2025-12-20T09:56:22.694+0000] {dagbag.py:545} INFO - Filling up the DagBag from /opt/airflow/dags/main.py
[2025-12-20T09:56:23.603+0000] {processor.py:840} INFO - DAG(s) 'update_db', 'youtube_video_stats' retrieved from /opt/airflow/dags/main.py
[2025-12-20T09:56:23.799+0000] {logging_mixin.py:188} INFO - [2025-12-20T09:56:23.798+0000] {dag.py:3096} INFO - Sync 2 DAGs
[2025-12-20T09:56:23.936+0000] {logging_mixin.py:188} INFO - [2025-12-20T09:56:23.935+0000] {dag.py:3954} INFO - Setting next_dagrun for update_db to 2025-12-19 15:00:00+00:00, run_after=2025-12-20 15:00:00+00:00
[2025-12-20T09:56:23.972+0000] {logging_mixin.py:188} INFO - [2025-12-20T09:56:23.971+0000] {dag.py:3954} INFO - Setting next_dagrun for youtube_video_stats to 2025-12-19 14:00:00+00:00, run_after=2025-12-20 14:00:00+00:00
[2025-12-20T09:56:24.084+0000] {processor.py:183} INFO - Processing /opt/airflow/dags/main.py took 1.420 seconds
[2025-12-20T09:56:54.429+0000] {processor.py:161} INFO - Started process (PID=9532) to work on /opt/airflow/dags/main.py
[2025-12-20T09:56:54.431+0000] {processor.py:830} INFO - Processing file /opt/airflow/dags/main.py for tasks to queue
[2025-12-20T09:56:54.432+0000] {logging_mixin.py:188} INFO - [2025-12-20T09:56:54.432+0000] {dagbag.py:545} INFO - Filling up the DagBag from /opt/airflow/dags/main.py
[2025-12-20T09:56:54.860+0000] {processor.py:840} INFO - DAG(s) 'youtube_video_stats', 'update_db' retrieved from /opt/airflow/dags/main.py
[2025-12-20T09:56:54.901+0000] {logging_mixin.py:188} INFO - [2025-12-20T09:56:54.901+0000] {dag.py:3096} INFO - Sync 2 DAGs
[2025-12-20T09:56:54.934+0000] {logging_mixin.py:188} INFO - [2025-12-20T09:56:54.933+0000] {dag.py:3954} INFO - Setting next_dagrun for update_db to 2025-12-19 15:00:00+00:00, run_after=2025-12-20 15:00:00+00:00
[2025-12-20T09:56:54.941+0000] {logging_mixin.py:188} INFO - [2025-12-20T09:56:54.941+0000] {dag.py:3954} INFO - Setting next_dagrun for youtube_video_stats to 2025-12-19 14:00:00+00:00, run_after=2025-12-20 14:00:00+00:00
[2025-12-20T09:56:55.009+0000] {processor.py:183} INFO - Processing /opt/airflow/dags/main.py took 0.589 seconds
[2025-12-20T09:57:25.203+0000] {processor.py:161} INFO - Started process (PID=9539) to work on /opt/airflow/dags/main.py
[2025-12-20T09:57:25.206+0000] {processor.py:830} INFO - Processing file /opt/airflow/dags/main.py for tasks to queue
[2025-12-20T09:57:25.208+0000] {logging_mixin.py:188} INFO - [2025-12-20T09:57:25.208+0000] {dagbag.py:545} INFO - Filling up the DagBag from /opt/airflow/dags/main.py
[2025-12-20T09:57:25.511+0000] {processor.py:840} INFO - DAG(s) 'update_db', 'youtube_video_stats' retrieved from /opt/airflow/dags/main.py
[2025-12-20T09:57:25.601+0000] {logging_mixin.py:188} INFO - [2025-12-20T09:57:25.600+0000] {dag.py:3096} INFO - Sync 2 DAGs
[2025-12-20T09:57:25.681+0000] {logging_mixin.py:188} INFO - [2025-12-20T09:57:25.681+0000] {dag.py:3954} INFO - Setting next_dagrun for update_db to 2025-12-19 15:00:00+00:00, run_after=2025-12-20 15:00:00+00:00
[2025-12-20T09:57:25.697+0000] {logging_mixin.py:188} INFO - [2025-12-20T09:57:25.696+0000] {dag.py:3954} INFO - Setting next_dagrun for youtube_video_stats to 2025-12-19 14:00:00+00:00, run_after=2025-12-20 14:00:00+00:00
[2025-12-20T09:57:25.748+0000] {processor.py:183} INFO - Processing /opt/airflow/dags/main.py took 0.563 seconds
[2025-12-20T09:57:56.216+0000] {processor.py:161} INFO - Started process (PID=9546) to work on /opt/airflow/dags/main.py
[2025-12-20T09:57:56.221+0000] {processor.py:830} INFO - Processing file /opt/airflow/dags/main.py for tasks to queue
[2025-12-20T09:57:56.224+0000] {logging_mixin.py:188} INFO - [2025-12-20T09:57:56.224+0000] {dagbag.py:545} INFO - Filling up the DagBag from /opt/airflow/dags/main.py
[2025-12-20T09:57:56.737+0000] {processor.py:840} INFO - DAG(s) 'youtube_video_stats', 'update_db' retrieved from /opt/airflow/dags/main.py
[2025-12-20T09:57:56.921+0000] {logging_mixin.py:188} INFO - [2025-12-20T09:57:56.920+0000] {dag.py:3096} INFO - Sync 2 DAGs
[2025-12-20T09:57:57.087+0000] {logging_mixin.py:188} INFO - [2025-12-20T09:57:57.086+0000] {dag.py:3954} INFO - Setting next_dagrun for update_db to 2025-12-19 15:00:00+00:00, run_after=2025-12-20 15:00:00+00:00
[2025-12-20T09:57:57.136+0000] {logging_mixin.py:188} INFO - [2025-12-20T09:57:57.135+0000] {dag.py:3954} INFO - Setting next_dagrun for youtube_video_stats to 2025-12-19 14:00:00+00:00, run_after=2025-12-20 14:00:00+00:00
[2025-12-20T09:57:57.211+0000] {processor.py:183} INFO - Processing /opt/airflow/dags/main.py took 1.019 seconds
[2025-12-20T09:58:27.558+0000] {processor.py:161} INFO - Started process (PID=9553) to work on /opt/airflow/dags/main.py
[2025-12-20T09:58:27.560+0000] {processor.py:830} INFO - Processing file /opt/airflow/dags/main.py for tasks to queue
[2025-12-20T09:58:27.562+0000] {logging_mixin.py:188} INFO - [2025-12-20T09:58:27.562+0000] {dagbag.py:545} INFO - Filling up the DagBag from /opt/airflow/dags/main.py
[2025-12-20T09:58:27.809+0000] {processor.py:840} INFO - DAG(s) 'update_db', 'youtube_video_stats' retrieved from /opt/airflow/dags/main.py
[2025-12-20T09:58:27.918+0000] {logging_mixin.py:188} INFO - [2025-12-20T09:58:27.917+0000] {dag.py:3096} INFO - Sync 2 DAGs
[2025-12-20T09:58:27.977+0000] {logging_mixin.py:188} INFO - [2025-12-20T09:58:27.977+0000] {dag.py:3954} INFO - Setting next_dagrun for update_db to 2025-12-19 15:00:00+00:00, run_after=2025-12-20 15:00:00+00:00
[2025-12-20T09:58:28.002+0000] {logging_mixin.py:188} INFO - [2025-12-20T09:58:28.001+0000] {dag.py:3954} INFO - Setting next_dagrun for youtube_video_stats to 2025-12-19 14:00:00+00:00, run_after=2025-12-20 14:00:00+00:00
[2025-12-20T09:58:28.060+0000] {processor.py:183} INFO - Processing /opt/airflow/dags/main.py took 0.516 seconds
[2025-12-20T09:58:58.486+0000] {processor.py:161} INFO - Started process (PID=9561) to work on /opt/airflow/dags/main.py
[2025-12-20T09:58:58.489+0000] {processor.py:830} INFO - Processing file /opt/airflow/dags/main.py for tasks to queue
[2025-12-20T09:58:58.493+0000] {logging_mixin.py:188} INFO - [2025-12-20T09:58:58.491+0000] {dagbag.py:545} INFO - Filling up the DagBag from /opt/airflow/dags/main.py
[2025-12-20T09:58:58.857+0000] {processor.py:840} INFO - DAG(s) 'update_db', 'youtube_video_stats' retrieved from /opt/airflow/dags/main.py
[2025-12-20T09:58:59.021+0000] {logging_mixin.py:188} INFO - [2025-12-20T09:58:59.021+0000] {dag.py:3096} INFO - Sync 2 DAGs
[2025-12-20T09:58:59.130+0000] {logging_mixin.py:188} INFO - [2025-12-20T09:58:59.129+0000] {dag.py:3954} INFO - Setting next_dagrun for update_db to 2025-12-19 15:00:00+00:00, run_after=2025-12-20 15:00:00+00:00
[2025-12-20T09:58:59.157+0000] {logging_mixin.py:188} INFO - [2025-12-20T09:58:59.156+0000] {dag.py:3954} INFO - Setting next_dagrun for youtube_video_stats to 2025-12-19 14:00:00+00:00, run_after=2025-12-20 14:00:00+00:00
[2025-12-20T09:58:59.238+0000] {processor.py:183} INFO - Processing /opt/airflow/dags/main.py took 0.779 seconds
[2025-12-20T09:59:30.167+0000] {processor.py:161} INFO - Started process (PID=9568) to work on /opt/airflow/dags/main.py
[2025-12-20T09:59:30.169+0000] {processor.py:830} INFO - Processing file /opt/airflow/dags/main.py for tasks to queue
[2025-12-20T09:59:30.172+0000] {logging_mixin.py:188} INFO - [2025-12-20T09:59:30.171+0000] {dagbag.py:545} INFO - Filling up the DagBag from /opt/airflow/dags/main.py
[2025-12-20T09:59:30.624+0000] {processor.py:840} INFO - DAG(s) 'update_db', 'youtube_video_stats' retrieved from /opt/airflow/dags/main.py
[2025-12-20T09:59:30.781+0000] {logging_mixin.py:188} INFO - [2025-12-20T09:59:30.779+0000] {dag.py:3096} INFO - Sync 2 DAGs
[2025-12-20T09:59:30.853+0000] {logging_mixin.py:188} INFO - [2025-12-20T09:59:30.852+0000] {dag.py:3954} INFO - Setting next_dagrun for update_db to 2025-12-19 15:00:00+00:00, run_after=2025-12-20 15:00:00+00:00
[2025-12-20T09:59:30.876+0000] {logging_mixin.py:188} INFO - [2025-12-20T09:59:30.876+0000] {dag.py:3954} INFO - Setting next_dagrun for youtube_video_stats to 2025-12-19 14:00:00+00:00, run_after=2025-12-20 14:00:00+00:00
[2025-12-20T09:59:30.923+0000] {processor.py:183} INFO - Processing /opt/airflow/dags/main.py took 0.782 seconds
[2025-12-20T10:00:01.318+0000] {processor.py:161} INFO - Started process (PID=9575) to work on /opt/airflow/dags/main.py
[2025-12-20T10:00:01.322+0000] {processor.py:830} INFO - Processing file /opt/airflow/dags/main.py for tasks to queue
[2025-12-20T10:00:01.325+0000] {logging_mixin.py:188} INFO - [2025-12-20T10:00:01.324+0000] {dagbag.py:545} INFO - Filling up the DagBag from /opt/airflow/dags/main.py
[2025-12-20T10:00:01.643+0000] {processor.py:840} INFO - DAG(s) 'youtube_video_stats', 'update_db' retrieved from /opt/airflow/dags/main.py
[2025-12-20T10:00:01.749+0000] {logging_mixin.py:188} INFO - [2025-12-20T10:00:01.749+0000] {dag.py:3096} INFO - Sync 2 DAGs
[2025-12-20T10:00:01.810+0000] {logging_mixin.py:188} INFO - [2025-12-20T10:00:01.810+0000] {dag.py:3954} INFO - Setting next_dagrun for update_db to 2025-12-19 15:00:00+00:00, run_after=2025-12-20 15:00:00+00:00
[2025-12-20T10:00:01.831+0000] {logging_mixin.py:188} INFO - [2025-12-20T10:00:01.831+0000] {dag.py:3954} INFO - Setting next_dagrun for youtube_video_stats to 2025-12-19 14:00:00+00:00, run_after=2025-12-20 14:00:00+00:00
[2025-12-20T10:00:01.882+0000] {processor.py:183} INFO - Processing /opt/airflow/dags/main.py took 0.584 seconds
[2025-12-20T10:00:32.222+0000] {processor.py:161} INFO - Started process (PID=9582) to work on /opt/airflow/dags/main.py
[2025-12-20T10:00:32.225+0000] {processor.py:830} INFO - Processing file /opt/airflow/dags/main.py for tasks to queue
[2025-12-20T10:00:32.227+0000] {logging_mixin.py:188} INFO - [2025-12-20T10:00:32.226+0000] {dagbag.py:545} INFO - Filling up the DagBag from /opt/airflow/dags/main.py
[2025-12-20T10:00:32.505+0000] {processor.py:840} INFO - DAG(s) 'youtube_video_stats', 'update_db' retrieved from /opt/airflow/dags/main.py
[2025-12-20T10:00:32.589+0000] {logging_mixin.py:188} INFO - [2025-12-20T10:00:32.588+0000] {dag.py:3096} INFO - Sync 2 DAGs
[2025-12-20T10:00:32.639+0000] {logging_mixin.py:188} INFO - [2025-12-20T10:00:32.638+0000] {dag.py:3954} INFO - Setting next_dagrun for update_db to 2025-12-19 15:00:00+00:00, run_after=2025-12-20 15:00:00+00:00
[2025-12-20T10:00:32.649+0000] {logging_mixin.py:188} INFO - [2025-12-20T10:00:32.649+0000] {dag.py:3954} INFO - Setting next_dagrun for youtube_video_stats to 2025-12-19 14:00:00+00:00, run_after=2025-12-20 14:00:00+00:00
[2025-12-20T10:00:32.697+0000] {processor.py:183} INFO - Processing /opt/airflow/dags/main.py took 0.492 seconds
[2025-12-20T10:01:03.215+0000] {processor.py:161} INFO - Started process (PID=9589) to work on /opt/airflow/dags/main.py
[2025-12-20T10:01:03.219+0000] {processor.py:830} INFO - Processing file /opt/airflow/dags/main.py for tasks to queue
[2025-12-20T10:01:03.224+0000] {logging_mixin.py:188} INFO - [2025-12-20T10:01:03.222+0000] {dagbag.py:545} INFO - Filling up the DagBag from /opt/airflow/dags/main.py
[2025-12-20T10:01:03.831+0000] {processor.py:840} INFO - DAG(s) 'youtube_video_stats', 'update_db' retrieved from /opt/airflow/dags/main.py
[2025-12-20T10:01:04.080+0000] {logging_mixin.py:188} INFO - [2025-12-20T10:01:04.079+0000] {dag.py:3096} INFO - Sync 2 DAGs
[2025-12-20T10:01:04.218+0000] {logging_mixin.py:188} INFO - [2025-12-20T10:01:04.217+0000] {dag.py:3954} INFO - Setting next_dagrun for update_db to 2025-12-19 15:00:00+00:00, run_after=2025-12-20 15:00:00+00:00
[2025-12-20T10:01:04.256+0000] {logging_mixin.py:188} INFO - [2025-12-20T10:01:04.255+0000] {dag.py:3954} INFO - Setting next_dagrun for youtube_video_stats to 2025-12-19 14:00:00+00:00, run_after=2025-12-20 14:00:00+00:00
[2025-12-20T10:01:04.365+0000] {processor.py:183} INFO - Processing /opt/airflow/dags/main.py took 1.191 seconds
[2025-12-20T10:01:34.502+0000] {processor.py:161} INFO - Started process (PID=9596) to work on /opt/airflow/dags/main.py
[2025-12-20T10:01:34.504+0000] {processor.py:830} INFO - Processing file /opt/airflow/dags/main.py for tasks to queue
[2025-12-20T10:01:34.506+0000] {logging_mixin.py:188} INFO - [2025-12-20T10:01:34.505+0000] {dagbag.py:545} INFO - Filling up the DagBag from /opt/airflow/dags/main.py
[2025-12-20T10:01:34.738+0000] {processor.py:840} INFO - DAG(s) 'update_db', 'youtube_video_stats' retrieved from /opt/airflow/dags/main.py
[2025-12-20T10:01:34.809+0000] {logging_mixin.py:188} INFO - [2025-12-20T10:01:34.808+0000] {dag.py:3096} INFO - Sync 2 DAGs
[2025-12-20T10:01:34.902+0000] {logging_mixin.py:188} INFO - [2025-12-20T10:01:34.901+0000] {dag.py:3954} INFO - Setting next_dagrun for update_db to 2025-12-19 15:00:00+00:00, run_after=2025-12-20 15:00:00+00:00
[2025-12-20T10:01:34.918+0000] {logging_mixin.py:188} INFO - [2025-12-20T10:01:34.918+0000] {dag.py:3954} INFO - Setting next_dagrun for youtube_video_stats to 2025-12-19 14:00:00+00:00, run_after=2025-12-20 14:00:00+00:00
[2025-12-20T10:01:34.963+0000] {processor.py:183} INFO - Processing /opt/airflow/dags/main.py took 0.476 seconds
[2025-12-20T10:02:05.179+0000] {processor.py:161} INFO - Started process (PID=9603) to work on /opt/airflow/dags/main.py
[2025-12-20T10:02:05.183+0000] {processor.py:830} INFO - Processing file /opt/airflow/dags/main.py for tasks to queue
[2025-12-20T10:02:05.187+0000] {logging_mixin.py:188} INFO - [2025-12-20T10:02:05.185+0000] {dagbag.py:545} INFO - Filling up the DagBag from /opt/airflow/dags/main.py
[2025-12-20T10:02:05.506+0000] {processor.py:840} INFO - DAG(s) 'youtube_video_stats', 'update_db' retrieved from /opt/airflow/dags/main.py
[2025-12-20T10:02:05.607+0000] {logging_mixin.py:188} INFO - [2025-12-20T10:02:05.607+0000] {dag.py:3096} INFO - Sync 2 DAGs
[2025-12-20T10:02:05.677+0000] {logging_mixin.py:188} INFO - [2025-12-20T10:02:05.677+0000] {dag.py:3954} INFO - Setting next_dagrun for update_db to 2025-12-19 15:00:00+00:00, run_after=2025-12-20 15:00:00+00:00
[2025-12-20T10:02:05.696+0000] {logging_mixin.py:188} INFO - [2025-12-20T10:02:05.696+0000] {dag.py:3954} INFO - Setting next_dagrun for youtube_video_stats to 2025-12-19 14:00:00+00:00, run_after=2025-12-20 14:00:00+00:00
[2025-12-20T10:02:05.780+0000] {processor.py:183} INFO - Processing /opt/airflow/dags/main.py took 0.625 seconds
[2025-12-20T10:02:36.206+0000] {processor.py:161} INFO - Started process (PID=9610) to work on /opt/airflow/dags/main.py
[2025-12-20T10:02:36.209+0000] {processor.py:830} INFO - Processing file /opt/airflow/dags/main.py for tasks to queue
[2025-12-20T10:02:36.214+0000] {logging_mixin.py:188} INFO - [2025-12-20T10:02:36.212+0000] {dagbag.py:545} INFO - Filling up the DagBag from /opt/airflow/dags/main.py
[2025-12-20T10:02:36.443+0000] {processor.py:840} INFO - DAG(s) 'youtube_video_stats', 'update_db' retrieved from /opt/airflow/dags/main.py
[2025-12-20T10:02:36.532+0000] {logging_mixin.py:188} INFO - [2025-12-20T10:02:36.532+0000] {dag.py:3096} INFO - Sync 2 DAGs
[2025-12-20T10:02:36.592+0000] {logging_mixin.py:188} INFO - [2025-12-20T10:02:36.591+0000] {dag.py:3954} INFO - Setting next_dagrun for update_db to 2025-12-19 15:00:00+00:00, run_after=2025-12-20 15:00:00+00:00
[2025-12-20T10:02:36.609+0000] {logging_mixin.py:188} INFO - [2025-12-20T10:02:36.608+0000] {dag.py:3954} INFO - Setting next_dagrun for youtube_video_stats to 2025-12-19 14:00:00+00:00, run_after=2025-12-20 14:00:00+00:00
[2025-12-20T10:02:36.647+0000] {processor.py:183} INFO - Processing /opt/airflow/dags/main.py took 0.458 seconds
[2025-12-20T10:03:06.898+0000] {processor.py:161} INFO - Started process (PID=9617) to work on /opt/airflow/dags/main.py
[2025-12-20T10:03:06.901+0000] {processor.py:830} INFO - Processing file /opt/airflow/dags/main.py for tasks to queue
[2025-12-20T10:03:06.903+0000] {logging_mixin.py:188} INFO - [2025-12-20T10:03:06.902+0000] {dagbag.py:545} INFO - Filling up the DagBag from /opt/airflow/dags/main.py
[2025-12-20T10:03:07.186+0000] {processor.py:840} INFO - DAG(s) 'update_db', 'youtube_video_stats' retrieved from /opt/airflow/dags/main.py
[2025-12-20T10:03:07.279+0000] {logging_mixin.py:188} INFO - [2025-12-20T10:03:07.278+0000] {dag.py:3096} INFO - Sync 2 DAGs
[2025-12-20T10:03:07.357+0000] {logging_mixin.py:188} INFO - [2025-12-20T10:03:07.356+0000] {dag.py:3954} INFO - Setting next_dagrun for update_db to 2025-12-19 15:00:00+00:00, run_after=2025-12-20 15:00:00+00:00
[2025-12-20T10:03:07.373+0000] {logging_mixin.py:188} INFO - [2025-12-20T10:03:07.372+0000] {dag.py:3954} INFO - Setting next_dagrun for youtube_video_stats to 2025-12-19 14:00:00+00:00, run_after=2025-12-20 14:00:00+00:00
[2025-12-20T10:03:07.425+0000] {processor.py:183} INFO - Processing /opt/airflow/dags/main.py took 0.543 seconds
[2025-12-20T10:03:37.821+0000] {processor.py:161} INFO - Started process (PID=9624) to work on /opt/airflow/dags/main.py
[2025-12-20T10:03:37.825+0000] {processor.py:830} INFO - Processing file /opt/airflow/dags/main.py for tasks to queue
[2025-12-20T10:03:37.828+0000] {logging_mixin.py:188} INFO - [2025-12-20T10:03:37.827+0000] {dagbag.py:545} INFO - Filling up the DagBag from /opt/airflow/dags/main.py
[2025-12-20T10:03:38.176+0000] {processor.py:840} INFO - DAG(s) 'update_db', 'youtube_video_stats' retrieved from /opt/airflow/dags/main.py
[2025-12-20T10:03:38.327+0000] {logging_mixin.py:188} INFO - [2025-12-20T10:03:38.326+0000] {dag.py:3096} INFO - Sync 2 DAGs
[2025-12-20T10:03:38.434+0000] {logging_mixin.py:188} INFO - [2025-12-20T10:03:38.433+0000] {dag.py:3954} INFO - Setting next_dagrun for update_db to 2025-12-19 15:00:00+00:00, run_after=2025-12-20 15:00:00+00:00
[2025-12-20T10:03:38.463+0000] {logging_mixin.py:188} INFO - [2025-12-20T10:03:38.463+0000] {dag.py:3954} INFO - Setting next_dagrun for youtube_video_stats to 2025-12-19 14:00:00+00:00, run_after=2025-12-20 14:00:00+00:00
[2025-12-20T10:03:38.511+0000] {processor.py:183} INFO - Processing /opt/airflow/dags/main.py took 0.720 seconds
[2025-12-20T10:04:09.293+0000] {processor.py:161} INFO - Started process (PID=9631) to work on /opt/airflow/dags/main.py
[2025-12-20T10:04:09.295+0000] {processor.py:830} INFO - Processing file /opt/airflow/dags/main.py for tasks to queue
[2025-12-20T10:04:09.297+0000] {logging_mixin.py:188} INFO - [2025-12-20T10:04:09.297+0000] {dagbag.py:545} INFO - Filling up the DagBag from /opt/airflow/dags/main.py
[2025-12-20T10:04:09.533+0000] {processor.py:840} INFO - DAG(s) 'youtube_video_stats', 'update_db' retrieved from /opt/airflow/dags/main.py
[2025-12-20T10:04:09.597+0000] {logging_mixin.py:188} INFO - [2025-12-20T10:04:09.597+0000] {dag.py:3096} INFO - Sync 2 DAGs
[2025-12-20T10:04:09.639+0000] {logging_mixin.py:188} INFO - [2025-12-20T10:04:09.638+0000] {dag.py:3954} INFO - Setting next_dagrun for update_db to 2025-12-19 15:00:00+00:00, run_after=2025-12-20 15:00:00+00:00
[2025-12-20T10:04:09.650+0000] {logging_mixin.py:188} INFO - [2025-12-20T10:04:09.650+0000] {dag.py:3954} INFO - Setting next_dagrun for youtube_video_stats to 2025-12-19 14:00:00+00:00, run_after=2025-12-20 14:00:00+00:00
[2025-12-20T10:04:09.682+0000] {processor.py:183} INFO - Processing /opt/airflow/dags/main.py took 0.399 seconds
[2025-12-20T10:04:40.005+0000] {processor.py:161} INFO - Started process (PID=9638) to work on /opt/airflow/dags/main.py
[2025-12-20T10:04:40.008+0000] {processor.py:830} INFO - Processing file /opt/airflow/dags/main.py for tasks to queue
[2025-12-20T10:04:40.010+0000] {logging_mixin.py:188} INFO - [2025-12-20T10:04:40.009+0000] {dagbag.py:545} INFO - Filling up the DagBag from /opt/airflow/dags/main.py
[2025-12-20T10:04:40.290+0000] {processor.py:840} INFO - DAG(s) 'update_db', 'youtube_video_stats' retrieved from /opt/airflow/dags/main.py
[2025-12-20T10:04:40.369+0000] {logging_mixin.py:188} INFO - [2025-12-20T10:04:40.368+0000] {dag.py:3096} INFO - Sync 2 DAGs
[2025-12-20T10:04:40.423+0000] {logging_mixin.py:188} INFO - [2025-12-20T10:04:40.422+0000] {dag.py:3954} INFO - Setting next_dagrun for update_db to 2025-12-19 15:00:00+00:00, run_after=2025-12-20 15:00:00+00:00
[2025-12-20T10:04:40.446+0000] {logging_mixin.py:188} INFO - [2025-12-20T10:04:40.445+0000] {dag.py:3954} INFO - Setting next_dagrun for youtube_video_stats to 2025-12-19 14:00:00+00:00, run_after=2025-12-20 14:00:00+00:00
[2025-12-20T10:04:40.486+0000] {processor.py:183} INFO - Processing /opt/airflow/dags/main.py took 0.492 seconds
[2025-12-20T10:05:10.871+0000] {processor.py:161} INFO - Started process (PID=9645) to work on /opt/airflow/dags/main.py
[2025-12-20T10:05:10.874+0000] {processor.py:830} INFO - Processing file /opt/airflow/dags/main.py for tasks to queue
[2025-12-20T10:05:10.878+0000] {logging_mixin.py:188} INFO - [2025-12-20T10:05:10.877+0000] {dagbag.py:545} INFO - Filling up the DagBag from /opt/airflow/dags/main.py
[2025-12-20T10:05:11.148+0000] {processor.py:840} INFO - DAG(s) 'youtube_video_stats', 'update_db' retrieved from /opt/airflow/dags/main.py
[2025-12-20T10:05:11.233+0000] {logging_mixin.py:188} INFO - [2025-12-20T10:05:11.233+0000] {dag.py:3096} INFO - Sync 2 DAGs
[2025-12-20T10:05:11.293+0000] {logging_mixin.py:188} INFO - [2025-12-20T10:05:11.292+0000] {dag.py:3954} INFO - Setting next_dagrun for update_db to 2025-12-19 15:00:00+00:00, run_after=2025-12-20 15:00:00+00:00
[2025-12-20T10:05:11.311+0000] {logging_mixin.py:188} INFO - [2025-12-20T10:05:11.310+0000] {dag.py:3954} INFO - Setting next_dagrun for youtube_video_stats to 2025-12-19 14:00:00+00:00, run_after=2025-12-20 14:00:00+00:00
[2025-12-20T10:05:11.371+0000] {processor.py:183} INFO - Processing /opt/airflow/dags/main.py took 0.517 seconds
[2025-12-20T12:32:53.968+0000] {processor.py:161} INFO - Started process (PID=9652) to work on /opt/airflow/dags/main.py
[2025-12-20T12:32:53.977+0000] {processor.py:830} INFO - Processing file /opt/airflow/dags/main.py for tasks to queue
[2025-12-20T12:32:53.980+0000] {logging_mixin.py:188} INFO - [2025-12-20T12:32:53.980+0000] {dagbag.py:545} INFO - Filling up the DagBag from /opt/airflow/dags/main.py
[2025-12-20T12:32:55.435+0000] {processor.py:840} INFO - DAG(s) 'update_db', 'youtube_video_stats' retrieved from /opt/airflow/dags/main.py
[2025-12-20T12:32:55.618+0000] {logging_mixin.py:188} INFO - [2025-12-20T12:32:55.618+0000] {dag.py:3096} INFO - Sync 2 DAGs
[2025-12-20T12:32:55.703+0000] {logging_mixin.py:188} INFO - [2025-12-20T12:32:55.702+0000] {dag.py:3954} INFO - Setting next_dagrun for update_db to 2025-12-19 15:00:00+00:00, run_after=2025-12-20 15:00:00+00:00
[2025-12-20T12:32:55.721+0000] {logging_mixin.py:188} INFO - [2025-12-20T12:32:55.720+0000] {dag.py:3954} INFO - Setting next_dagrun for youtube_video_stats to 2025-12-19 14:00:00+00:00, run_after=2025-12-20 14:00:00+00:00
[2025-12-20T12:32:55.828+0000] {processor.py:183} INFO - Processing /opt/airflow/dags/main.py took 1.869 seconds
[2025-12-20T12:33:26.248+0000] {processor.py:161} INFO - Started process (PID=9659) to work on /opt/airflow/dags/main.py
[2025-12-20T12:33:26.250+0000] {processor.py:830} INFO - Processing file /opt/airflow/dags/main.py for tasks to queue
[2025-12-20T12:33:26.251+0000] {logging_mixin.py:188} INFO - [2025-12-20T12:33:26.251+0000] {dagbag.py:545} INFO - Filling up the DagBag from /opt/airflow/dags/main.py
[2025-12-20T12:33:26.384+0000] {processor.py:840} INFO - DAG(s) 'youtube_video_stats', 'update_db' retrieved from /opt/airflow/dags/main.py
[2025-12-20T12:33:26.423+0000] {logging_mixin.py:188} INFO - [2025-12-20T12:33:26.422+0000] {dag.py:3096} INFO - Sync 2 DAGs
[2025-12-20T12:33:26.456+0000] {logging_mixin.py:188} INFO - [2025-12-20T12:33:26.456+0000] {dag.py:3954} INFO - Setting next_dagrun for update_db to 2025-12-19 15:00:00+00:00, run_after=2025-12-20 15:00:00+00:00
[2025-12-20T12:33:26.467+0000] {logging_mixin.py:188} INFO - [2025-12-20T12:33:26.467+0000] {dag.py:3954} INFO - Setting next_dagrun for youtube_video_stats to 2025-12-19 14:00:00+00:00, run_after=2025-12-20 14:00:00+00:00
[2025-12-20T12:33:26.498+0000] {processor.py:183} INFO - Processing /opt/airflow/dags/main.py took 0.258 seconds
[2025-12-20T12:33:56.864+0000] {processor.py:161} INFO - Started process (PID=9666) to work on /opt/airflow/dags/main.py
[2025-12-20T12:33:56.877+0000] {processor.py:830} INFO - Processing file /opt/airflow/dags/main.py for tasks to queue
[2025-12-20T12:33:56.884+0000] {logging_mixin.py:188} INFO - [2025-12-20T12:33:56.883+0000] {dagbag.py:545} INFO - Filling up the DagBag from /opt/airflow/dags/main.py
[2025-12-20T12:33:57.694+0000] {processor.py:840} INFO - DAG(s) 'youtube_video_stats', 'update_db' retrieved from /opt/airflow/dags/main.py
[2025-12-20T12:33:57.845+0000] {logging_mixin.py:188} INFO - [2025-12-20T12:33:57.844+0000] {dag.py:3096} INFO - Sync 2 DAGs
[2025-12-20T12:33:57.969+0000] {logging_mixin.py:188} INFO - [2025-12-20T12:33:57.969+0000] {dag.py:3954} INFO - Setting next_dagrun for update_db to 2025-12-19 15:00:00+00:00, run_after=2025-12-20 15:00:00+00:00
[2025-12-20T12:33:58.003+0000] {logging_mixin.py:188} INFO - [2025-12-20T12:33:58.003+0000] {dag.py:3954} INFO - Setting next_dagrun for youtube_video_stats to 2025-12-19 14:00:00+00:00, run_after=2025-12-20 14:00:00+00:00
[2025-12-20T12:33:58.105+0000] {processor.py:183} INFO - Processing /opt/airflow/dags/main.py took 1.268 seconds
[2025-12-20T12:34:29.099+0000] {processor.py:161} INFO - Started process (PID=9673) to work on /opt/airflow/dags/main.py
[2025-12-20T12:34:29.101+0000] {processor.py:830} INFO - Processing file /opt/airflow/dags/main.py for tasks to queue
[2025-12-20T12:34:29.103+0000] {logging_mixin.py:188} INFO - [2025-12-20T12:34:29.102+0000] {dagbag.py:545} INFO - Filling up the DagBag from /opt/airflow/dags/main.py
[2025-12-20T12:34:29.242+0000] {processor.py:840} INFO - DAG(s) 'youtube_video_stats', 'update_db' retrieved from /opt/airflow/dags/main.py
[2025-12-20T12:34:29.280+0000] {logging_mixin.py:188} INFO - [2025-12-20T12:34:29.280+0000] {dag.py:3096} INFO - Sync 2 DAGs
[2025-12-20T12:34:29.311+0000] {logging_mixin.py:188} INFO - [2025-12-20T12:34:29.311+0000] {dag.py:3954} INFO - Setting next_dagrun for update_db to 2025-12-19 15:00:00+00:00, run_after=2025-12-20 15:00:00+00:00
[2025-12-20T12:34:29.320+0000] {logging_mixin.py:188} INFO - [2025-12-20T12:34:29.319+0000] {dag.py:3954} INFO - Setting next_dagrun for youtube_video_stats to 2025-12-19 14:00:00+00:00, run_after=2025-12-20 14:00:00+00:00
[2025-12-20T12:34:29.357+0000] {processor.py:183} INFO - Processing /opt/airflow/dags/main.py took 0.265 seconds
[2025-12-20T12:34:59.587+0000] {processor.py:161} INFO - Started process (PID=9680) to work on /opt/airflow/dags/main.py
[2025-12-20T12:34:59.589+0000] {processor.py:830} INFO - Processing file /opt/airflow/dags/main.py for tasks to queue
[2025-12-20T12:34:59.590+0000] {logging_mixin.py:188} INFO - [2025-12-20T12:34:59.590+0000] {dagbag.py:545} INFO - Filling up the DagBag from /opt/airflow/dags/main.py
[2025-12-20T12:34:59.704+0000] {processor.py:840} INFO - DAG(s) 'youtube_video_stats', 'update_db' retrieved from /opt/airflow/dags/main.py
[2025-12-20T12:34:59.736+0000] {logging_mixin.py:188} INFO - [2025-12-20T12:34:59.736+0000] {dag.py:3096} INFO - Sync 2 DAGs
[2025-12-20T12:34:59.756+0000] {logging_mixin.py:188} INFO - [2025-12-20T12:34:59.756+0000] {dag.py:3954} INFO - Setting next_dagrun for update_db to 2025-12-19 15:00:00+00:00, run_after=2025-12-20 15:00:00+00:00
[2025-12-20T12:34:59.762+0000] {logging_mixin.py:188} INFO - [2025-12-20T12:34:59.762+0000] {dag.py:3954} INFO - Setting next_dagrun for youtube_video_stats to 2025-12-19 14:00:00+00:00, run_after=2025-12-20 14:00:00+00:00
[2025-12-20T12:34:59.784+0000] {processor.py:183} INFO - Processing /opt/airflow/dags/main.py took 0.204 seconds
[2025-12-20T12:35:29.997+0000] {processor.py:161} INFO - Started process (PID=9687) to work on /opt/airflow/dags/main.py
[2025-12-20T12:35:29.999+0000] {processor.py:830} INFO - Processing file /opt/airflow/dags/main.py for tasks to queue
[2025-12-20T12:35:30.000+0000] {logging_mixin.py:188} INFO - [2025-12-20T12:35:29.999+0000] {dagbag.py:545} INFO - Filling up the DagBag from /opt/airflow/dags/main.py
[2025-12-20T12:35:30.116+0000] {processor.py:840} INFO - DAG(s) 'youtube_video_stats', 'update_db' retrieved from /opt/airflow/dags/main.py
[2025-12-20T12:35:30.146+0000] {logging_mixin.py:188} INFO - [2025-12-20T12:35:30.146+0000] {dag.py:3096} INFO - Sync 2 DAGs
[2025-12-20T12:35:30.166+0000] {logging_mixin.py:188} INFO - [2025-12-20T12:35:30.165+0000] {dag.py:3954} INFO - Setting next_dagrun for update_db to 2025-12-19 15:00:00+00:00, run_after=2025-12-20 15:00:00+00:00
[2025-12-20T12:35:30.171+0000] {logging_mixin.py:188} INFO - [2025-12-20T12:35:30.171+0000] {dag.py:3954} INFO - Setting next_dagrun for youtube_video_stats to 2025-12-19 14:00:00+00:00, run_after=2025-12-20 14:00:00+00:00
[2025-12-20T12:35:30.202+0000] {processor.py:183} INFO - Processing /opt/airflow/dags/main.py took 0.212 seconds
[2025-12-20T12:36:00.441+0000] {processor.py:161} INFO - Started process (PID=9694) to work on /opt/airflow/dags/main.py
[2025-12-20T12:36:00.442+0000] {processor.py:830} INFO - Processing file /opt/airflow/dags/main.py for tasks to queue
[2025-12-20T12:36:00.444+0000] {logging_mixin.py:188} INFO - [2025-12-20T12:36:00.443+0000] {dagbag.py:545} INFO - Filling up the DagBag from /opt/airflow/dags/main.py
[2025-12-20T12:36:00.543+0000] {processor.py:840} INFO - DAG(s) 'youtube_video_stats', 'update_db' retrieved from /opt/airflow/dags/main.py
[2025-12-20T12:36:00.570+0000] {logging_mixin.py:188} INFO - [2025-12-20T12:36:00.570+0000] {dag.py:3096} INFO - Sync 2 DAGs
[2025-12-20T12:36:00.591+0000] {logging_mixin.py:188} INFO - [2025-12-20T12:36:00.591+0000] {dag.py:3954} INFO - Setting next_dagrun for update_db to 2025-12-19 15:00:00+00:00, run_after=2025-12-20 15:00:00+00:00
[2025-12-20T12:36:00.596+0000] {logging_mixin.py:188} INFO - [2025-12-20T12:36:00.596+0000] {dag.py:3954} INFO - Setting next_dagrun for youtube_video_stats to 2025-12-19 14:00:00+00:00, run_after=2025-12-20 14:00:00+00:00
[2025-12-20T12:36:00.620+0000] {processor.py:183} INFO - Processing /opt/airflow/dags/main.py took 0.185 seconds
[2025-12-20T12:36:30.671+0000] {processor.py:161} INFO - Started process (PID=9701) to work on /opt/airflow/dags/main.py
[2025-12-20T12:36:30.673+0000] {processor.py:830} INFO - Processing file /opt/airflow/dags/main.py for tasks to queue
[2025-12-20T12:36:30.674+0000] {logging_mixin.py:188} INFO - [2025-12-20T12:36:30.674+0000] {dagbag.py:545} INFO - Filling up the DagBag from /opt/airflow/dags/main.py
[2025-12-20T12:36:30.777+0000] {processor.py:840} INFO - DAG(s) 'youtube_video_stats', 'update_db' retrieved from /opt/airflow/dags/main.py
[2025-12-20T12:36:30.804+0000] {logging_mixin.py:188} INFO - [2025-12-20T12:36:30.804+0000] {dag.py:3096} INFO - Sync 2 DAGs
[2025-12-20T12:36:30.826+0000] {logging_mixin.py:188} INFO - [2025-12-20T12:36:30.826+0000] {dag.py:3954} INFO - Setting next_dagrun for update_db to 2025-12-19 15:00:00+00:00, run_after=2025-12-20 15:00:00+00:00
[2025-12-20T12:36:30.832+0000] {logging_mixin.py:188} INFO - [2025-12-20T12:36:30.832+0000] {dag.py:3954} INFO - Setting next_dagrun for youtube_video_stats to 2025-12-19 14:00:00+00:00, run_after=2025-12-20 14:00:00+00:00
[2025-12-20T12:36:30.850+0000] {processor.py:183} INFO - Processing /opt/airflow/dags/main.py took 0.185 seconds
[2025-12-20T12:37:01.038+0000] {processor.py:161} INFO - Started process (PID=9708) to work on /opt/airflow/dags/main.py
[2025-12-20T12:37:01.039+0000] {processor.py:830} INFO - Processing file /opt/airflow/dags/main.py for tasks to queue
[2025-12-20T12:37:01.040+0000] {logging_mixin.py:188} INFO - [2025-12-20T12:37:01.040+0000] {dagbag.py:545} INFO - Filling up the DagBag from /opt/airflow/dags/main.py
[2025-12-20T12:37:01.149+0000] {processor.py:840} INFO - DAG(s) 'youtube_video_stats', 'update_db' retrieved from /opt/airflow/dags/main.py
[2025-12-20T12:37:01.183+0000] {logging_mixin.py:188} INFO - [2025-12-20T12:37:01.183+0000] {dag.py:3096} INFO - Sync 2 DAGs
[2025-12-20T12:37:01.203+0000] {logging_mixin.py:188} INFO - [2025-12-20T12:37:01.203+0000] {dag.py:3954} INFO - Setting next_dagrun for update_db to 2025-12-19 15:00:00+00:00, run_after=2025-12-20 15:00:00+00:00
[2025-12-20T12:37:01.208+0000] {logging_mixin.py:188} INFO - [2025-12-20T12:37:01.208+0000] {dag.py:3954} INFO - Setting next_dagrun for youtube_video_stats to 2025-12-19 14:00:00+00:00, run_after=2025-12-20 14:00:00+00:00
[2025-12-20T12:37:01.230+0000] {processor.py:183} INFO - Processing /opt/airflow/dags/main.py took 0.198 seconds
[2025-12-20T12:37:31.470+0000] {processor.py:161} INFO - Started process (PID=9715) to work on /opt/airflow/dags/main.py
[2025-12-20T12:37:31.472+0000] {processor.py:830} INFO - Processing file /opt/airflow/dags/main.py for tasks to queue
[2025-12-20T12:37:31.473+0000] {logging_mixin.py:188} INFO - [2025-12-20T12:37:31.473+0000] {dagbag.py:545} INFO - Filling up the DagBag from /opt/airflow/dags/main.py
[2025-12-20T12:37:31.564+0000] {processor.py:840} INFO - DAG(s) 'youtube_video_stats', 'update_db' retrieved from /opt/airflow/dags/main.py
[2025-12-20T12:37:31.596+0000] {logging_mixin.py:188} INFO - [2025-12-20T12:37:31.596+0000] {dag.py:3096} INFO - Sync 2 DAGs
[2025-12-20T12:37:31.615+0000] {logging_mixin.py:188} INFO - [2025-12-20T12:37:31.615+0000] {dag.py:3954} INFO - Setting next_dagrun for update_db to 2025-12-19 15:00:00+00:00, run_after=2025-12-20 15:00:00+00:00
[2025-12-20T12:37:31.620+0000] {logging_mixin.py:188} INFO - [2025-12-20T12:37:31.619+0000] {dag.py:3954} INFO - Setting next_dagrun for youtube_video_stats to 2025-12-19 14:00:00+00:00, run_after=2025-12-20 14:00:00+00:00
[2025-12-20T12:37:31.641+0000] {processor.py:183} INFO - Processing /opt/airflow/dags/main.py took 0.179 seconds
[2025-12-20T12:38:01.685+0000] {processor.py:161} INFO - Started process (PID=9722) to work on /opt/airflow/dags/main.py
[2025-12-20T12:38:01.686+0000] {processor.py:830} INFO - Processing file /opt/airflow/dags/main.py for tasks to queue
[2025-12-20T12:38:01.687+0000] {logging_mixin.py:188} INFO - [2025-12-20T12:38:01.687+0000] {dagbag.py:545} INFO - Filling up the DagBag from /opt/airflow/dags/main.py
[2025-12-20T12:38:01.810+0000] {processor.py:840} INFO - DAG(s) 'update_db', 'youtube_video_stats' retrieved from /opt/airflow/dags/main.py
[2025-12-20T12:38:01.855+0000] {logging_mixin.py:188} INFO - [2025-12-20T12:38:01.855+0000] {dag.py:3096} INFO - Sync 2 DAGs
[2025-12-20T12:38:01.889+0000] {logging_mixin.py:188} INFO - [2025-12-20T12:38:01.888+0000] {dag.py:3954} INFO - Setting next_dagrun for update_db to 2025-12-19 15:00:00+00:00, run_after=2025-12-20 15:00:00+00:00
[2025-12-20T12:38:01.898+0000] {logging_mixin.py:188} INFO - [2025-12-20T12:38:01.897+0000] {dag.py:3954} INFO - Setting next_dagrun for youtube_video_stats to 2025-12-19 14:00:00+00:00, run_after=2025-12-20 14:00:00+00:00
[2025-12-20T12:38:01.924+0000] {processor.py:183} INFO - Processing /opt/airflow/dags/main.py took 0.247 seconds
[2025-12-20T14:54:42.251+0000] {processor.py:161} INFO - Started process (PID=9729) to work on /opt/airflow/dags/main.py
[2025-12-20T14:54:42.253+0000] {processor.py:830} INFO - Processing file /opt/airflow/dags/main.py for tasks to queue
[2025-12-20T14:54:42.257+0000] {logging_mixin.py:188} INFO - [2025-12-20T14:54:42.256+0000] {dagbag.py:545} INFO - Filling up the DagBag from /opt/airflow/dags/main.py
[2025-12-20T14:54:42.677+0000] {processor.py:840} INFO - DAG(s) 'update_db', 'youtube_video_stats' retrieved from /opt/airflow/dags/main.py
[2025-12-20T14:54:42.803+0000] {logging_mixin.py:188} INFO - [2025-12-20T14:54:42.803+0000] {dag.py:3096} INFO - Sync 2 DAGs
[2025-12-20T14:54:42.912+0000] {logging_mixin.py:188} INFO - [2025-12-20T14:54:42.911+0000] {dag.py:3954} INFO - Setting next_dagrun for update_db to 2025-12-19 15:00:00+00:00, run_after=2025-12-20 15:00:00+00:00
[2025-12-20T14:54:42.942+0000] {logging_mixin.py:188} INFO - [2025-12-20T14:54:42.932+0000] {dag.py:3954} INFO - Setting next_dagrun for youtube_video_stats to 2025-12-20 14:00:00+00:00, run_after=2025-12-21 14:00:00+00:00
[2025-12-20T14:54:43.033+0000] {processor.py:183} INFO - Processing /opt/airflow/dags/main.py took 0.824 seconds
[2025-12-20T14:55:13.846+0000] {processor.py:161} INFO - Started process (PID=9736) to work on /opt/airflow/dags/main.py
[2025-12-20T14:55:13.851+0000] {processor.py:830} INFO - Processing file /opt/airflow/dags/main.py for tasks to queue
[2025-12-20T14:55:13.859+0000] {logging_mixin.py:188} INFO - [2025-12-20T14:55:13.858+0000] {dagbag.py:545} INFO - Filling up the DagBag from /opt/airflow/dags/main.py
[2025-12-20T14:55:14.476+0000] {processor.py:840} INFO - DAG(s) 'update_db', 'youtube_video_stats' retrieved from /opt/airflow/dags/main.py
[2025-12-20T14:55:14.708+0000] {logging_mixin.py:188} INFO - [2025-12-20T14:55:14.707+0000] {dag.py:3096} INFO - Sync 2 DAGs
[2025-12-20T14:55:14.880+0000] {logging_mixin.py:188} INFO - [2025-12-20T14:55:14.880+0000] {dag.py:3954} INFO - Setting next_dagrun for update_db to 2025-12-19 15:00:00+00:00, run_after=2025-12-20 15:00:00+00:00
[2025-12-20T14:55:14.923+0000] {logging_mixin.py:188} INFO - [2025-12-20T14:55:14.922+0000] {dag.py:3954} INFO - Setting next_dagrun for youtube_video_stats to 2025-12-20 14:00:00+00:00, run_after=2025-12-21 14:00:00+00:00
[2025-12-20T14:55:15.070+0000] {processor.py:183} INFO - Processing /opt/airflow/dags/main.py took 1.263 seconds
[2025-12-20T14:55:45.525+0000] {processor.py:161} INFO - Started process (PID=9743) to work on /opt/airflow/dags/main.py
[2025-12-20T14:55:45.527+0000] {processor.py:830} INFO - Processing file /opt/airflow/dags/main.py for tasks to queue
[2025-12-20T14:55:45.529+0000] {logging_mixin.py:188} INFO - [2025-12-20T14:55:45.529+0000] {dagbag.py:545} INFO - Filling up the DagBag from /opt/airflow/dags/main.py
[2025-12-20T14:55:45.685+0000] {processor.py:840} INFO - DAG(s) 'update_db', 'youtube_video_stats' retrieved from /opt/airflow/dags/main.py
[2025-12-20T14:55:45.732+0000] {logging_mixin.py:188} INFO - [2025-12-20T14:55:45.732+0000] {dag.py:3096} INFO - Sync 2 DAGs
[2025-12-20T14:55:45.766+0000] {logging_mixin.py:188} INFO - [2025-12-20T14:55:45.766+0000] {dag.py:3954} INFO - Setting next_dagrun for update_db to 2025-12-19 15:00:00+00:00, run_after=2025-12-20 15:00:00+00:00
[2025-12-20T14:55:45.780+0000] {logging_mixin.py:188} INFO - [2025-12-20T14:55:45.780+0000] {dag.py:3954} INFO - Setting next_dagrun for youtube_video_stats to 2025-12-20 14:00:00+00:00, run_after=2025-12-21 14:00:00+00:00
[2025-12-20T14:55:45.815+0000] {processor.py:183} INFO - Processing /opt/airflow/dags/main.py took 0.298 seconds
[2025-12-20T14:56:16.165+0000] {processor.py:161} INFO - Started process (PID=9750) to work on /opt/airflow/dags/main.py
[2025-12-20T14:56:16.168+0000] {processor.py:830} INFO - Processing file /opt/airflow/dags/main.py for tasks to queue
[2025-12-20T14:56:16.169+0000] {logging_mixin.py:188} INFO - [2025-12-20T14:56:16.169+0000] {dagbag.py:545} INFO - Filling up the DagBag from /opt/airflow/dags/main.py
[2025-12-20T14:56:16.319+0000] {processor.py:840} INFO - DAG(s) 'update_db', 'youtube_video_stats' retrieved from /opt/airflow/dags/main.py
[2025-12-20T14:56:16.376+0000] {logging_mixin.py:188} INFO - [2025-12-20T14:56:16.375+0000] {dag.py:3096} INFO - Sync 2 DAGs
[2025-12-20T14:56:16.409+0000] {logging_mixin.py:188} INFO - [2025-12-20T14:56:16.409+0000] {dag.py:3954} INFO - Setting next_dagrun for update_db to 2025-12-19 15:00:00+00:00, run_after=2025-12-20 15:00:00+00:00
[2025-12-20T14:56:16.418+0000] {logging_mixin.py:188} INFO - [2025-12-20T14:56:16.417+0000] {dag.py:3954} INFO - Setting next_dagrun for youtube_video_stats to 2025-12-20 14:00:00+00:00, run_after=2025-12-21 14:00:00+00:00
[2025-12-20T14:56:16.443+0000] {processor.py:183} INFO - Processing /opt/airflow/dags/main.py took 0.287 seconds
[2025-12-20T14:56:46.724+0000] {processor.py:161} INFO - Started process (PID=9757) to work on /opt/airflow/dags/main.py
[2025-12-20T14:56:46.726+0000] {processor.py:830} INFO - Processing file /opt/airflow/dags/main.py for tasks to queue
[2025-12-20T14:56:46.728+0000] {logging_mixin.py:188} INFO - [2025-12-20T14:56:46.727+0000] {dagbag.py:545} INFO - Filling up the DagBag from /opt/airflow/dags/main.py
[2025-12-20T14:56:46.896+0000] {processor.py:840} INFO - DAG(s) 'youtube_video_stats', 'update_db' retrieved from /opt/airflow/dags/main.py
[2025-12-20T14:56:46.943+0000] {logging_mixin.py:188} INFO - [2025-12-20T14:56:46.943+0000] {dag.py:3096} INFO - Sync 2 DAGs
[2025-12-20T14:56:46.976+0000] {logging_mixin.py:188} INFO - [2025-12-20T14:56:46.976+0000] {dag.py:3954} INFO - Setting next_dagrun for update_db to 2025-12-19 15:00:00+00:00, run_after=2025-12-20 15:00:00+00:00
[2025-12-20T14:56:46.985+0000] {logging_mixin.py:188} INFO - [2025-12-20T14:56:46.984+0000] {dag.py:3954} INFO - Setting next_dagrun for youtube_video_stats to 2025-12-20 14:00:00+00:00, run_after=2025-12-21 14:00:00+00:00
[2025-12-20T14:56:47.011+0000] {processor.py:183} INFO - Processing /opt/airflow/dags/main.py took 0.297 seconds
[2025-12-20T14:57:17.292+0000] {processor.py:161} INFO - Started process (PID=9764) to work on /opt/airflow/dags/main.py
[2025-12-20T14:57:17.295+0000] {processor.py:830} INFO - Processing file /opt/airflow/dags/main.py for tasks to queue
[2025-12-20T14:57:17.298+0000] {logging_mixin.py:188} INFO - [2025-12-20T14:57:17.297+0000] {dagbag.py:545} INFO - Filling up the DagBag from /opt/airflow/dags/main.py
[2025-12-20T14:57:17.576+0000] {processor.py:840} INFO - DAG(s) 'update_db', 'youtube_video_stats' retrieved from /opt/airflow/dags/main.py
[2025-12-20T14:57:17.663+0000] {logging_mixin.py:188} INFO - [2025-12-20T14:57:17.662+0000] {dag.py:3096} INFO - Sync 2 DAGs
[2025-12-20T14:57:17.719+0000] {logging_mixin.py:188} INFO - [2025-12-20T14:57:17.719+0000] {dag.py:3954} INFO - Setting next_dagrun for update_db to 2025-12-19 15:00:00+00:00, run_after=2025-12-20 15:00:00+00:00
[2025-12-20T14:57:17.735+0000] {logging_mixin.py:188} INFO - [2025-12-20T14:57:17.735+0000] {dag.py:3954} INFO - Setting next_dagrun for youtube_video_stats to 2025-12-20 14:00:00+00:00, run_after=2025-12-21 14:00:00+00:00
[2025-12-20T14:57:17.784+0000] {processor.py:183} INFO - Processing /opt/airflow/dags/main.py took 0.508 seconds
[2025-12-20T14:57:48.074+0000] {processor.py:161} INFO - Started process (PID=9771) to work on /opt/airflow/dags/main.py
[2025-12-20T14:57:48.075+0000] {processor.py:830} INFO - Processing file /opt/airflow/dags/main.py for tasks to queue
[2025-12-20T14:57:48.076+0000] {logging_mixin.py:188} INFO - [2025-12-20T14:57:48.076+0000] {dagbag.py:545} INFO - Filling up the DagBag from /opt/airflow/dags/main.py
[2025-12-20T14:57:48.202+0000] {processor.py:840} INFO - DAG(s) 'update_db', 'youtube_video_stats' retrieved from /opt/airflow/dags/main.py
[2025-12-20T14:57:48.242+0000] {logging_mixin.py:188} INFO - [2025-12-20T14:57:48.242+0000] {dag.py:3096} INFO - Sync 2 DAGs
[2025-12-20T14:57:48.268+0000] {logging_mixin.py:188} INFO - [2025-12-20T14:57:48.268+0000] {dag.py:3954} INFO - Setting next_dagrun for update_db to 2025-12-19 15:00:00+00:00, run_after=2025-12-20 15:00:00+00:00
[2025-12-20T14:57:48.276+0000] {logging_mixin.py:188} INFO - [2025-12-20T14:57:48.275+0000] {dag.py:3954} INFO - Setting next_dagrun for youtube_video_stats to 2025-12-20 14:00:00+00:00, run_after=2025-12-21 14:00:00+00:00
[2025-12-20T14:57:48.299+0000] {processor.py:183} INFO - Processing /opt/airflow/dags/main.py took 0.233 seconds
[2025-12-20T14:58:18.546+0000] {processor.py:161} INFO - Started process (PID=9778) to work on /opt/airflow/dags/main.py
[2025-12-20T14:58:18.547+0000] {processor.py:830} INFO - Processing file /opt/airflow/dags/main.py for tasks to queue
[2025-12-20T14:58:18.549+0000] {logging_mixin.py:188} INFO - [2025-12-20T14:58:18.548+0000] {dagbag.py:545} INFO - Filling up the DagBag from /opt/airflow/dags/main.py
[2025-12-20T14:58:18.671+0000] {processor.py:840} INFO - DAG(s) 'update_db', 'youtube_video_stats' retrieved from /opt/airflow/dags/main.py
[2025-12-20T14:58:18.709+0000] {logging_mixin.py:188} INFO - [2025-12-20T14:58:18.708+0000] {dag.py:3096} INFO - Sync 2 DAGs
[2025-12-20T14:58:18.736+0000] {logging_mixin.py:188} INFO - [2025-12-20T14:58:18.736+0000] {dag.py:3954} INFO - Setting next_dagrun for update_db to 2025-12-19 15:00:00+00:00, run_after=2025-12-20 15:00:00+00:00
[2025-12-20T14:58:18.742+0000] {logging_mixin.py:188} INFO - [2025-12-20T14:58:18.742+0000] {dag.py:3954} INFO - Setting next_dagrun for youtube_video_stats to 2025-12-20 14:00:00+00:00, run_after=2025-12-21 14:00:00+00:00
[2025-12-20T14:58:18.763+0000] {processor.py:183} INFO - Processing /opt/airflow/dags/main.py took 0.223 seconds
[2025-12-20T14:58:49.119+0000] {processor.py:161} INFO - Started process (PID=9785) to work on /opt/airflow/dags/main.py
[2025-12-20T14:58:49.125+0000] {processor.py:830} INFO - Processing file /opt/airflow/dags/main.py for tasks to queue
[2025-12-20T14:58:49.129+0000] {logging_mixin.py:188} INFO - [2025-12-20T14:58:49.128+0000] {dagbag.py:545} INFO - Filling up the DagBag from /opt/airflow/dags/main.py
[2025-12-20T14:58:49.538+0000] {processor.py:840} INFO - DAG(s) 'youtube_video_stats', 'update_db' retrieved from /opt/airflow/dags/main.py
[2025-12-20T14:58:49.685+0000] {logging_mixin.py:188} INFO - [2025-12-20T14:58:49.684+0000] {dag.py:3096} INFO - Sync 2 DAGs
[2025-12-20T14:58:49.832+0000] {logging_mixin.py:188} INFO - [2025-12-20T14:58:49.831+0000] {dag.py:3954} INFO - Setting next_dagrun for update_db to 2025-12-19 15:00:00+00:00, run_after=2025-12-20 15:00:00+00:00
[2025-12-20T14:58:49.896+0000] {logging_mixin.py:188} INFO - [2025-12-20T14:58:49.883+0000] {dag.py:3954} INFO - Setting next_dagrun for youtube_video_stats to 2025-12-20 14:00:00+00:00, run_after=2025-12-21 14:00:00+00:00
[2025-12-20T14:58:49.989+0000] {processor.py:183} INFO - Processing /opt/airflow/dags/main.py took 0.901 seconds
[2025-12-20T17:28:16.999+0000] {processor.py:161} INFO - Started process (PID=9792) to work on /opt/airflow/dags/main.py
[2025-12-20T17:28:17.002+0000] {processor.py:830} INFO - Processing file /opt/airflow/dags/main.py for tasks to queue
[2025-12-20T17:28:17.020+0000] {logging_mixin.py:188} INFO - [2025-12-20T17:28:17.009+0000] {dagbag.py:545} INFO - Filling up the DagBag from /opt/airflow/dags/main.py
[2025-12-20T17:28:18.719+0000] {processor.py:840} INFO - DAG(s) 'update_db', 'youtube_video_stats' retrieved from /opt/airflow/dags/main.py
[2025-12-20T17:28:18.981+0000] {logging_mixin.py:188} INFO - [2025-12-20T17:28:18.980+0000] {dag.py:3096} INFO - Sync 2 DAGs
[2025-12-20T17:28:19.111+0000] {logging_mixin.py:188} INFO - [2025-12-20T17:28:19.110+0000] {dag.py:3954} INFO - Setting next_dagrun for update_db to 2025-12-20 15:00:00+00:00, run_after=2025-12-21 15:00:00+00:00
[2025-12-20T17:28:19.136+0000] {logging_mixin.py:188} INFO - [2025-12-20T17:28:19.136+0000] {dag.py:3954} INFO - Setting next_dagrun for youtube_video_stats to 2025-12-20 14:00:00+00:00, run_after=2025-12-21 14:00:00+00:00
[2025-12-20T17:28:19.239+0000] {processor.py:183} INFO - Processing /opt/airflow/dags/main.py took 2.277 seconds
[2025-12-20T17:28:49.713+0000] {processor.py:161} INFO - Started process (PID=9800) to work on /opt/airflow/dags/main.py
[2025-12-20T17:28:49.757+0000] {processor.py:830} INFO - Processing file /opt/airflow/dags/main.py for tasks to queue
[2025-12-20T17:28:49.812+0000] {logging_mixin.py:188} INFO - [2025-12-20T17:28:49.811+0000] {dagbag.py:545} INFO - Filling up the DagBag from /opt/airflow/dags/main.py
[2025-12-20T17:28:50.804+0000] {processor.py:840} INFO - DAG(s) 'youtube_video_stats', 'update_db' retrieved from /opt/airflow/dags/main.py
[2025-12-20T17:28:51.073+0000] {logging_mixin.py:188} INFO - [2025-12-20T17:28:51.072+0000] {dag.py:3096} INFO - Sync 2 DAGs
[2025-12-20T17:28:51.310+0000] {logging_mixin.py:188} INFO - [2025-12-20T17:28:51.308+0000] {dag.py:3954} INFO - Setting next_dagrun for update_db to 2025-12-20 15:00:00+00:00, run_after=2025-12-21 15:00:00+00:00
[2025-12-20T17:28:51.359+0000] {logging_mixin.py:188} INFO - [2025-12-20T17:28:51.358+0000] {dag.py:3954} INFO - Setting next_dagrun for youtube_video_stats to 2025-12-20 14:00:00+00:00, run_after=2025-12-21 14:00:00+00:00
[2025-12-20T17:28:51.495+0000] {processor.py:183} INFO - Processing /opt/airflow/dags/main.py took 1.822 seconds
[2025-12-20T17:29:22.242+0000] {processor.py:161} INFO - Started process (PID=9807) to work on /opt/airflow/dags/main.py
[2025-12-20T17:29:22.252+0000] {processor.py:830} INFO - Processing file /opt/airflow/dags/main.py for tasks to queue
[2025-12-20T17:29:22.258+0000] {logging_mixin.py:188} INFO - [2025-12-20T17:29:22.256+0000] {dagbag.py:545} INFO - Filling up the DagBag from /opt/airflow/dags/main.py
[2025-12-20T17:29:23.107+0000] {processor.py:840} INFO - DAG(s) 'update_db', 'youtube_video_stats' retrieved from /opt/airflow/dags/main.py
[2025-12-20T17:29:23.371+0000] {logging_mixin.py:188} INFO - [2025-12-20T17:29:23.370+0000] {dag.py:3096} INFO - Sync 2 DAGs
[2025-12-20T17:29:23.596+0000] {logging_mixin.py:188} INFO - [2025-12-20T17:29:23.584+0000] {dag.py:3954} INFO - Setting next_dagrun for update_db to 2025-12-20 15:00:00+00:00, run_after=2025-12-21 15:00:00+00:00
[2025-12-20T17:29:23.636+0000] {logging_mixin.py:188} INFO - [2025-12-20T17:29:23.635+0000] {dag.py:3954} INFO - Setting next_dagrun for youtube_video_stats to 2025-12-20 14:00:00+00:00, run_after=2025-12-21 14:00:00+00:00
[2025-12-20T17:29:23.836+0000] {processor.py:183} INFO - Processing /opt/airflow/dags/main.py took 1.665 seconds
[2025-12-20T17:29:54.408+0000] {processor.py:161} INFO - Started process (PID=9814) to work on /opt/airflow/dags/main.py
[2025-12-20T17:29:54.420+0000] {processor.py:830} INFO - Processing file /opt/airflow/dags/main.py for tasks to queue
[2025-12-20T17:29:54.424+0000] {logging_mixin.py:188} INFO - [2025-12-20T17:29:54.424+0000] {dagbag.py:545} INFO - Filling up the DagBag from /opt/airflow/dags/main.py
[2025-12-20T17:29:55.130+0000] {processor.py:840} INFO - DAG(s) 'youtube_video_stats', 'update_db' retrieved from /opt/airflow/dags/main.py
[2025-12-20T17:29:55.349+0000] {logging_mixin.py:188} INFO - [2025-12-20T17:29:55.348+0000] {dag.py:3096} INFO - Sync 2 DAGs
[2025-12-20T17:29:55.478+0000] {logging_mixin.py:188} INFO - [2025-12-20T17:29:55.477+0000] {dag.py:3954} INFO - Setting next_dagrun for update_db to 2025-12-20 15:00:00+00:00, run_after=2025-12-21 15:00:00+00:00
[2025-12-20T17:29:55.514+0000] {logging_mixin.py:188} INFO - [2025-12-20T17:29:55.513+0000] {dag.py:3954} INFO - Setting next_dagrun for youtube_video_stats to 2025-12-20 14:00:00+00:00, run_after=2025-12-21 14:00:00+00:00
[2025-12-20T17:29:55.605+0000] {processor.py:183} INFO - Processing /opt/airflow/dags/main.py took 1.228 seconds
