[2025-12-16T16:42:57.680+0000] {local_task_job_runner.py:120} INFO - ::group::Pre task execution logs
[2025-12-16T16:42:57.709+0000] {taskinstance.py:2076} INFO - Dependencies all met for dep_context=non-requeueable deps ti=<TaskInstance: update_db.staging_table manual__2025-12-16T16:42:56.486712+00:00 [queued]>
[2025-12-16T16:42:57.719+0000] {taskinstance.py:2076} INFO - Dependencies all met for dep_context=requeueable deps ti=<TaskInstance: update_db.staging_table manual__2025-12-16T16:42:56.486712+00:00 [queued]>
[2025-12-16T16:42:57.722+0000] {taskinstance.py:2306} INFO - Starting attempt 1 of 1
[2025-12-16T16:42:57.738+0000] {taskinstance.py:2330} INFO - Executing <Task(_PythonDecoratedOperator): staging_table> on 2025-12-16 16:42:56.486712+00:00
[2025-12-16T16:42:57.743+0000] {standard_task_runner.py:63} INFO - Started process 7890 to run task
[2025-12-16T16:42:57.747+0000] {standard_task_runner.py:90} INFO - Running: ['airflow', 'tasks', 'run', 'update_db', 'staging_table', 'manual__2025-12-16T16:42:56.486712+00:00', '--job-id', '38', '--raw', '--subdir', 'DAGS_FOLDER/main.py', '--cfg-path', '/tmp/tmpa_kvezda']
[2025-12-16T16:42:57.749+0000] {standard_task_runner.py:91} INFO - Job 38: Subtask staging_table
[2025-12-16T16:42:57.811+0000] {task_command.py:426} INFO - Running <TaskInstance: update_db.staging_table manual__2025-12-16T16:42:56.486712+00:00 [running]> on host 028d998475be
[2025-12-16T16:42:57.908+0000] {taskinstance.py:2648} INFO - Exporting env vars: AIRFLOW_CTX_DAG_EMAIL='data@engineers.com' AIRFLOW_CTX_DAG_OWNER='dataengineers' AIRFLOW_CTX_DAG_ID='update_db' AIRFLOW_CTX_TASK_ID='staging_table' AIRFLOW_CTX_EXECUTION_DATE='2025-12-16T16:42:56.486712+00:00' AIRFLOW_CTX_TRY_NUMBER='1' AIRFLOW_CTX_DAG_RUN_ID='manual__2025-12-16T16:42:56.486712+00:00'
[2025-12-16T16:42:57.910+0000] {taskinstance.py:430} INFO - ::endgroup::
[2025-12-16T16:42:57.928+0000] {base.py:84} INFO - Using connection ID 'postgres_db_yt_elt' for task execution.
[2025-12-16T16:42:57.933+0000] {data_loading.py:12} INFO - Processing file: ENG_data_2025-12-16
[2025-12-16T16:42:57.946+0000] {base.py:84} INFO - Using connection ID 'postgres_db_yt_elt' for task execution.
[2025-12-16T16:42:57.955+0000] {base.py:84} INFO - Using connection ID 'postgres_db_yt_elt' for task execution.
[2025-12-16T16:42:57.966+0000] {dwh.py:48} ERROR - An error occurred during the update of staging table: 'Video_id'
[2025-12-16T16:42:57.967+0000] {taskinstance.py:441} INFO - ::group::Post task execution logs
[2025-12-16T16:42:57.968+0000] {taskinstance.py:2905} ERROR - Task failed with exception
Traceback (most recent call last):
  File "/home/airflow/.local/lib/python3.10/site-packages/airflow/models/taskinstance.py", line 465, in _execute_task
    result = _execute_callable(context=context, **execute_callable_kwargs)
  File "/home/airflow/.local/lib/python3.10/site-packages/airflow/models/taskinstance.py", line 432, in _execute_callable
    return execute_callable(context=context, **execute_callable_kwargs)
  File "/home/airflow/.local/lib/python3.10/site-packages/airflow/models/baseoperator.py", line 401, in wrapper
    return func(self, *args, **kwargs)
  File "/home/airflow/.local/lib/python3.10/site-packages/airflow/decorators/base.py", line 265, in execute
    return_value = super().execute(context)
  File "/home/airflow/.local/lib/python3.10/site-packages/airflow/models/baseoperator.py", line 401, in wrapper
    return func(self, *args, **kwargs)
  File "/home/airflow/.local/lib/python3.10/site-packages/airflow/operators/python.py", line 235, in execute
    return_value = self.execute_callable()
  File "/home/airflow/.local/lib/python3.10/site-packages/airflow/operators/python.py", line 252, in execute_callable
    return self.python_callable(*self.op_args, **self.op_kwargs)
  File "/opt/airflow/dags/datawarehouse/dwh.py", line 49, in staging_table
    raise e
  File "/opt/airflow/dags/datawarehouse/dwh.py", line 34, in staging_table
    if row['Video_id'] in table_ids:
KeyError: 'Video_id'
[2025-12-16T16:42:57.982+0000] {taskinstance.py:1206} INFO - Marking task as FAILED. dag_id=update_db, task_id=staging_table, run_id=manual__2025-12-16T16:42:56.486712+00:00, execution_date=20251216T164256, start_date=20251216T164257, end_date=20251216T164257
[2025-12-16T16:42:57.995+0000] {standard_task_runner.py:110} ERROR - Failed to execute job 38 for task staging_table ('Video_id'; 7890)
[2025-12-16T16:42:58.002+0000] {local_task_job_runner.py:240} INFO - Task exited with return code 1
[2025-12-16T16:42:58.029+0000] {taskinstance.py:3503} INFO - 0 downstream tasks scheduled from follow-on schedule check
[2025-12-16T16:42:58.036+0000] {local_task_job_runner.py:222} INFO - ::endgroup::
